Sending build context to Docker daemon  1.553MB
Step 1/12 : FROM centos:centos7.6.1810
 ---> f1cb7c7d58b7
Step 2/12 : LABEL maintainer=chad.smykay@hpe.com
 ---> Running in 553dea36bcb5
Removing intermediate container 553dea36bcb5
 ---> 747bf14e0efe
Step 3/12 : ARG BUILD_DATE=05-07-2020
 ---> Running in b38ae26f5c19
Removing intermediate container b38ae26f5c19
 ---> c6dc4b9cd5be
Step 4/12 : ARG BUILD_VERSION=10.0
 ---> Running in 707205a3e108
Removing intermediate container 707205a3e108
 ---> 7186de671046
Step 5/12 : LABEL   org.label-schema.build-date=$BUILD_DATE         org.label-schema.name="ess-hpecp-mofed-customer-image:latest"         org.label-schema.description="Mellanox drive enabled docker image for a customer's installed packages"         org.label-schema.url="https:/github.hpe.com"         org.label-schema.vcs-url="https://github.hpe.com/chad-smykay/ess-hpecp-mofed-customer-image"         org.label-schema.vendor="HPE"         org.label-schema.version=$BUILD_VERSION         org.label-schema.docker.cmd="docker run -v csmykay/ess-hpecp-mofed-customer-image:latest-d ess-hpecp-mofed-customer-image:latest"
 ---> Running in 8faccde8cab1
Removing intermediate container 8faccde8cab1
 ---> 0811b4059063
Step 6/12 : RUN yum install -y epel-release
 ---> Running in 86db53dc6df7
Loaded plugins: fastestmirror, ovl
Determining fastest mirrors
 * base: repos-tx.psychz.net
 * extras: mirror.netdepot.com
 * updates: centos.host-engine.com
Resolving Dependencies
--> Running transaction check
---> Package epel-release.noarch 0:7-11 will be installed
--> Finished Dependency Resolution

Dependencies Resolved

================================================================================
 Package                Arch             Version         Repository        Size
================================================================================
Installing:
 epel-release           noarch           7-11            extras            15 k

Transaction Summary
================================================================================
Install  1 Package

Total download size: 15 k
Installed size: 24 k
Downloading packages:
[91mwarning: /var/cache/yum/x86_64/7/extras/packages/epel-release-7-11.noarch.rpm: Header V3 RSA/SHA256 Signature, key ID f4a80eb5: NOKEY
[0mPublic key for epel-release-7-11.noarch.rpm is not installed
Retrieving key from file:///etc/pki/rpm-gpg/RPM-GPG-KEY-CentOS-7
[91mImporting GPG key 0xF4A80EB5:
 Userid     : "CentOS-7 Key (CentOS 7 Official Signing Key) <security@centos.org>"
 Fingerprint: 6341 ab27 53d7 8a78 a7c2 7bb1 24c6 a8a7 f4a8 0eb5
 Package    : centos-release-7-6.1810.2.el7.centos.x86_64 (@CentOS)
 From       : /etc/pki/rpm-gpg/RPM-GPG-KEY-CentOS-7
[0mRunning transaction check
Running transaction test
Transaction test succeeded
Running transaction
  Installing : epel-release-7-11.noarch                                     1/1 
  Verifying  : epel-release-7-11.noarch                                     1/1 

Installed:
  epel-release.noarch 0:7-11                                                    

Complete!
Removing intermediate container 86db53dc6df7
 ---> 0fc410f33ee5
Step 7/12 : COPY CentOS-Base.repo /etc/yum.repos.d
 ---> 68701e481024
Step 8/12 : RUN  yum clean all
 ---> Running in 5c72796e09c7
Loaded plugins: fastestmirror, ovl
Cleaning repos: base epel extras updates
Cleaning up list of fastest mirrors
Removing intermediate container 5c72796e09c7
 ---> 45ea61e82a88
Step 9/12 : RUN rm -rf /var/cache/yum/*
 ---> Running in 3573abcd68f2
Removing intermediate container 3573abcd68f2
 ---> 65039ffef1fc
Step 10/12 : RUN yum repolist --disablerepo=extras --disablerepo=updates
 ---> Running in d9aab6674f1f
Loaded plugins: fastestmirror, ovl
Determining fastest mirrors
 * epel: mirror.dal.nexril.net
repo id            repo name                                              status
base/x86_64        CentOS-7.6.1810 - Base                                 10019
epel/x86_64        Extra Packages for Enterprise Linux 7 - x86_64         13256
repolist: 23275
Removing intermediate container d9aab6674f1f
 ---> 4a5126c5a5f6
Step 11/12 : RUN yum makecache
 ---> Running in 2dd74ee513b2
Loaded plugins: fastestmirror, ovl
Loading mirror speeds from cached hostfile
 * epel: mirror.dal.nexril.net
 * extras: mirror.netdepot.com
 * updates: centos.host-engine.com
Metadata Cache Created
Removing intermediate container 2dd74ee513b2
 ---> e5454cf141d7
Step 12/12 : RUN yum install -y abrt-2.1.11-52.el7.centos.x86_64 abrt-addon-ccpp-2.1.11-52.el7.centos.x86_64 abrt-addon-kerneloops-2.1.11-52.el7.centos.x86_64 abrt-addon-pstoreoops-2.1.11-52.el7.centos.x86_64 abrt-addon-python-2.1.11-52.el7.centos.x86_64 abrt-addon-vmcore-2.1.11-52.el7.centos.x86_64 abrt-addon-xorg-2.1.11-52.el7.centos.x86_64 abrt-cli-2.1.11-52.el7.centos.x86_64 abrt-console-notification-2.1.11-52.el7.centos.x86_64 abrt-dbus-2.1.11-52.el7.centos.x86_64 abrt-libs-2.1.11-52.el7.centos.x86_64 abrt-python-2.1.11-52.el7.centos.x86_64 abrt-retrace-client-2.1.11-52.el7.centos.x86_64 abrt-tui-2.1.11-52.el7.centos.x86_64 acl-2.2.51-14.el7.x86_64 aic94xx-firmware-30-6.el7.noarch alsa-firmware-1.0.28-2.el7.noarch alsa-lib-1.1.6-2.el7.x86_64 alsa-tools-firmware-1.1.0-1.el7.x86_64 apr-1.4.8-3.el7_4.1.x86_64 ar_mgr-1.0-0.42.g750eb1e.46101.x86_64 at-3.1.13-24.el7.x86_64 atk-2.28.1-1.el7.x86_64 attr-2.4.46-13.el7.x86_64 audit-2.8.4-4.el7.x86_64 audit-libs-2.8.4-4.el7.x86_64 augeas-libs-1.4.0-6.el7_6.1.x86_64 authconfig-6.2.8-30.el7.x86_64 autofs-5.0.7-99.el7.x86_64 autogen-libopts-5.18-5.el7.x86_64 avahi-glib-0.6.31-19.el7.x86_64 avahi-libs-0.6.31-19.el7.x86_64 basesystem-10.0-7.el7.centos.noarch bash-4.2.46-31.el7.x86_64 bash-completion-2.1-6.el7.noarch bc-1.06.95-13.el7.x86_64 bind-libs-9.9.4-74.el7_6.2.x86_64 bind-libs-lite-9.9.4-74.el7_6.2.x86_64 bind-license-9.9.4-74.el7_6.2.noarch bind-utils-9.9.4-74.el7_6.2.x86_64 binutils-2.27-34.base.el7.x86_64 biosdevname-0.7.3-1.el7.x86_64 blas-3.4.2-8.el7.x86_64 blktrace-1.0.5-8.el7.x86_64 boost-1.53.0-27.el7.x86_64 boost-atomic-1.53.0-27.el7.x86_64 boost-chrono-1.53.0-27.el7.x86_64 boost-context-1.53.0-27.el7.x86_64 boost-date-time-1.53.0-27.el7.x86_64 boost-filesystem-1.53.0-27.el7.x86_64 boost-graph-1.53.0-27.el7.x86_64 boost-iostreams-1.53.0-27.el7.x86_64 boost-locale-1.53.0-27.el7.x86_64 boost-math-1.53.0-27.el7.x86_64 boost-program-options-1.53.0-27.el7.x86_64 boost-python-1.53.0-27.el7.x86_64 boost-random-1.53.0-27.el7.x86_64 boost-regex-1.53.0-27.el7.x86_64 boost-serialization-1.53.0-27.el7.x86_64 boost-signals-1.53.0-27.el7.x86_64 boost-system-1.53.0-27.el7.x86_64 boost-test-1.53.0-27.el7.x86_64 boost-thread-1.53.0-27.el7.x86_64 boost-timer-1.53.0-27.el7.x86_64 boost-wave-1.53.0-27.el7.x86_64 bridge-utils-1.5-9.el7.x86_64 btrfs-progs-4.9.1-1.el7.x86_64 bzip2-1.0.6-13.el7.x86_64 bzip2-libs-1.0.6-13.el7.x86_64 ca-certificates-2018.2.22-70.0.el7_5.noarch cairo-1.15.12-3.el7.x86_64 c-ares-1.10.0-3.el7.x86_64 cc_mgr-1.0-0.41.g750eb1e.46101.x86_64 centos-indexhtml-7-9.el7.centos.noarch centos-logos-70.0.6-3.el7.centos.noarch centos-release-7-6.1810.2.el7.centos.x86_64 cgdcbxd-1.0.2-7.el7.x86_64 chkconfig-1.7.4-1.el7.x86_64 chrony-3.2-2.el7.x86_64 cifs-utils-6.2-10.el7.x86_64 compat-db47-4.7.25-28.el7.x86_64 compat-db-headers-4.7.25-28.el7.noarch compat-exiv2-023-0.23-2.el7.x86_64 compat-glibc-2.12-4.el7.centos.x86_64 compat-glibc-headers-2.12-4.el7.centos.x86_64 compat-libcap1-1.10-7.el7.x86_64 compat-libf2c-34-3.4.6-32.el7.x86_64 compat-libgfortran-41-4.1.2-44.el7.x86_64 compat-libtiff3-3.9.4-11.el7.x86_64 compat-openldap-2.3.43-5.el7.x86_64 copy-jdk-configs-3.3-10.el7_5.noarch coreutils-8.22-23.el7.x86_64 cpio-2.11-27.el7.x86_64 cpp-4.8.5-36.el7_6.2.x86_64 cracklib-2.9.0-11.el7.x86_64 cracklib-dicts-2.9.0-11.el7.x86_64 crash-7.2.3-8.el7.x86_64 crash-gcore-command-1.3.1-0.el7.x86_64 crash-ptdump-command-1.0.3-2.el7.x86_64 crash-trace-command-2.0-14.el7.x86_64 crda-3.18_2018.05.31-4.el7.x86_64 cronie-1.4.11-20.el7_6.x86_64 cronie-anacron-1.4.11-20.el7_6.x86_64 crontabs-1.11-6.20121102git.el7.noarch cryptsetup-2.0.3-3.el7.x86_64 cryptsetup-libs-2.0.3-3.el7.x86_64 cups-1.6.3-35.el7.x86_64 cups-client-1.6.3-35.el7.x86_64 cups-filesystem-1.6.3-35.el7.noarch cups-filters-1.0.35-22.el7.x86_64 cups-filters-libs-1.0.35-22.el7.x86_64 cups-libs-1.6.3-35.el7.x86_64 curl-7.29.0-51.el7_6.3.x86_64 cyrus-sasl-2.1.26-23.el7.x86_64 cyrus-sasl-lib-2.1.26-23.el7.x86_64 cyrus-sasl-plain-2.1.26-23.el7.x86_64 dapl-2.1.10mlnx-OFED.3.4.2.1.0.46101.x86_64 dapl-devel-2.1.10mlnx-OFED.3.4.2.1.0.46101.x86_64 dapl-devel-static-2.1.10mlnx-OFED.3.4.2.1.0.46101.x86_64 dapl-utils-2.1.10mlnx-OFED.3.4.2.1.0.46101.x86_64 datacenter-gpu-manager-1.7.1-1.x86_64 dbus-1.10.24-13.el7_6.x86_64 dbus-glib-0.100-7.el7.x86_64 dbus-libs-1.10.24-13.el7_6.x86_64 dbus-python-1.1.1-9.el7.x86_64 dejavu-fonts-common-2.33-6.el7.noarch dejavu-sans-fonts-2.33-6.el7.noarch desktop-file-utils-0.23-1.el7.x86_64 device-mapper-1.02.149-10.el7_6.8.x86_64 device-mapper-event-1.02.149-10.el7_6.8.x86_64 device-mapper-event-libs-1.02.149-10.el7_6.8.x86_64 device-mapper-libs-1.02.149-10.el7_6.8.x86_64 device-mapper-multipath-0.4.9-123.el7.x86_64 device-mapper-multipath-libs-0.4.9-123.el7.x86_64 device-mapper-persistent-data-0.7.3-3.el7.x86_64 dhclient-4.2.5-68.el7.centos.1.x86_64 dhcp-common-4.2.5-68.el7.centos.1.x86_64 dhcp-libs-4.2.5-68.el7.centos.1.x86_64 diffutils-3.3-4.el7.x86_64 DiskFree_Check-11.2.0-0.el5.x86_64 dkms-2.6.1-1.el7.noarch dmidecode-3.1-2.el7.x86_64 dmraid-1.0.0.rc16-28.el7.x86_64 dmraid-events-1.0.0.rc16-28.el7.x86_64 dos2unix-6.0.3-7.el7.x86_64 dosfstools-3.0.20-10.el7.x86_64 dracut-033-554.el7.x86_64 dracut-config-rescue-033-554.el7.x86_64 dracut-network-033-554.el7.x86_64 dump_pr-1.0-0.37.g750eb1e.46101.x86_64 dyninst-9.3.1-2.el7.x86_64 e2fsprogs-1.42.9-13.el7.x86_64 e2fsprogs-libs-1.42.9-13.el7.x86_64 ebtables-2.0.10-16.el7.x86_64 ed-1.9-4.el7.x86_64 efibootmgr-17-2.el7.x86_64 efivar-libs-36-11.el7_6.1.x86_64 elfutils-0.172-2.el7.x86_64 elfutils-default-yama-scope-0.172-2.el7.noarch elfutils-libelf-0.172-2.el7.x86_64 elfutils-libelf-devel-0.172-2.el7.x86_64 elfutils-libs-0.172-2.el7.x86_64 emacs-filesystem-24.3-22.el7.noarch ethtool-4.8-9.el7.x86_64 expat-2.1.0-10.el7_3.x86_64 file-5.11-35.el7.x86_64 file-libs-5.11-35.el7.x86_64 filesystem-3.2-25.el7.x86_64 findutils-4.5.11-6.el7.x86_64 fipscheck-1.4.1-6.el7.x86_64 fipscheck-lib-1.4.1-6.el7.x86_64 firewalld-0.5.3-5.el7.noarch firewalld-filesystem-0.5.3-5.el7.noarch flac-libs-1.3.0-5.el7_1.x86_64 fontconfig-2.13.0-4.3.el7.x86_64 fontpackages-filesystem-1.44-8.el7.noarch fprintd-0.8.1-2.el7.x86_64 fprintd-pam-0.8.1-2.el7.x86_64 freeglut-3.0.0-8.el7.x86_64 freetype-2.8-12.el7_6.1.x86_64 fribidi-1.0.2-1.el7.x86_64 ftp-0.17-67.el7.x86_64 fxload-2002_04_11-16.el7.x86_64 ganglia-3.7.2-2.el7.x86_64 ganglia-gmond-3.7.2-2.el7.x86_64 ganglia-gmond-python-3.7.2-2.el7.x86_64 gawk-4.0.2-4.el7_3.1.x86_64 gcc-4.8.5-36.el7_6.2.x86_64 gcc-gfortran-4.8.5-36.el7_6.2.x86_64 GConf2-3.2.6-8.el7.x86_64 gdb-7.6.1-114.el7.x86_64 gdbm-1.10-8.el7.x86_64 gdbm-devel-1.10-8.el7.x86_64 gdisk-0.8.10-2.el7.x86_64 gdk-pixbuf2-2.36.12-3.el7.x86_64 GeoIP-1.5.0-13.el7.x86_64 gettext-0.19.8.1-2.el7.x86_64 gettext-libs-0.19.8.1-2.el7.x86_64 ghostscript-9.07-31.el7_6.11.x86_64 ghostscript-cups-9.07-31.el7_6.11.x86_64 ghostscript-fonts-5.50-32.el7.noarch giflib-4.1.6-9.el7.x86_64 glib2-2.56.1-2.el7.x86_64 glibc-2.17-260.el7_6.6.i686 glibc-2.17-260.el7_6.6.x86_64 glibc-common-2.17-260.el7_6.6.x86_64 glibc-devel-2.17-260.el7_6.6.x86_64 glibc-headers-2.17-260.el7_6.6.x86_64 glx-utils-8.3.0-10.el7.x86_64 gmp-6.0.0-15.el7.x86_64 gnupg2-2.0.22-5.el7_5.x86_64 gnutls-3.3.29-9.el7_6.x86_64 gobject-introspection-1.56.1-1.el7.x86_64 gpgme-1.3.2-5.el7.x86_64 gpm-libs-1.20.7-5.el7.x86_64 graphite2-1.3.10-1.el7_3.x86_64 grep-2.20-3.el7.x86_64 groff-base-1.22.2-8.el7.x86_64 grub2-2.02-0.76.el7.centos.1.x86_64 grub2-common-2.02-0.76.el7.centos.1.noarch grub2-efi-x64-2.02-0.76.el7.centos.1.x86_64 grub2-pc-2.02-0.76.el7.centos.1.x86_64 grub2-pc-modules-2.02-0.76.el7.centos.1.noarch grub2-tools-2.02-0.76.el7.centos.1.x86_64 grub2-tools-extra-2.02-0.76.el7.centos.1.x86_64 grub2-tools-minimal-2.02-0.76.el7.centos.1.x86_64 grubby-8.28-25.el7.x86_64 gsm-1.0.13-11.el7.x86_64 gssproxy-0.7.0-21.el7.x86_64 gtk2-2.24.31-1.el7.x86_64 gtk-update-icon-cache-3.22.30-3.el7.x86_64 gzip-1.5-10.el7.x86_64 hardlink-1.0-19.el7.x86_64 harfbuzz-1.7.5-2.el7.x86_64 hcoll-4.3.2708-1.46101.x86_64 hesiod-3.2.1-3.el7.x86_64 hicolor-icon-theme-0.12-7.el7.noarch hostname-3.13-3.el7.x86_64 hpdiags-10.40.1953-1978.x86_64 hp-health-10.90-1873.8.rhel7.x86_64 hponcfg-5.4.0-0.x86_64 hp-scripting-tools-10.10-53.rhel6.x86_64 hwdata-0.252-9.1.el7.x86_64 ibacm-41mlnx1-OFED.4.3.3.0.0.46101.x86_64 ibdump-5.0.0-3.46101.x86_64 ibsim-0.7mlnx1-0.11.g85c342b.46101.x86_64 ibutils-1.5.7.1-0.12.gdcaeae2.46101.x86_64 ibutils2-2.1.1-0.104.MLNX20190408.gb55795e.46101.x86_64 Infiniband_Check-1.0.2-14.noarch infiniband-diags-5.4.0.MLNX20190422.d1468cd-0.1.46101.x86_64 infiniband-diags-compat-5.4.0.MLNX20190422.d1468cd-0.1.46101.x86_64 info-5.1-5.el7.x86_64 initscripts-9.49.46-1.el7.x86_64 ipmitool-1.8.18-7.el7.x86_64 iproute-4.11.0-14.el7_6.2.x86_64 iprutils-2.4.16.1-1.el7.x86_64 ipset-6.38-3.el7_6.x86_64 ipset-libs-6.38-3.el7_6.x86_64 iptables-1.4.21-28.el7.x86_64 iputils-20160308-10.el7.x86_64 irqbalance-1.0.7-11.el7.x86_64 iscsi-initiator-utils-6.2.0.874-10.el7.x86_64 iscsi-initiator-utils-iscsiuio-6.2.0.874-10.el7.x86_64 ivtv-firmware-20080701-26.el7.noarch iw-4.3-2.el7.x86_64 iwl1000-firmware-39.31.5.1-69.el7.noarch iwl100-firmware-39.31.5.1-69.el7.noarch iwl105-firmware-18.168.6.1-69.el7.noarch iwl135-firmware-18.168.6.1-69.el7.noarch iwl2000-firmware-18.168.6.1-69.el7.noarch iwl2030-firmware-18.168.6.1-69.el7.noarch iwl3160-firmware-22.0.7.0-69.el7.noarch iwl3945-firmware-15.32.2.9-69.el7.noarch iwl4965-firmware-228.61.2.24-69.el7.noarch iwl5000-firmware-8.83.5.1_1-69.el7.noarch iwl5150-firmware-8.24.2.2-69.el7.noarch iwl6000-firmware-9.221.4.1-69.el7.noarch iwl6000g2a-firmware-17.168.5.3-69.el7.noarch iwl6000g2b-firmware-17.168.5.2-69.el7.noarch iwl6050-firmware-41.28.5.1-69.el7.noarch iwl7260-firmware-22.0.7.0-69.el7.noarch iwl7265-firmware-22.0.7.0-69.el7.noarch jansson-2.10-1.el7.x86_64 jasper-libs-1.900.1-33.el7.x86_64 java-1.7.0-openjdk-1.7.0.231-2.6.19.1.el7_6.x86_64 java-1.7.0-openjdk-headless-1.7.0.231-2.6.19.1.el7_6.x86_64 java-1.8.0-openjdk-1.8.0.222.b10-0.el7_6.x86_64 java-1.8.0-openjdk-headless-1.8.0.222.b10-0.el7_6.x86_64 javapackages-tools-3.4.1-11.el7.noarch jbigkit-libs-2.0-11.el7.x86_64 json-c-0.11-4.el7_0.x86_64 kbd-1.15.5-15.el7.x86_64 kbd-legacy-1.15.5-15.el7.noarch kbd-misc-1.15.5-15.el7.noarch kernel-3.10.0-957.27.2.el7.x86_64 kernel-3.10.0-957.el7.x86_64 kernel-devel-3.10.0-957.27.2.el7.x86_64 kernel-devel-3.10.0-957.el7.x86_64 kernel-headers-3.10.0-957.27.2.el7.x86_64 kernel-tools-3.10.0-957.27.2.el7.x86_64 kernel-tools-libs-3.10.0-957.27.2.el7.x86_64 kexec-tools-2.0.15-21.el7_6.4.x86_64 keyutils-1.5.8-3.el7.x86_64 keyutils-libs-1.5.8-3.el7.x86_64 kmod-20-23.el7.x86_64 kmod-iser-4.6-OFED.4.6.1.0.1.1.ga2cfe08.rhel7u6.x86_64 kmod-isert-4.6-OFED.4.6.1.0.1.1.ga2cfe08.rhel7u6.x86_64 kmod-kernel-mft-mlnx-4.12.0-1.rhel7u6.x86_64 kmod-knem-1.1.3.90mlnx1-OFED.4.4.2.5.2.1.g993678c.rhel7u6.x86_64 kmod-libs-20-23.el7.x86_64 kmod-mlnx-ofa_kernel-4.6-OFED.4.6.1.0.1.1.ga2cfe08.rhel7u6.x86_64 kmod-nvidia-latest-dkms-418.87.00-2.el7.x86_64 kmod-rshim-1.6-0.g6aa30c7.rhel7u6.x86_64 kmod-srp-4.6-OFED.4.6.1.0.1.1.ga2cfe08.rhel7u6.x86_64 knem-1.1.3.90mlnx1-OFED.4.4.2.5.2.1.g993678c.rhel7u6.x86_64 kpartx-0.4.9-123.el7.x86_64 kpatch-0.6.1-1.el7.noarch krb5-libs-1.15.1-37.el7_6.x86_64 ksh-20120801-139.el7.x86_64 lapack-3.4.2-8.el7.x86_64 latrace-0.5.11-6.1.el7.x86_64 lcms2-2.6-3.el7.x86_64 ledmon-0.90-1.el7.x86_64 less-458-9.el7.x86_64 libacl-2.2.51-14.el7.x86_64 libaio-0.3.109-13.el7.x86_64 libarchive-3.1.2-10.el7_2.x86_64 libassuan-2.1.0-3.el7.x86_64 libasyncns-0.8-7.el7.x86_64 libattr-2.4.46-13.el7.x86_64 libbasicobjects-0.1.1-32.el7.x86_64 libblkid-2.23.2-59.el7_6.1.x86_64 libcap-2.22-9.el7.x86_64 libcap-ng-0.7.5-4.el7.x86_64 libcgroup-0.41-20.el7.x86_64 libcgroup-tools-0.41-20.el7.x86_64 libcollection-0.7.0-32.el7.x86_64 libcom_err-1.42.9-13.el7.x86_64 libconfig-1.4.9-5.el7.x86_64 libconfuse-2.7-7.el7.x86_64 libcroco-0.6.12-4.el7.x86_64 libcurl-7.29.0-51.el7_6.3.x86_64 libdaemon-0.14-7.el7.x86_64 libdb-5.3.21-24.el7.x86_64 libdb-devel-5.3.21-24.el7.x86_64 libdb-utils-5.3.21-24.el7.x86_64 libdmx-1.1.3-3.el7.x86_64 libdrm-2.4.91-3.el7.x86_64 libdwarf-20130207-4.el7.x86_64 libedit-3.0-12.20121213cvs.el7.x86_64 libepoxy-1.5.2-1.el7.x86_64 liberation-fonts-common-1.07.2-16.el7.noarch liberation-mono-fonts-1.07.2-16.el7.noarch libestr-0.1.9-2.el7.x86_64 libevdev-1.5.6-1.el7.x86_64 libevent-2.0.21-4.el7.x86_64 libfastjson-0.99.4-3.el7.x86_64 libffi-3.0.13-18.el7.x86_64 libfontenc-1.1.3-3.el7.x86_64 libfprint-0.8.2-1.el7.x86_64 libgcc-4.8.5-36.el7_6.2.i686 libgcc-4.8.5-36.el7_6.2.x86_64 libgcrypt-1.5.3-14.el7.x86_64 libgfortran-4.8.5-36.el7_6.2.x86_64 libglvnd-1.0.1-0.8.git5baa1e5.el7.x86_64 libglvnd-egl-1.0.1-0.8.git5baa1e5.el7.x86_64 libglvnd-gles-1.0.1-0.8.git5baa1e5.el7.x86_64 libglvnd-glx-1.0.1-0.8.git5baa1e5.el7.x86_64 libglvnd-opengl-1.0.1-0.8.git5baa1e5.el7.x86_64 libgomp-4.8.5-36.el7_6.2.x86_64 libgpg-error-1.12-3.el7.x86_64 libibcm-41mlnx1-OFED.4.1.0.1.0.46101.x86_64 libibcm-devel-41mlnx1-OFED.4.1.0.1.0.46101.x86_64 libibmad-5.4.0.MLNX20190423.1d917ae-0.1.46101.x86_64 libibmad-devel-5.4.0.MLNX20190423.1d917ae-0.1.46101.x86_64 libibmad-static-5.4.0.MLNX20190423.1d917ae-0.1.46101.x86_64 libibumad-43.1.1.MLNX20190422.87b4d9b-0.1.46101.x86_64 libibumad-devel-43.1.1.MLNX20190422.87b4d9b-0.1.46101.x86_64 libibumad-static-43.1.1.MLNX20190422.87b4d9b-0.1.46101.x86_64 libibverbs-41mlnx1-OFED.4.6.0.4.1.46101.x86_64 libibverbs-devel-41mlnx1-OFED.4.6.0.4.1.46101.x86_64 libibverbs-devel-static-41mlnx1-OFED.4.6.0.4.1.46101.x86_64 libibverbs-utils-41mlnx1-OFED.4.6.0.4.1.46101.x86_64 libICE-1.0.9-9.el7.x86_64 libicu-50.1.2-17.el7.x86_64 libidn-1.28-4.el7.x86_64 libini_config-1.3.1-32.el7.x86_64 libjpeg-turbo-1.2.90-6.el7.x86_64 libldb-1.3.4-1.el7.x86_64 libmcrypt-2.5.8-13.el7.x86_64 libmlx4-41mlnx1-OFED.4.5.0.0.3.46101.x86_64 libmlx4-devel-41mlnx1-OFED.4.5.0.0.3.46101.x86_64 libmlx5-41mlnx1-OFED.4.6.0.0.4.46101.x86_64 libmlx5-devel-41mlnx1-OFED.4.6.0.0.4.46101.x86_64 libmnl-1.0.3-7.el7.x86_64 libmodman-2.0.1-8.el7.x86_64 libmount-2.23.2-59.el7_6.1.x86_64 libmpc-1.0.1-3.el7.x86_64 libnetfilter_conntrack-1.0.6-1.el7_3.x86_64 libnfnetlink-1.0.1-4.el7.x86_64 libnfsidmap-0.25-19.el7.x86_64 libnl-1.1.4-3.el7.x86_64 libnl3-3.2.28-4.el7.x86_64 libnl3-cli-3.2.28-4.el7.x86_64 libogg-1.3.0-7.el7.x86_64 libpath_utils-0.2.1-32.el7.x86_64 libpcap-1.5.3-11.el7.x86_64 libpciaccess-0.14-1.el7.x86_64 libpfm-4.7.0-10.el7.x86_64 libpipeline-1.2.3-3.el7.x86_64 libpng12-1.2.50-10.el7.x86_64 libpng-1.5.13-7.el7_2.x86_64 libproxy-0.4.11-11.el7.x86_64 libpwquality-1.2.3-5.el7.x86_64 libquadmath-4.8.5-36.el7_6.2.x86_64 libquadmath-devel-4.8.5-36.el7_6.2.x86_64 librados2-10.2.5-4.el7.x86_64 librdmacm-41mlnx1-OFED.4.6.0.0.1.46101.x86_64 librdmacm-devel-41mlnx1-OFED.4.6.0.0.1.46101.x86_64 librdmacm-utils-41mlnx1-OFED.4.6.0.0.1.46101.x86_64 libref_array-0.1.5-32.el7.x86_64 libreport-2.1.11-42.el7.centos.x86_64 libreport-centos-2.1.11-42.el7.centos.x86_64 libreport-cli-2.1.11-42.el7.centos.x86_64 libreport-filesystem-2.1.11-42.el7.centos.x86_64 libreport-plugin-mailx-2.1.11-42.el7.centos.x86_64 libreport-plugin-mantisbt-2.1.11-42.el7.centos.x86_64 libreport-plugin-rhtsupport-2.1.11-42.el7.centos.x86_64 libreport-plugin-ureport-2.1.11-42.el7.centos.x86_64 libreport-python-2.1.11-42.el7.centos.x86_64 libreport-web-2.1.11-42.el7.centos.x86_64 librxe-41mlnx1-OFED.4.4.2.4.6.46101.x86_64 librxe-devel-static-41mlnx1-OFED.4.4.2.4.6.46101.x86_64 libseccomp-2.3.1-3.el7.x86_64 libselinux-2.5-14.1.el7.x86_64 libselinux-python-2.5-14.1.el7.x86_64 libselinux-utils-2.5-14.1.el7.x86_64 libsemanage-2.5-14.el7.x86_64 libsepol-2.5-10.el7.x86_64 libSM-1.2.2-2.el7.x86_64 libsmartcols-2.23.2-59.el7_6.1.x86_64 libsmbclient-4.8.3-6.el7_6.x86_64 libsmi-0.4.8-13.el7.x86_64 libsndfile-1.0.25-10.el7.x86_64 libss-1.42.9-13.el7.x86_64 libssh2-1.4.3-12.el7_6.3.x86_64 libsss_idmap-1.16.2-13.el7_6.8.x86_64 libsss_nss_idmap-1.16.2-13.el7_6.8.x86_64 libstdc++-4.8.5-36.el7_6.2.i686 libstdc++-4.8.5-36.el7_6.2.x86_64 libstoragemgmt-1.6.2-4.el7.x86_64 libstoragemgmt-python-1.6.2-4.el7.noarch libstoragemgmt-python-clibs-1.6.2-4.el7.x86_64 libsysfs-2.1.0-16.el7.x86_64 libtalloc-2.1.13-1.el7.x86_64 libtar-1.2.11-29.el7.x86_64 libtasn1-4.10-1.el7.x86_64 libtdb-1.3.15-1.el7.x86_64 libteam-1.27-6.el7_6.1.x86_64 libtevent-0.9.36-1.el7.x86_64 libthai-0.1.14-9.el7.x86_64 libtiff-4.0.3-27.el7_3.x86_64 libtirpc-0.2.4-0.15.el7.x86_64 libtool-ltdl-2.4.2-22.el7_3.x86_64 libunistring-0.9.3-9.el7.x86_64 libusbx-1.0.21-1.el7.x86_64 libuser-0.60-9.el7.x86_64 libutempter-1.1.6-4.el7.x86_64 libuuid-2.23.2-59.el7_6.1.x86_64 libvdpau-1.1.1-3.el7.x86_64 libverto-0.2.5-4.el7.x86_64 libverto-libevent-0.2.5-4.el7.x86_64 libvorbis-1.3.3-8.el7.1.x86_64 libwayland-client-1.15.0-1.el7.x86_64 libwayland-server-1.15.0-1.el7.x86_64 libwbclient-4.8.3-6.el7_6.x86_64 libX11-1.6.5-2.el7.x86_64 libX11-common-1.6.5-2.el7.noarch libx86-1.1-15.el7.x86_64 libXau-1.0.8-2.1.el7.x86_64 libXaw-1.0.13-4.el7.x86_64 libxcb-1.13-1.el7.x86_64 libXcomposite-0.4.4-4.1.el7.x86_64 libXcursor-1.1.15-1.el7.x86_64 libXdamage-1.1.4-4.1.el7.x86_64 libXdmcp-1.1.2-6.el7.x86_64 libXext-1.3.3-3.el7.x86_64 libXfixes-5.0.3-1.el7.x86_64 libXfont-1.5.4-1.el7.x86_64 libXfont2-2.0.3-1.el7.x86_64 libXft-2.3.2-2.el7.x86_64 libXi-1.7.9-1.el7.x86_64 libXinerama-1.1.3-2.1.el7.x86_64 libxkbfile-1.0.9-3.el7.x86_64 libxml2-2.9.1-6.el7_2.3.i686 libxml2-2.9.1-6.el7_2.3.x86_64 libxml2-python-2.9.1-6.el7_2.3.x86_64 libXmu-1.1.2-2.el7.x86_64 libXp-1.0.2-2.1.el7.x86_64 libXpm-3.5.12-1.el7.x86_64 libXrandr-1.5.1-2.el7.x86_64 libXrender-0.9.10-1.el7.x86_64 libxshmfence-1.2-1.el7.x86_64 libxslt-1.1.28-5.el7.x86_64 libXt-1.1.5-3.el7.x86_64 libXtst-1.2.3-1.el7.x86_64 libXv-1.0.11-1.el7.x86_64 libXvMC-1.0.10-1.el7.x86_64 libXxf86dga-1.1.4-2.1.el7.x86_64 libXxf86misc-1.0.3-7.1.el7.x86_64 libXxf86vm-1.1.4-1.el7.x86_64 libyaml-0.1.4-11.el7_0.x86_64 linux-firmware-20180911-69.git85c5d90.el7.noarch lksctp-tools-1.0.17-2.el7.x86_64 lldpad-1.0.1-3.git036e314.el7.x86_64 llvm-private-6.0.1-2.el7.x86_64 lm_sensors-libs-3.4.0-6.20160601gitf9185e5.el7.x86_64 logrotate-3.8.6-17.el7.x86_64 logwatch-7.4.0-35.20130522svn140.el7_5.noarch lshw-B.02.18-12.el7.x86_64 lsof-4.87-6.el7.x86_64 lsscsi-0.27-6.el7.x86_64 ltrace-0.7.91-15.el7.x86_64 lua-5.1.4-15.el7.x86_64 lvm2-2.02.180-10.el7_6.8.x86_64 lvm2-libs-2.02.180-10.el7_6.8.x86_64 lz4-1.7.5-2.el7.x86_64 lzo-2.06-8.el7.x86_64 m4-1.4.16-10.el7.x86_64 mailcap-2.1.41-2.el7.noarch mailx-12.5-19.el7.x86_64 make-3.82-23.el7.x86_64 man-db-2.6.3-11.el7.x86_64 man-pages-3.53-5.el7.noarch man-pages-overrides-7.6.2-1.el7.x86_64 mariadb-libs-5.5.60-1.el7_5.x86_64 mcelog-144-9.94d853b2ea81.el7.x86_64 mdadm-4.1-rc1_2.el7.x86_64 memstomp-0.1.4-11.el7.x86_64 mesa-dri-drivers-18.0.5-4.el7_6.x86_64 mesa-filesystem-18.0.5-4.el7_6.x86_64 mesa-libEGL-18.0.5-4.el7_6.x86_64 mesa-libgbm-18.0.5-4.el7_6.x86_64 mesa-libGL-18.0.5-4.el7_6.x86_64 mesa-libglapi-18.0.5-4.el7_6.x86_64 mesa-libxatracker-18.0.5-4.el7_6.x86_64 mesa-private-llvm-3.9.1-3.el7.x86_64 mft-4.12.0-105.x86_64 microcode_ctl-2.1-47.4.el7_6.x86_64 mlnx-ethtool-4.19-1.46101.x86_64 mlnx-fw-updater-4.6-1.0.1.1.x86_64 mlnx-ofa_kernel-4.6-OFED.4.6.1.0.1.1.ga2cfe08.rhel7u6.x86_64 mlnx-ofa_kernel-devel-4.6-OFED.4.6.1.0.1.1.ga2cfe08.rhel7u6.x86_64 mlnxofed-docs-4.6-1.0.1.1.noarch mlocate-0.26-8.el7.x86_64 mokutil-15-2.el7.centos.x86_64 monitor-edid-3.0-6.el7.x86_64 motif-2.3.4-14.el7_5.x86_64 mozjs17-17.0.0-20.el7.x86_64 mpfr-3.1.1-4.el7.x86_64 mpi-selector-1.0.3-1.46101.x86_64 mpitests_openmpi-3.2.20-e1a0676.46101.x86_64 mstflint-4.11.0-1.14.g840c9c2.46101.x86_64 mtdev-1.1.5-5.el7.x86_64 mtools-4.0.18-5.el7.x86_64 mtr-0.85-7.el7.x86_64 mt-st-1.1-14.el7.x86_64 mxm-3.7.3111-1.46101.x86_64 nagios-nsca-client-2.7.2-3.el6.rf.x86_64 nano-2.3.1-10.el7.x86_64 ncurses-5.9-14.20130511.el7_4.x86_64 ncurses-base-5.9-14.20130511.el7_4.noarch ncurses-libs-5.9-14.20130511.el7_4.i686 ncurses-libs-5.9-14.20130511.el7_4.x86_64 net-snmp-5.7.2-38.el7_6.2.x86_64 net-snmp-agent-libs-5.7.2-38.el7_6.2.x86_64 net-snmp-libs-5.7.2-38.el7_6.2.x86_64 net-snmp-utils-5.7.2-38.el7_6.2.x86_64 nettle-2.7.1-8.el7.x86_64 net-tools-2.0-0.24.20131004git.el7.x86_64 newt-0.52.15-4.el7.x86_64 newt-python-0.52.15-4.el7.x86_64 nfs4-acl-tools-0.3.3-19.el7.x86_64 nfs-utils-1.3.0-0.61.el7.x86_64 nmap-6.40-16.el7.x86_64 nmap-ncat-6.40-16.el7.x86_64 nspr-4.19.0-1.el7_5.x86_64 nss-3.36.0-7.1.el7_6.x86_64 nss-pem-1.0.3-5.el7_6.1.x86_64 nss-softokn-3.36.0-5.el7_5.x86_64 nss-softokn-freebl-3.36.0-5.el7_5.i686 nss-softokn-freebl-3.36.0-5.el7_5.x86_64 nss-sysinit-3.36.0-7.1.el7_6.x86_64 nss-tools-3.36.0-7.1.el7_6.x86_64 nss-util-3.36.0-1.1.el7_6.x86_64 ntp-4.2.6p5-28.el7.centos.x86_64 ntpdate-4.2.6p5-28.el7.centos.x86_64 ntsysv-1.7.4-1.el7.x86_64 numactl-2.0.9-7.el7.x86_64 numactl-libs-2.0.9-7.el7.x86_64 nvidia-driver-latest-dkms-418.87.00-2.el7.x86_64 nvidia-driver-latest-dkms-cuda-418.87.00-2.el7.x86_64 nvidia-driver-latest-dkms-cuda-libs-418.87.00-2.el7.x86_64 nvidia-driver-latest-dkms-devel-418.87.00-2.el7.x86_64 nvidia-driver-latest-dkms-libs-418.87.00-2.el7.x86_64 nvidia-driver-latest-dkms-NvFBCOpenGL-418.87.00-2.el7.x86_64 nvidia-driver-latest-dkms-NVML-418.87.00-2.el7.x86_64 nvidia-modprobe-latest-dkms-418.87.00-2.el7.x86_64 nvidia-persistenced-latest-dkms-418.87.00-2.el7.x86_64 nvidia-xconfig-latest-dkms-418.87.00-2.el7.x86_64 ocmcontroller-201901-1.noarch ocsinventory-agent-2.0.5-8.wg.el7.x86_64 ocsinventory-wgext-1.6-6.el7.noarch ofed-scripts-4.6-OFED.4.6.1.0.1.x86_64 OpenIPMI-2.0.23-2.el7.x86_64 OpenIPMI-libs-2.0.23-2.el7.x86_64 OpenIPMI-modalias-2.0.23-2.el7.x86_64 openjpeg-libs-1.5.1-18.el7.x86_64 openldap-2.4.44-21.el7_6.x86_64 openmpi-4.0.2a1-1.46101.x86_64 opensm-5.4.0.MLNX20190422.ed81811-0.1.46101.x86_64 opensm-devel-5.4.0.MLNX20190422.ed81811-0.1.46101.x86_64 opensm-libs-5.4.0.MLNX20190422.ed81811-0.1.46101.x86_64 opensm-static-5.4.0.MLNX20190422.ed81811-0.1.46101.x86_64 openssh-7.4p1-16.el7.x86_64 openssh-clients-7.4p1-16.el7.x86_64 openssh-server-7.4p1-16.el7.x86_64 openssl098e-0.9.8e-29.el7.centos.3.x86_64 openssl-1.0.2k-16.el7_6.1.x86_64 openssl-libs-1.0.2k-16.el7_6.1.x86_64 os-prober-1.58-9.el7.x86_64 p11-kit-0.23.5-3.el7.x86_64 p11-kit-trust-0.23.5-3.el7.x86_64 pam-1.1.8-22.el7.x86_64 pango-1.42.4-2.el7_6.x86_64 papi-5.2.0-26.el7.x86_64 parted-3.1-29.el7.x86_64 passwd-0.79-4.el7.x86_64 patch-2.7.1-10.el7_5.x86_64 pciutils-3.5.1-3.el7.x86_64 pciutils-libs-3.5.1-3.el7.x86_64 pcre-8.32-17.el7.x86_64 pcsc-lite-libs-1.8.8-8.el7.x86_64 perftest-4.4-0.5.g1ceab48.46101.x86_64 perl-5.16.3-294.el7_6.x86_64 perl-Archive-Extract-0.68-3.el7.noarch perl-Archive-Tar-1.92-2.el7.noarch perl-autodie-2.16-2.el7.noarch perl-Bit-Vector-7.3-3.el7.x86_64 perl-B-Lint-1.17-3.el7.noarch perl-Business-ISBN-2.06-2.el7.noarch perl-Business-ISBN-Data-20120719.001-2.el7.noarch perl-Carp-1.26-244.el7.noarch perl-Carp-Clan-6.04-10.el7.noarch perl-CGI-3.63-4.el7.noarch perl-Compress-Raw-Bzip2-2.061-3.el7.x86_64 perl-Compress-Raw-Zlib-2.061-4.el7.x86_64 perl-constant-1.27-2.el7.noarch perl-Convert-ASN1-0.26-4.el7.noarch perl-core-5.16.3-294.el7_6.x86_64 perl-CPAN-1.9800-294.el7_6.noarch perl-CPAN-Meta-2.120921-5.el7.noarch perl-CPAN-Meta-Requirements-2.122-7.el7.noarch perl-CPAN-Meta-YAML-0.008-14.el7.noarch perl-CPANPLUS-0.91.38-4.el7.noarch perl-CPANPLUS-Dist-Build-0.70-3.el7.noarch perl-Crypt-SSLeay-0.64-5.el7.x86_64 perl-Data-Dumper-2.145-3.el7.x86_64 perl-Date-Calc-6.3-14.el7.noarch perl-Date-Manip-6.41-2.el7.noarch perl-DBD-SQLite-1.39-3.el7.x86_64 perl-DB_File-1.830-6.el7.x86_64 perl-DBI-1.627-4.el7.x86_64 perl-DBIx-Simple-1.35-7.el7.noarch perl-devel-5.16.3-294.el7_6.x86_64 perl-Digest-1.17-245.el7.noarch perl-Digest-MD5-2.52-3.el7.x86_64 perl-Digest-SHA-5.85-4.el7.x86_64 perl-Encode-2.51-7.el7.x86_64 perl-Encode-Locale-1.03-5.el7.noarch perl-Env-1.04-2.el7.noarch perl-Exporter-5.68-3.el7.noarch perl-ExtUtils-CBuilder-0.28.2.6-294.el7_6.noarch perl-ExtUtils-Embed-1.30-294.el7_6.noarch perl-ExtUtils-Install-1.58-294.el7_6.noarch perl-ExtUtils-MakeMaker-6.68-3.el7.noarch perl-ExtUtils-Manifest-1.61-244.el7.noarch perl-ExtUtils-ParseXS-3.18-3.el7.noarch perl-FCGI-0.74-8.el7.x86_64 perl-File-CheckTree-4.42-3.el7.noarch perl-File-Fetch-0.42-2.el7.noarch perl-File-Listing-6.04-7.el7.noarch perl-File-Path-2.09-2.el7.noarch perl-File-Temp-0.23.01-3.el7.noarch perl-Filter-1.49-3.el7.x86_64 perl-Font-AFM-1.20-13.el7.noarch perl-Getopt-Long-2.40-3.el7.noarch perl-HTML-Format-2.10-7.el7.noarch perl-HTML-Parser-3.71-4.el7.x86_64 perl-HTML-Tagset-3.20-15.el7.noarch perl-HTML-Tree-5.03-2.el7.noarch perl-HTTP-Cookies-6.01-5.el7.noarch perl-HTTP-Daemon-6.01-8.el7.noarch perl-HTTP-Date-6.02-8.el7.noarch perl-HTTP-Message-6.06-6.el7.noarch perl-HTTP-Negotiate-6.01-5.el7.noarch perl-HTTP-Tiny-0.033-3.el7.noarch perl-IO-Compress-2.061-2.el7.noarch perl-IO-HTML-1.00-2.el7.noarch perl-IO-Socket-IP-0.21-5.el7.noarch perl-IO-Socket-SSL-1.94-7.el7.noarch perl-IO-stringy-2.110-22.el7.noarch perl-IO-Zlib-1.10-294.el7_6.noarch perl-IPC-Cmd-0.80-4.el7.noarch perl-JSON-PP-2.27202-2.el7.noarch perl-libs-5.16.3-294.el7_6.x86_64 perl-libwww-perl-6.05-2.el7.noarch perl-libxml-perl-0.08-19.el7.noarch perl-Locale-Codes-3.26-2.el7.noarch perl-Locale-Maketext-1.23-3.el7.noarch perl-Locale-Maketext-Simple-0.21-294.el7_6.noarch perl-local-lib-1.008010-4.el7.noarch perl-Log-Message-0.08-3.el7.noarch perl-Log-Message-Simple-0.10-2.el7.noarch perl-LWP-MediaTypes-6.02-2.el7.noarch perl-macros-5.16.3-294.el7_6.x86_64 perl-Module-Build-0.40.05-2.el7.noarch perl-Module-CoreList-2.76.02-294.el7_6.noarch perl-Module-Load-0.24-3.el7.noarch perl-Module-Load-Conditional-0.54-3.el7.noarch perl-Module-Loaded-0.08-294.el7_6.noarch perl-Module-Metadata-1.000018-2.el7.noarch perl-Module-Pluggable-4.8-3.el7.noarch perl-Mozilla-CA-20130114-5.el7.noarch perl-Net-Daemon-0.48-5.el7.noarch perl-Net-HTTP-6.06-2.el7.noarch perl-Net-IP-1.26-4.el7.noarch perl-Net-LibIDN-0.12-15.el7.x86_64 perl-Net-SSLeay-1.55-6.el7.x86_64 perl-Object-Accessor-0.42-294.el7_6.noarch perl-OLE-Storage_Lite-0.19-9.el7.noarch perl-Package-Constants-0.02-294.el7_6.noarch perl-Params-Check-0.38-2.el7.noarch perl-parent-0.225-244.el7.noarch perl-Parse-CPAN-Meta-1.4404-5.el7.noarch perl-Parse-RecDescent-1.967009-5.el7.noarch perl-PathTools-3.40-5.el7.x86_64 perl-Perl-OSType-1.003-3.el7.noarch perl-PlRPC-0.2020-14.el7.noarch perl-Pod-Checker-1.60-2.el7.noarch perl-Pod-Escapes-1.04-294.el7_6.noarch perl-Pod-LaTeX-0.61-2.el7.noarch perl-podlators-2.5.1-3.el7.noarch perl-Pod-Parser-1.61-2.el7.noarch perl-Pod-Perldoc-3.20-4.el7.noarch perl-Pod-Simple-3.28-4.el7.noarch perl-Pod-Usage-1.63-3.el7.noarch perl-Proc-Daemon-0.19-1.el7.noarch perl-Proc-ProcessTable-0.48-1.el7.x86_64 perl-Scalar-List-Utils-1.27-248.el7.x86_64 perl-Socket-2.010-4.el7.x86_64 perl-Spreadsheet-WriteExcel-2.40-1.el7.noarch perl-Storable-2.45-3.el7.x86_64 perl-Sys-CPU-0.54-4.el7.x86_64 perl-Sys-MemInfo-0.91-7.el7.x86_64 perl-Sys-Syslog-0.33-3.el7.x86_64 perl-Term-UI-0.36-2.el7.noarch perl-Test-Harness-3.28-3.el7.noarch perl-Test-Simple-0.98-243.el7.noarch perl-Text-ParseWords-3.29-4.el7.noarch perl-Text-Soundex-3.04-4.el7.x86_64 perl-Text-Unidecode-0.04-20.el7.noarch perl-Thread-Queue-3.02-2.el7.noarch perl-threads-1.87-4.el7.x86_64 perl-threads-shared-1.43-6.el7.x86_64 perl-TimeDate-2.30-2.el7.noarch perl-Time-HiRes-1.9725-3.el7.x86_64 perl-Time-Local-1.2300-2.el7.noarch perl-Time-Piece-1.20.1-294.el7_6.x86_64 perl-URI-1.60-9.el7.noarch perl-version-0.99.07-3.el7.x86_64 perl-Version-Requirements-0.101022-244.el7.noarch perl-WWW-RobotRules-6.02-5.el7.noarch perl-XML-Dumper-0.81-17.el7.noarch perl-XML-Grove-0.46alpha-52.el7.noarch perl-XML-LibXML-2.0018-5.el7.x86_64 perl-XML-NamespaceSupport-1.11-10.el7.noarch perl-XML-Parser-2.41-10.el7.x86_64 perl-XML-SAX-0.99-9.el7.noarch perl-XML-SAX-Base-1.08-7.el7.noarch perl-XML-Simple-2.20-5.el7.noarch perl-XML-Simple-DTDReader-0.04-16.el7.noarch perl-XML-Twig-3.44-2.el7.noarch pinentry-0.8.1-17.el7.x86_64 pinfo-0.6.10-9.el7.x86_64 pixman-0.34.0-1.el7.x86_64 pkgconfig-0.27.1-4.el7.x86_64 plymouth-0.8.9-0.31.20140113.el7.centos.x86_64 plymouth-core-libs-0.8.9-0.31.20140113.el7.centos.x86_64 plymouth-scripts-0.8.9-0.31.20140113.el7.centos.x86_64 pm-utils-1.4.1-27.el7.x86_64 policycoreutils-2.5-29.el7_6.1.x86_64 polkit-0.112-18.el7_6.1.x86_64 polkit-pkla-compat-0.1-4.el7.x86_64 poppler-0.26.5-20.el7.x86_64 poppler-data-0.4.6-3.el7.noarch poppler-utils-0.26.5-20.el7.x86_64 popt-1.13-16.el7.x86_64 portreserve-0.0.5-11.el7.x86_64 postfix-2.10.1-7.el7.x86_64 prelink-0.5.0-9.el7.x86_64 procmail-3.22-36.el7_4.1.x86_64 procps-ng-3.3.10-23.el7.x86_64 psacct-6.6.1-13.el7.x86_64 ps_mem-3.1-7.el7.noarch psmisc-22.20-15.el7.x86_64 pth-2.0.7-23.el7.x86_64 pulseaudio-libs-10.0-5.el7.x86_64 pygobject2-2.28.6-11.el7.x86_64 pygpgme-0.3-9.el7.x86_64 pyliblzma-0.5.3-11.el7.x86_64 pyparsing-1.5.6-9.el7.noarch python-2.7.5-80.el7_6.x86_64 python2-futures-3.1.1-5.el7.noarch python-augeas-0.5.0-2.el7.noarch python-chardet-2.2.1-1.el7_1.noarch python-configobj-4.7.2-7.el7.noarch python-configshell-1.1.fb23-5.el7.noarch python-decorator-3.4.0-3.el7.noarch python-dmidecode-3.12.2-3.el7.x86_64 python-ethtool-0.8-7.el7.x86_64 python-firewall-0.5.3-5.el7.noarch python-gobject-base-3.22.0-1.el7_4.1.x86_64 python-iniparse-0.4-9.el7.noarch python-javapackages-3.4.1-11.el7.noarch python-kitchen-1.1.1-5.el7.noarch python-kmod-0.9-4.el7.x86_64 python-libs-2.7.5-80.el7_6.x86_64 python-linux-procfs-0.4.9-4.el7.noarch python-lxml-3.2.1-4.el7.x86_64 python-perf-3.10.0-957.27.2.el7.x86_64 python-pycurl-7.19.0-19.el7.x86_64 python-pyudev-0.15-9.el7.noarch python-rtslib-2.1.fb63-13.el7.noarch python-schedutils-0.4-6.el7.x86_64 python-six-1.9.0-2.el7.noarch python-slip-0.4.0-4.el7.noarch python-slip-dbus-0.4.0-4.el7.noarch python-urlgrabber-3.10-9.el7.noarch python-urwid-1.1.1-3.el7.x86_64 pyxattr-0.5.1-5.el7.x86_64 qpdf-libs-5.0.1-3.el7.x86_64 qperf-0.4.9-9.46101.x86_64 qrencode-libs-3.4.1-3.el7.x86_64 quota-4.01-17.el7.x86_64 quota-nls-4.01-17.el7.noarch rasdaemon-0.4.1-33.1.el7_5.x86_64 readline-6.2-10.el7.x86_64 rfkill-0.4-10.el7.x86_64 rmt-1.5.2-13.el7.x86_64 rng-tools-6.3.1-3.el7.x86_64 rootfiles-8.1-11.el7.noarch rpcbind-0.2.0-47.el7.x86_64 rpm-4.11.3-35.el7.x86_64 rpm-build-libs-4.11.3-35.el7.x86_64 rpm-libs-4.11.3-35.el7.x86_64 rpm-python-4.11.3-35.el7.x86_64 rsync-3.1.2-4.el7.x86_64 rsyslog-8.24.0-34.el7.x86_64 ruby-2.0.0.648-35.el7_6.x86_64 rubygem-abrt-0.3.0-1.el7.noarch rubygem-bigdecimal-1.2.0-35.el7_6.x86_64 rubygem-io-console-0.4.2-35.el7_6.x86_64 rubygem-json-1.7.7-35.el7_6.x86_64 rubygem-psych-2.0.0-35.el7_6.x86_64 rubygem-rdoc-4.0.0-35.el7_6.noarch rubygems-2.0.14.1-35.el7_6.noarch ruby-irb-2.0.0.648-35.el7_6.noarch ruby-libs-2.0.0.648-35.el7_6.x86_64 samba-client-4.8.3-6.el7_6.x86_64 samba-client-libs-4.8.3-6.el7_6.x86_64 samba-common-4.8.3-6.el7_6.noarch samba-common-libs-4.8.3-6.el7_6.x86_64 satyr-0.13-15.el7.x86_64 scl-utils-20130529-19.el7.x86_64 screen-4.1.0-0.25.20120314git3c2946.el7.x86_64 sed-4.2.2-5.el7.x86_64 selinux-policy-3.13.1-229.el7_6.15.noarch selinux-policy-targeted-3.13.1-229.el7_6.15.noarch sendmail-8.14.7-5.el7.x86_64 sendmail-cf-8.14.7-5.el7.noarch setserial-2.17-33.el7.x86_64 setup-2.8.71-10.el7.noarch setuptool-1.19.11-8.el7.x86_64 sg3_utils-1.37-17.el7.x86_64 sg3_utils-libs-1.37-17.el7.x86_64 sgpio-1.2.0.10-13.el7.x86_64 shadow-utils-4.1.5.1-25.el7_6.1.x86_64 shared-mime-info-1.8-4.el7.x86_64 sharp-1.8.1.MLNX20190422.6c05a05-1.46101.x86_64 shim-x64-15-2.el7.centos.x86_64 slang-2.2.4-11.el7.x86_64 smartmontools-6.5-1.el7.x86_64 snappy-1.1.0-3.el7.x86_64 sos-3.6-19.el7.centos.noarch sqlite-3.7.17-8.el7.x86_64 srptools-41mlnx1-5.46101.x86_64 ssacli-3.40-3.0.x86_64 sssd-client-1.16.2-13.el7_6.8.x86_64 stix-fonts-1.1.0-5.el7.noarch strace-4.12-9.el7.x86_64 sudo-1.8.23-3.el7.x86_64 sysfsutils-2.1.0-16.el7.x86_64 syslinux-4.05-15.el7.x86_64 sysstat-10.1.5-17.el7_6.1.x86_64 systemd-219-62.el7_6.9.x86_64 systemd-libs-219-62.el7_6.9.x86_64 systemd-python-219-62.el7_6.9.x86_64 systemd-sysv-219-62.el7_6.9.x86_64 systemtap-runtime-3.3-3.el7.x86_64 systemtap-sdt-devel-3.3-3.el7.x86_64 sysvinit-tools-2.88-14.dsf.el7.x86_64 tar-1.26-35.el7.x86_64 targetcli-2.1.fb46-7.el7.noarch tcl-8.5.13-8.el7.x86_64 tcpdump-4.9.2-3.el7.x86_64 tcp_wrappers-7.6-77.el7.x86_64 tcp_wrappers-libs-7.6-77.el7.x86_64 tcsh-6.18.01-15.el7.x86_64 teamd-1.27-6.el7_6.1.x86_64 tftp-5.2-22.el7.x86_64 time-1.7-45.el7.x86_64 tk-8.5.13-6.el7.x86_64 tmpwatch-2.11-5.el7.x86_64 trace-cmd-2.6.0-10.el7.x86_64 traceroute-2.0.22-2.el7.x86_64 trousers-0.3.14-2.el7.x86_64 ttmkfdir-3.0.9-42.el7.x86_64 tuned-2.10.0-6.el7_6.4.noarch tzdata-2019b-1.el7.noarch tzdata-java-2019b-1.el7.noarch ucx-1.6.0-1.46101.x86_64 ucx-cma-1.6.0-1.46101.x86_64 ucx-devel-1.6.0-1.46101.x86_64 ucx-ib-1.6.0-1.46101.x86_64 ucx-ib-cm-1.6.0-1.46101.x86_64 ucx-knem-1.6.0-1.46101.x86_64 ucx-rdmacm-1.6.0-1.46101.x86_64 ucx-static-1.6.0-1.46101.x86_64 unixODBC-2.3.1-11.el7.x86_64 unzip-6.0-19.el7.x86_64 urw-fonts-2.4-16.el7.noarch usb_modeswitch-2.5.1-1.el7.x86_64 usb_modeswitch-data-20170806-1.el7.noarch usbutils-007-5.el7.x86_64 usermode-1.111-5.el7.x86_64 ustr-1.0.4-16.el7.x86_64 util-linux-2.23.2-59.el7_6.1.x86_64 uuid-1.6.2-26.el7.x86_64 valgrind-3.13.0-13.el7.x86_64 vim-common-7.4.160-6.el7_6.x86_64 vim-enhanced-7.4.160-6.el7_6.x86_64 vim-filesystem-7.4.160-6.el7_6.x86_64 vim-minimal-7.4.160-6.el7_6.x86_64 virt-what-1.18-4.el7.x86_64 vulkan-filesystem-1.1.73.0-1.el7.noarch wget-1.14-18.el7_6.1.x86_64 wg-gmetric-12.0-5.noarch wg-hostfunc-1.3-1.noarch wg-nfsstale-12.0.0-0.noarch wg-o2dk-11.3.7-18.el5.x86_64 which-2.20-7.el7.x86_64 wireshark-1.10.14-16.el7.x86_64 words-3.0-22.el7.noarch xcb-util-0.4.0-2.el7.x86_64 xdg-utils-1.1.0-0.17.20120809git.el7.noarch xfsdump-3.1.7-1.el7.x86_64 xfsprogs-4.5.0-19.el7_6.x86_64 xkeyboard-config-2.24-1.el7.noarch xmlrpc-c-1.32.5-1905.svn2451.el7.x86_64 xmlrpc-c-client-1.32.5-1905.svn2451.el7.x86_64 xorg-x11-drivers-7.7-6.el7.x86_64 xorg-x11-drv-ati-18.1.0-1.el7_6.x86_64 xorg-x11-drv-dummy-0.3.7-1.el7.1.x86_64 xorg-x11-drv-evdev-2.10.6-1.el7.x86_64 xorg-x11-drv-fbdev-0.5.0-1.el7.x86_64 xorg-x11-drv-intel-2.99.917-28.20180530.el7.x86_64 xorg-x11-drv-nouveau-1.0.15-1.el7.x86_64 xorg-x11-drv-qxl-0.1.5-4.el7.1.x86_64 xorg-x11-drv-synaptics-1.9.0-2.el7.x86_64 xorg-x11-drv-v4l-0.2.0-49.el7.x86_64 xorg-x11-drv-vesa-2.4.0-1.el7.x86_64 xorg-x11-drv-vmmouse-13.1.0-1.el7.1.x86_64 xorg-x11-drv-vmware-13.2.1-1.el7.1.x86_64 xorg-x11-drv-void-1.4.1-2.el7.1.x86_64 xorg-x11-drv-wacom-0.36.1-1.el7.x86_64 xorg-x11-fonts-Type1-7.5-9.el7.noarch xorg-x11-font-utils-7.5-21.el7.x86_64 xorg-x11-server-common-1.20.1-5.6.el7_6.x86_64 xorg-x11-server-utils-7.7-20.el7.x86_64 xorg-x11-server-Xorg-1.20.1-5.6.el7_6.x86_64 xorg-x11-utils-7.5-23.el7.x86_64 xorg-x11-xauth-1.0.9-1.el7.x86_64 xorg-x11-xbitmaps-1.1.1-6.el7.noarch xorg-x11-xinit-1.3.4-2.el7.x86_64 xorg-x11-xkb-utils-7.7-14.el7.x86_64 xterm-295-3.el7.x86_64 xz-5.2.2-1.el7.x86_64 xz-libs-5.2.2-1.el7.i686 xz-libs-5.2.2-1.el7.x86_64 yajl-2.0.4-4.el7.x86_64 ypbind-1.37.1-9.el7.x86_64 yp-tools-2.14-5.el7.x86_64 yum-3.4.3-161.el7.centos.noarch yum-metadata-parser-1.1.4-10.el7.x86_64 yum-plugin-fastestmirror-1.1.31-50.el7.noarch yum-plugin-nvidia-0.3-1.el7.noarch yum-utils-1.1.31-50.el7.noarch zip-3.0-11.el7.x86_64 zlib-1.2.7-18.el7.i686 zlib-1.2.7-18.el7.x86_64 zlib-devel-1.2.7-18.el7.x86_64
 ---> Running in b5e29972813f
Loaded plugins: fastestmirror, ovl
Loading mirror speeds from cached hostfile
 * epel: mirror.dal.nexril.net
 * extras: mirror.netdepot.com
 * updates: centos.host-engine.com
Package acl-2.2.51-14.el7.x86_64 already installed and latest version
No package ar_mgr-1.0-0.42.g750eb1e.46101.x86_64 available.
Package audit-libs-2.8.4-4.el7.x86_64 already installed and latest version
No package augeas-libs-1.4.0-6.el7_6.1.x86_64 available.
Package basesystem-10.0-7.el7.centos.noarch already installed and latest version
Package bash-4.2.46-31.el7.x86_64 already installed and latest version
No package bind-libs-9.9.4-74.el7_6.2.x86_64 available.
No package bind-libs-lite-9.9.4-74.el7_6.2.x86_64 available.
No package bind-license-9.9.4-74.el7_6.2.noarch available.
No package bind-utils-9.9.4-74.el7_6.2.x86_64 available.
Package binutils-2.27-34.base.el7.x86_64 already installed and latest version
Package bzip2-libs-1.0.6-13.el7.x86_64 already installed and latest version
Package ca-certificates-2018.2.22-70.0.el7_5.noarch already installed and latest version
No package cc_mgr-1.0-0.41.g750eb1e.46101.x86_64 available.
Package centos-release-7-6.1810.2.el7.centos.x86_64 already installed and latest version
Package chkconfig-1.7.4-1.el7.x86_64 already installed and latest version
Package coreutils-8.22-23.el7.x86_64 already installed and latest version
Package cpio-2.11-27.el7.x86_64 already installed and latest version
No package cpp-4.8.5-36.el7_6.2.x86_64 available.
Package cracklib-2.9.0-11.el7.x86_64 already installed and latest version
Package cracklib-dicts-2.9.0-11.el7.x86_64 already installed and latest version
No package cronie-1.4.11-20.el7_6.x86_64 available.
No package cronie-anacron-1.4.11-20.el7_6.x86_64 available.
Package cryptsetup-libs-2.0.3-3.el7.x86_64 already installed and latest version
No package curl-7.29.0-51.el7_6.3.x86_64 available.
Package cyrus-sasl-lib-2.1.26-23.el7.x86_64 already installed and latest version
No package dapl-2.1.10mlnx-OFED.3.4.2.1.0.46101.x86_64 available.
No package dapl-devel-2.1.10mlnx-OFED.3.4.2.1.0.46101.x86_64 available.
No package dapl-devel-static-2.1.10mlnx-OFED.3.4.2.1.0.46101.x86_64 available.
No package dapl-utils-2.1.10mlnx-OFED.3.4.2.1.0.46101.x86_64 available.
No package datacenter-gpu-manager-1.7.1-1.x86_64 available.
No package dbus-1.10.24-13.el7_6.x86_64 available.
Package dbus-glib-0.100-7.el7.x86_64 already installed and latest version
No package dbus-libs-1.10.24-13.el7_6.x86_64 available.
Package dbus-python-1.1.1-9.el7.x86_64 already installed and latest version
No package device-mapper-1.02.149-10.el7_6.8.x86_64 available.
No package device-mapper-event-1.02.149-10.el7_6.8.x86_64 available.
No package device-mapper-event-libs-1.02.149-10.el7_6.8.x86_64 available.
No package device-mapper-libs-1.02.149-10.el7_6.8.x86_64 available.
Package diffutils-3.3-4.el7.x86_64 already installed and latest version
No package DiskFree_Check-11.2.0-0.el5.x86_64 available.
No package dkms-2.6.1-1.el7.noarch available.
Package dracut-033-554.el7.x86_64 already installed and latest version
No package dump_pr-1.0-0.37.g750eb1e.46101.x86_64 available.
No package efivar-libs-36-11.el7_6.1.x86_64 available.
Package elfutils-default-yama-scope-0.172-2.el7.noarch already installed and latest version
Package elfutils-libelf-0.172-2.el7.x86_64 already installed and latest version
Package elfutils-libs-0.172-2.el7.x86_64 already installed and latest version
Package expat-2.1.0-10.el7_3.x86_64 already installed and latest version
Package file-libs-5.11-35.el7.x86_64 already installed and latest version
Package filesystem-3.2-25.el7.x86_64 already installed and latest version
Package 1:findutils-4.5.11-6.el7.x86_64 already installed and latest version
No package freetype-2.8-12.el7_6.1.x86_64 available.
Package gawk-4.0.2-4.el7_3.1.x86_64 already installed and latest version
No package gcc-4.8.5-36.el7_6.2.x86_64 available.
No package gcc-gfortran-4.8.5-36.el7_6.2.x86_64 available.
Package gdbm-1.10-8.el7.x86_64 already installed and latest version
No package ghostscript-9.07-31.el7_6.11.x86_64 available.
No package ghostscript-cups-9.07-31.el7_6.11.x86_64 available.
Package glib2-2.56.1-2.el7.x86_64 already installed and latest version
No package glibc-2.17-260.el7_6.6.i686 available.
No package glibc-2.17-260.el7_6.6.x86_64 available.
No package glibc-common-2.17-260.el7_6.6.x86_64 available.
No package glibc-devel-2.17-260.el7_6.6.x86_64 available.
No package glibc-headers-2.17-260.el7_6.6.x86_64 available.
Package 1:gmp-6.0.0-15.el7.x86_64 already installed and latest version
Package gnupg2-2.0.22-5.el7_5.x86_64 already installed and latest version
No package gnutls-3.3.29-9.el7_6.x86_64 available.
Package gobject-introspection-1.56.1-1.el7.x86_64 already installed and latest version
Package gpgme-1.3.2-5.el7.x86_64 already installed and latest version
Package grep-2.20-3.el7.x86_64 already installed and latest version
No package grub2-2.02-0.76.el7.centos.1.x86_64 available.
No package grub2-common-2.02-0.76.el7.centos.1.noarch available.
No package grub2-efi-x64-2.02-0.76.el7.centos.1.x86_64 available.
No package grub2-pc-2.02-0.76.el7.centos.1.x86_64 available.
No package grub2-pc-modules-2.02-0.76.el7.centos.1.noarch available.
No package grub2-tools-2.02-0.76.el7.centos.1.x86_64 available.
No package grub2-tools-extra-2.02-0.76.el7.centos.1.x86_64 available.
No package grub2-tools-minimal-2.02-0.76.el7.centos.1.x86_64 available.
Package gzip-1.5-10.el7.x86_64 already installed and latest version
Package 1:hardlink-1.0-19.el7.x86_64 already installed and latest version
No package hcoll-4.3.2708-1.46101.x86_64 available.
Package hostname-3.13-3.el7.x86_64 already installed and latest version
No package hpdiags-10.40.1953-1978.x86_64 available.
No package hp-health-10.90-1873.8.rhel7.x86_64 available.
No package hponcfg-5.4.0-0.x86_64 available.
No package hp-scripting-tools-10.10-53.rhel6.x86_64 available.
No package ibacm-41mlnx1-OFED.4.3.3.0.0.46101.x86_64 available.
No package ibdump-5.0.0-3.46101.x86_64 available.
No package ibsim-0.7mlnx1-0.11.g85c342b.46101.x86_64 available.
No package ibutils-1.5.7.1-0.12.gdcaeae2.46101.x86_64 available.
No package ibutils2-2.1.1-0.104.MLNX20190408.gb55795e.46101.x86_64 available.
No package Infiniband_Check-1.0.2-14.noarch available.
No package infiniband-diags-5.4.0.MLNX20190422.d1468cd-0.1.46101.x86_64 available.
No package infiniband-diags-compat-5.4.0.MLNX20190422.d1468cd-0.1.46101.x86_64 available.
Package info-5.1-5.el7.x86_64 already installed and latest version
No package iproute-4.11.0-14.el7_6.2.x86_64 available.
No package ipset-6.38-3.el7_6.x86_64 available.
No package ipset-libs-6.38-3.el7_6.x86_64 available.
Package iputils-20160308-10.el7.x86_64 already installed and latest version
No package java-1.7.0-openjdk-1.7.0.231-2.6.19.1.el7_6.x86_64 available.
No package java-1.7.0-openjdk-headless-1.7.0.231-2.6.19.1.el7_6.x86_64 available.
No package java-1.8.0-openjdk-1.8.0.222.b10-0.el7_6.x86_64 available.
No package java-1.8.0-openjdk-headless-1.8.0.222.b10-0.el7_6.x86_64 available.
Package json-c-0.11-4.el7_0.x86_64 already installed and latest version
No package kernel-3.10.0-957.27.2.el7.x86_64 available.
No package kernel-devel-3.10.0-957.27.2.el7.x86_64 available.
No package kernel-headers-3.10.0-957.27.2.el7.x86_64 available.
No package kernel-tools-3.10.0-957.27.2.el7.x86_64 available.
No package kernel-tools-libs-3.10.0-957.27.2.el7.x86_64 available.
No package kexec-tools-2.0.15-21.el7_6.4.x86_64 available.
Package keyutils-libs-1.5.8-3.el7.x86_64 already installed and latest version
Package kmod-20-23.el7.x86_64 already installed and latest version
No package kmod-iser-4.6-OFED.4.6.1.0.1.1.ga2cfe08.rhel7u6.x86_64 available.
No package kmod-isert-4.6-OFED.4.6.1.0.1.1.ga2cfe08.rhel7u6.x86_64 available.
No package kmod-kernel-mft-mlnx-4.12.0-1.rhel7u6.x86_64 available.
No package kmod-knem-1.1.3.90mlnx1-OFED.4.4.2.5.2.1.g993678c.rhel7u6.x86_64 available.
Package kmod-libs-20-23.el7.x86_64 already installed and latest version
No package kmod-mlnx-ofa_kernel-4.6-OFED.4.6.1.0.1.1.ga2cfe08.rhel7u6.x86_64 available.
No package kmod-nvidia-latest-dkms-418.87.00-2.el7.x86_64 available.
No package kmod-rshim-1.6-0.g6aa30c7.rhel7u6.x86_64 available.
No package kmod-srp-4.6-OFED.4.6.1.0.1.1.ga2cfe08.rhel7u6.x86_64 available.
No package knem-1.1.3.90mlnx1-OFED.4.4.2.5.2.1.g993678c.rhel7u6.x86_64 available.
Package kpartx-0.4.9-123.el7.x86_64 already installed and latest version
No package krb5-libs-1.15.1-37.el7_6.x86_64 available.
Package libacl-2.2.51-14.el7.x86_64 already installed and latest version
Package libassuan-2.1.0-3.el7.x86_64 already installed and latest version
Package libattr-2.4.46-13.el7.x86_64 already installed and latest version
No package libblkid-2.23.2-59.el7_6.1.x86_64 available.
Package libcap-2.22-9.el7.x86_64 already installed and latest version
Package libcap-ng-0.7.5-4.el7.x86_64 already installed and latest version
Package libcom_err-1.42.9-13.el7.x86_64 already installed and latest version
No package libcurl-7.29.0-51.el7_6.3.x86_64 available.
Package libdb-5.3.21-24.el7.x86_64 already installed and latest version
Package libdb-utils-5.3.21-24.el7.x86_64 already installed and latest version
Package libffi-3.0.13-18.el7.x86_64 already installed and latest version
No package libgcc-4.8.5-36.el7_6.2.i686 available.
No package libgcc-4.8.5-36.el7_6.2.x86_64 available.
Package libgcrypt-1.5.3-14.el7.x86_64 already installed and latest version
No package libgfortran-4.8.5-36.el7_6.2.x86_64 available.
No package libgomp-4.8.5-36.el7_6.2.x86_64 available.
Package libgpg-error-1.12-3.el7.x86_64 already installed and latest version
No package libibcm-41mlnx1-OFED.4.1.0.1.0.46101.x86_64 available.
No package libibcm-devel-41mlnx1-OFED.4.1.0.1.0.46101.x86_64 available.
No package libibmad-5.4.0.MLNX20190423.1d917ae-0.1.46101.x86_64 available.
No package libibmad-devel-5.4.0.MLNX20190423.1d917ae-0.1.46101.x86_64 available.
No package libibmad-static-5.4.0.MLNX20190423.1d917ae-0.1.46101.x86_64 available.
No package libibumad-43.1.1.MLNX20190422.87b4d9b-0.1.46101.x86_64 available.
No package libibumad-devel-43.1.1.MLNX20190422.87b4d9b-0.1.46101.x86_64 available.
No package libibumad-static-43.1.1.MLNX20190422.87b4d9b-0.1.46101.x86_64 available.
No package libibverbs-41mlnx1-OFED.4.6.0.4.1.46101.x86_64 available.
No package libibverbs-devel-41mlnx1-OFED.4.6.0.4.1.46101.x86_64 available.
No package libibverbs-devel-static-41mlnx1-OFED.4.6.0.4.1.46101.x86_64 available.
No package libibverbs-utils-41mlnx1-OFED.4.6.0.4.1.46101.x86_64 available.
Package libidn-1.28-4.el7.x86_64 already installed and latest version
No package libmlx4-41mlnx1-OFED.4.5.0.0.3.46101.x86_64 available.
No package libmlx4-devel-41mlnx1-OFED.4.5.0.0.3.46101.x86_64 available.
No package libmlx5-41mlnx1-OFED.4.6.0.0.4.46101.x86_64 available.
No package libmlx5-devel-41mlnx1-OFED.4.6.0.0.4.46101.x86_64 available.
No package libmount-2.23.2-59.el7_6.1.x86_64 available.
Package libpwquality-1.2.3-5.el7.x86_64 already installed and latest version
No package libquadmath-4.8.5-36.el7_6.2.x86_64 available.
No package libquadmath-devel-4.8.5-36.el7_6.2.x86_64 available.
No package librdmacm-41mlnx1-OFED.4.6.0.0.1.46101.x86_64 available.
No package librdmacm-devel-41mlnx1-OFED.4.6.0.0.1.46101.x86_64 available.
No package librdmacm-utils-41mlnx1-OFED.4.6.0.0.1.46101.x86_64 available.
No package librxe-41mlnx1-OFED.4.4.2.4.6.46101.x86_64 available.
No package librxe-devel-static-41mlnx1-OFED.4.4.2.4.6.46101.x86_64 available.
Package libselinux-2.5-14.1.el7.x86_64 already installed and latest version
Package libsemanage-2.5-14.el7.x86_64 already installed and latest version
Package libsepol-2.5-10.el7.x86_64 already installed and latest version
No package libsmartcols-2.23.2-59.el7_6.1.x86_64 available.
No package libsmbclient-4.8.3-6.el7_6.x86_64 available.
No package libssh2-1.4.3-12.el7_6.3.x86_64 available.
No package libsss_idmap-1.16.2-13.el7_6.8.x86_64 available.
No package libsss_nss_idmap-1.16.2-13.el7_6.8.x86_64 available.
No package libstdc++-4.8.5-36.el7_6.2.i686 available.
No package libstdc++-4.8.5-36.el7_6.2.x86_64 available.
Package libtasn1-4.10-1.el7.x86_64 already installed and latest version
No package libteam-1.27-6.el7_6.1.x86_64 available.
Package libuser-0.60-9.el7.x86_64 already installed and latest version
Package libutempter-1.1.6-4.el7.x86_64 already installed and latest version
No package libuuid-2.23.2-59.el7_6.1.x86_64 available.
Package libverto-0.2.5-4.el7.x86_64 already installed and latest version
No package libwbclient-4.8.3-6.el7_6.x86_64 available.
No package libx86-1.1-15.el7.x86_64 available.
Package libxml2-2.9.1-6.el7_2.3.x86_64 already installed and latest version
Package libxml2-python-2.9.1-6.el7_2.3.x86_64 already installed and latest version
Package lua-5.1.4-15.el7.x86_64 already installed and latest version
No package lvm2-2.02.180-10.el7_6.8.x86_64 available.
No package lvm2-libs-2.02.180-10.el7_6.8.x86_64 available.
Package lz4-1.7.5-2.el7.x86_64 already installed and latest version
No package mesa-dri-drivers-18.0.5-4.el7_6.x86_64 available.
No package mesa-filesystem-18.0.5-4.el7_6.x86_64 available.
No package mesa-libEGL-18.0.5-4.el7_6.x86_64 available.
No package mesa-libgbm-18.0.5-4.el7_6.x86_64 available.
No package mesa-libGL-18.0.5-4.el7_6.x86_64 available.
No package mesa-libglapi-18.0.5-4.el7_6.x86_64 available.
No package mesa-libxatracker-18.0.5-4.el7_6.x86_64 available.
No package mft-4.12.0-105.x86_64 available.
No package microcode_ctl-2.1-47.4.el7_6.x86_64 available.
No package mlnx-ethtool-4.19-1.46101.x86_64 available.
No package mlnx-fw-updater-4.6-1.0.1.1.x86_64 available.
No package mlnx-ofa_kernel-4.6-OFED.4.6.1.0.1.1.ga2cfe08.rhel7u6.x86_64 available.
No package mlnx-ofa_kernel-devel-4.6-OFED.4.6.1.0.1.1.ga2cfe08.rhel7u6.x86_64 available.
No package mlnxofed-docs-4.6-1.0.1.1.noarch available.
No package mokutil-15-2.el7.centos.x86_64 available.
No package monitor-edid-3.0-6.el7.x86_64 available.
No package mpi-selector-1.0.3-1.46101.x86_64 available.
No package mpitests_openmpi-3.2.20-e1a0676.46101.x86_64 available.
No package mstflint-4.11.0-1.14.g840c9c2.46101.x86_64 available.
No package mxm-3.7.3111-1.46101.x86_64 available.
No package nagios-nsca-client-2.7.2-3.el6.rf.x86_64 available.
Package ncurses-5.9-14.20130511.el7_4.x86_64 already installed and latest version
Package ncurses-base-5.9-14.20130511.el7_4.noarch already installed and latest version
Package ncurses-libs-5.9-14.20130511.el7_4.x86_64 already installed and latest version
No package net-snmp-5.7.2-38.el7_6.2.x86_64 available.
No package net-snmp-agent-libs-5.7.2-38.el7_6.2.x86_64 available.
No package net-snmp-libs-5.7.2-38.el7_6.2.x86_64 available.
No package net-snmp-utils-5.7.2-38.el7_6.2.x86_64 available.
Package nspr-4.19.0-1.el7_5.x86_64 already installed and latest version
No package nss-3.36.0-7.1.el7_6.x86_64 available.
No package nss-pem-1.0.3-5.el7_6.1.x86_64 available.
Package nss-softokn-3.36.0-5.el7_5.x86_64 already installed and latest version
Package nss-softokn-freebl-3.36.0-5.el7_5.x86_64 already installed and latest version
No package nss-sysinit-3.36.0-7.1.el7_6.x86_64 available.
No package nss-tools-3.36.0-7.1.el7_6.x86_64 available.
No package nss-util-3.36.0-1.1.el7_6.x86_64 available.
No package nvidia-driver-latest-dkms-418.87.00-2.el7.x86_64 available.
No package nvidia-driver-latest-dkms-cuda-418.87.00-2.el7.x86_64 available.
No package nvidia-driver-latest-dkms-cuda-libs-418.87.00-2.el7.x86_64 available.
No package nvidia-driver-latest-dkms-devel-418.87.00-2.el7.x86_64 available.
No package nvidia-driver-latest-dkms-libs-418.87.00-2.el7.x86_64 available.
No package nvidia-driver-latest-dkms-NvFBCOpenGL-418.87.00-2.el7.x86_64 available.
No package nvidia-driver-latest-dkms-NVML-418.87.00-2.el7.x86_64 available.
No package nvidia-modprobe-latest-dkms-418.87.00-2.el7.x86_64 available.
No package nvidia-persistenced-latest-dkms-418.87.00-2.el7.x86_64 available.
No package nvidia-xconfig-latest-dkms-418.87.00-2.el7.x86_64 available.
No package ocmcontroller-201901-1.noarch available.
No package ocsinventory-agent-2.0.5-8.wg.el7.x86_64 available.
No package ocsinventory-wgext-1.6-6.el7.noarch available.
No package ofed-scripts-4.6-OFED.4.6.1.0.1.x86_64 available.
No package openldap-2.4.44-21.el7_6.x86_64 available.
No package openmpi-4.0.2a1-1.46101.x86_64 available.
No package opensm-5.4.0.MLNX20190422.ed81811-0.1.46101.x86_64 available.
No package opensm-devel-5.4.0.MLNX20190422.ed81811-0.1.46101.x86_64 available.
No package opensm-libs-5.4.0.MLNX20190422.ed81811-0.1.46101.x86_64 available.
No package opensm-static-5.4.0.MLNX20190422.ed81811-0.1.46101.x86_64 available.
No package openssl-1.0.2k-16.el7_6.1.x86_64 available.
No package openssl-libs-1.0.2k-16.el7_6.1.x86_64 available.
Package p11-kit-0.23.5-3.el7.x86_64 already installed and latest version
Package p11-kit-trust-0.23.5-3.el7.x86_64 already installed and latest version
Package pam-1.1.8-22.el7.x86_64 already installed and latest version
No package pango-1.42.4-2.el7_6.x86_64 available.
Package passwd-0.79-4.el7.x86_64 already installed and latest version
Package pcre-8.32-17.el7.x86_64 already installed and latest version
No package perftest-4.4-0.5.g1ceab48.46101.x86_64 available.
No package perl-5.16.3-294.el7_6.x86_64 available.
No package perl-core-5.16.3-294.el7_6.x86_64 available.
No package perl-CPAN-1.9800-294.el7_6.noarch available.
No package perl-devel-5.16.3-294.el7_6.x86_64 available.
No package perl-ExtUtils-CBuilder-0.28.2.6-294.el7_6.noarch available.
No package perl-ExtUtils-Embed-1.30-294.el7_6.noarch available.
No package perl-ExtUtils-Install-1.58-294.el7_6.noarch available.
No package perl-IO-Zlib-1.10-294.el7_6.noarch available.
No package perl-libs-5.16.3-294.el7_6.x86_64 available.
No package perl-Locale-Maketext-Simple-0.21-294.el7_6.noarch available.
No package perl-macros-5.16.3-294.el7_6.x86_64 available.
No package perl-Module-CoreList-2.76.02-294.el7_6.noarch available.
No package perl-Module-Loaded-0.08-294.el7_6.noarch available.
No package perl-Object-Accessor-0.42-294.el7_6.noarch available.
No package perl-Package-Constants-0.02-294.el7_6.noarch available.
No package perl-Pod-Escapes-1.04-294.el7_6.noarch available.
No package perl-Time-Piece-1.20.1-294.el7_6.x86_64 available.
Package pinentry-0.8.1-17.el7.x86_64 already installed and latest version
Package 1:pkgconfig-0.27.1-4.el7.x86_64 already installed and latest version
No package policycoreutils-2.5-29.el7_6.1.x86_64 available.
No package polkit-0.112-18.el7_6.1.x86_64 available.
Package popt-1.13-16.el7.x86_64 already installed and latest version
Package procps-ng-3.3.10-23.el7.x86_64 already installed and latest version
Package pth-2.0.7-23.el7.x86_64 already installed and latest version
Package pygpgme-0.3-9.el7.x86_64 already installed and latest version
Package pyliblzma-0.5.3-11.el7.x86_64 already installed and latest version
No package python-2.7.5-80.el7_6.x86_64 available.
Package python-chardet-2.2.1-1.el7_1.noarch already installed and latest version
Package python-gobject-base-3.22.0-1.el7_4.1.x86_64 already installed and latest version
Package python-iniparse-0.4-9.el7.noarch already installed and latest version
Package python-kitchen-1.1.1-5.el7.noarch already installed and latest version
No package python-libs-2.7.5-80.el7_6.x86_64 available.
No package python-perf-3.10.0-957.27.2.el7.x86_64 available.
Package python-pycurl-7.19.0-19.el7.x86_64 already installed and latest version
Package python-urlgrabber-3.10-9.el7.noarch already installed and latest version
Package pyxattr-0.5.1-5.el7.x86_64 already installed and latest version
No package qperf-0.4.9-9.46101.x86_64 available.
Package qrencode-libs-3.4.1-3.el7.x86_64 already installed and latest version
Package readline-6.2-10.el7.x86_64 already installed and latest version
Package rootfiles-8.1-11.el7.noarch already installed and latest version
Package rpm-4.11.3-35.el7.x86_64 already installed and latest version
Package rpm-build-libs-4.11.3-35.el7.x86_64 already installed and latest version
Package rpm-libs-4.11.3-35.el7.x86_64 already installed and latest version
Package rpm-python-4.11.3-35.el7.x86_64 already installed and latest version
No package ruby-2.0.0.648-35.el7_6.x86_64 available.
No package rubygem-bigdecimal-1.2.0-35.el7_6.x86_64 available.
No package rubygem-io-console-0.4.2-35.el7_6.x86_64 available.
No package rubygem-json-1.7.7-35.el7_6.x86_64 available.
No package rubygem-psych-2.0.0-35.el7_6.x86_64 available.
No package rubygem-rdoc-4.0.0-35.el7_6.noarch available.
No package rubygems-2.0.14.1-35.el7_6.noarch available.
No package ruby-irb-2.0.0.648-35.el7_6.noarch available.
No package ruby-libs-2.0.0.648-35.el7_6.x86_64 available.
No package samba-client-4.8.3-6.el7_6.x86_64 available.
No package samba-client-libs-4.8.3-6.el7_6.x86_64 available.
No package samba-common-4.8.3-6.el7_6.noarch available.
No package samba-common-libs-4.8.3-6.el7_6.x86_64 available.
Package sed-4.2.2-5.el7.x86_64 already installed and latest version
No package selinux-policy-3.13.1-229.el7_6.15.noarch available.
No package selinux-policy-targeted-3.13.1-229.el7_6.15.noarch available.
Package setup-2.8.71-10.el7.noarch already installed and latest version
No package shadow-utils-4.1.5.1-25.el7_6.1.x86_64 available.
Package shared-mime-info-1.8-4.el7.x86_64 already installed and latest version
No package sharp-1.8.1.MLNX20190422.6c05a05-1.46101.x86_64 available.
No package shim-x64-15-2.el7.centos.x86_64 available.
No package sos-3.6-19.el7.centos.noarch available.
Package sqlite-3.7.17-8.el7.x86_64 already installed and latest version
No package srptools-41mlnx1-5.46101.x86_64 available.
No package ssacli-3.40-3.0.x86_64 available.
No package sssd-client-1.16.2-13.el7_6.8.x86_64 available.
No package sysstat-10.1.5-17.el7_6.1.x86_64 available.
No package systemd-219-62.el7_6.9.x86_64 available.
No package systemd-libs-219-62.el7_6.9.x86_64 available.
No package systemd-python-219-62.el7_6.9.x86_64 available.
No package systemd-sysv-219-62.el7_6.9.x86_64 available.
Package 2:tar-1.26-35.el7.x86_64 already installed and latest version
No package teamd-1.27-6.el7_6.1.x86_64 available.
No package tuned-2.10.0-6.el7_6.4.noarch available.
No package tzdata-2019b-1.el7.noarch available.
No package tzdata-java-2019b-1.el7.noarch available.
No package ucx-1.6.0-1.46101.x86_64 available.
No package ucx-cma-1.6.0-1.46101.x86_64 available.
No package ucx-devel-1.6.0-1.46101.x86_64 available.
No package ucx-ib-1.6.0-1.46101.x86_64 available.
No package ucx-ib-cm-1.6.0-1.46101.x86_64 available.
No package ucx-knem-1.6.0-1.46101.x86_64 available.
No package ucx-rdmacm-1.6.0-1.46101.x86_64 available.
No package ucx-static-1.6.0-1.46101.x86_64 available.
Package ustr-1.0.4-16.el7.x86_64 already installed and latest version
No package util-linux-2.23.2-59.el7_6.1.x86_64 available.
No package vim-common-7.4.160-6.el7_6.x86_64 available.
No package vim-enhanced-7.4.160-6.el7_6.x86_64 available.
No package vim-filesystem-7.4.160-6.el7_6.x86_64 available.
No package vim-minimal-7.4.160-6.el7_6.x86_64 available.
No package wget-1.14-18.el7_6.1.x86_64 available.
No package wg-gmetric-12.0-5.noarch available.
No package wg-hostfunc-1.3-1.noarch available.
No package wg-nfsstale-12.0.0-0.noarch available.
No package wg-o2dk-11.3.7-18.el5.x86_64 available.
No package xfsprogs-4.5.0-19.el7_6.x86_64 available.
No package xorg-x11-drv-ati-18.1.0-1.el7_6.x86_64 available.
No package xorg-x11-server-common-1.20.1-5.6.el7_6.x86_64 available.
No package xorg-x11-server-Xorg-1.20.1-5.6.el7_6.x86_64 available.
Package xz-5.2.2-1.el7.x86_64 already installed and latest version
Package xz-libs-5.2.2-1.el7.x86_64 already installed and latest version
Package yum-3.4.3-161.el7.centos.noarch already installed and latest version
Package yum-metadata-parser-1.1.4-10.el7.x86_64 already installed and latest version
Package yum-plugin-fastestmirror-1.1.31-50.el7.noarch already installed and latest version
No package yum-plugin-nvidia-0.3-1.el7.noarch available.
Package yum-utils-1.1.31-50.el7.noarch already installed and latest version
Package zlib-1.2.7-18.el7.x86_64 already installed and latest version
Resolving Dependencies
--> Running transaction check
---> Package GConf2.x86_64 0:3.2.6-8.el7 will be installed
--> Processing Dependency: libpolkit-gobject-1.so.0()(64bit) for package: GConf2-3.2.6-8.el7.x86_64
---> Package GeoIP.x86_64 0:1.5.0-13.el7 will be installed
---> Package OpenIPMI.x86_64 0:2.0.23-2.el7 will be installed
--> Processing Dependency: systemd-sysv for package: OpenIPMI-2.0.23-2.el7.x86_64
--> Processing Dependency: libnetsnmp.so.31()(64bit) for package: OpenIPMI-2.0.23-2.el7.x86_64
---> Package OpenIPMI-libs.x86_64 0:2.0.23-2.el7 will be installed
---> Package OpenIPMI-modalias.x86_64 0:2.0.23-2.el7 will be installed
---> Package abrt.x86_64 0:2.1.11-52.el7.centos will be installed
--> Processing Dependency: sos >= 3.6 for package: abrt-2.1.11-52.el7.centos.x86_64
---> Package abrt-addon-ccpp.x86_64 0:2.1.11-52.el7.centos will be installed
---> Package abrt-addon-kerneloops.x86_64 0:2.1.11-52.el7.centos will be installed
---> Package abrt-addon-pstoreoops.x86_64 0:2.1.11-52.el7.centos will be installed
---> Package abrt-addon-python.x86_64 0:2.1.11-52.el7.centos will be installed
--> Processing Dependency: systemd-python for package: abrt-addon-python-2.1.11-52.el7.centos.x86_64
---> Package abrt-addon-vmcore.x86_64 0:2.1.11-52.el7.centos will be installed
--> Processing Dependency: kexec-tools for package: abrt-addon-vmcore-2.1.11-52.el7.centos.x86_64
---> Package abrt-addon-xorg.x86_64 0:2.1.11-52.el7.centos will be installed
---> Package abrt-cli.x86_64 0:2.1.11-52.el7.centos will be installed
---> Package abrt-console-notification.x86_64 0:2.1.11-52.el7.centos will be installed
---> Package abrt-dbus.x86_64 0:2.1.11-52.el7.centos will be installed
---> Package abrt-libs.x86_64 0:2.1.11-52.el7.centos will be installed
---> Package abrt-python.x86_64 0:2.1.11-52.el7.centos will be installed
---> Package abrt-retrace-client.x86_64 0:2.1.11-52.el7.centos will be installed
---> Package abrt-tui.x86_64 0:2.1.11-52.el7.centos will be installed
---> Package aic94xx-firmware.noarch 0:30-6.el7 will be installed
---> Package alsa-firmware.noarch 0:1.0.28-2.el7 will be installed
---> Package alsa-lib.x86_64 0:1.1.6-2.el7 will be installed
---> Package alsa-tools-firmware.x86_64 0:1.1.0-1.el7 will be installed
---> Package apr.x86_64 0:1.4.8-3.el7_4.1 will be installed
---> Package at.x86_64 0:3.1.13-24.el7 will be installed
---> Package atk.x86_64 0:2.28.1-1.el7 will be installed
---> Package attr.x86_64 0:2.4.46-13.el7 will be installed
---> Package audit.x86_64 0:2.8.4-4.el7 will be installed
---> Package authconfig.x86_64 0:6.2.8-30.el7 will be installed
--> Processing Dependency: policycoreutils for package: authconfig-6.2.8-30.el7.x86_64
--> Processing Dependency: /usr/bin/openssl for package: authconfig-6.2.8-30.el7.x86_64
---> Package autofs.x86_64 1:5.0.7-99.el7 will be installed
---> Package autogen-libopts.x86_64 0:5.18-5.el7 will be installed
---> Package avahi-glib.x86_64 0:0.6.31-19.el7 will be installed
---> Package avahi-libs.x86_64 0:0.6.31-19.el7 will be installed
---> Package bash-completion.noarch 1:2.1-6.el7 will be installed
---> Package bc.x86_64 0:1.06.95-13.el7 will be installed
---> Package biosdevname.x86_64 0:0.7.3-1.el7 will be installed
---> Package blas.x86_64 0:3.4.2-8.el7 will be installed
--> Processing Dependency: libgfortran.so.3(GFORTRAN_1.4)(64bit) for package: blas-3.4.2-8.el7.x86_64
--> Processing Dependency: libgfortran.so.3(GFORTRAN_1.0)(64bit) for package: blas-3.4.2-8.el7.x86_64
--> Processing Dependency: libgfortran.so.3()(64bit) for package: blas-3.4.2-8.el7.x86_64
---> Package blktrace.x86_64 0:1.0.5-8.el7 will be installed
---> Package boost.x86_64 0:1.53.0-27.el7 will be installed
---> Package boost-atomic.x86_64 0:1.53.0-27.el7 will be installed
---> Package boost-chrono.x86_64 0:1.53.0-27.el7 will be installed
---> Package boost-context.x86_64 0:1.53.0-27.el7 will be installed
---> Package boost-date-time.x86_64 0:1.53.0-27.el7 will be installed
---> Package boost-filesystem.x86_64 0:1.53.0-27.el7 will be installed
---> Package boost-graph.x86_64 0:1.53.0-27.el7 will be installed
---> Package boost-iostreams.x86_64 0:1.53.0-27.el7 will be installed
---> Package boost-locale.x86_64 0:1.53.0-27.el7 will be installed
---> Package boost-math.x86_64 0:1.53.0-27.el7 will be installed
---> Package boost-program-options.x86_64 0:1.53.0-27.el7 will be installed
---> Package boost-python.x86_64 0:1.53.0-27.el7 will be installed
---> Package boost-random.x86_64 0:1.53.0-27.el7 will be installed
---> Package boost-regex.x86_64 0:1.53.0-27.el7 will be installed
---> Package boost-serialization.x86_64 0:1.53.0-27.el7 will be installed
---> Package boost-signals.x86_64 0:1.53.0-27.el7 will be installed
---> Package boost-system.x86_64 0:1.53.0-27.el7 will be installed
---> Package boost-test.x86_64 0:1.53.0-27.el7 will be installed
---> Package boost-thread.x86_64 0:1.53.0-27.el7 will be installed
---> Package boost-timer.x86_64 0:1.53.0-27.el7 will be installed
---> Package boost-wave.x86_64 0:1.53.0-27.el7 will be installed
---> Package bridge-utils.x86_64 0:1.5-9.el7 will be installed
---> Package btrfs-progs.x86_64 0:4.9.1-1.el7 will be installed
---> Package bzip2.x86_64 0:1.0.6-13.el7 will be installed
---> Package c-ares.x86_64 0:1.10.0-3.el7 will be installed
---> Package cairo.x86_64 0:1.15.12-3.el7 will be installed
--> Processing Dependency: libfreetype.so.6()(64bit) for package: cairo-1.15.12-3.el7.x86_64
---> Package centos-indexhtml.noarch 0:7-9.el7.centos will be installed
---> Package centos-logos.noarch 0:70.0.6-3.el7.centos will be installed
---> Package cgdcbxd.x86_64 0:1.0.2-7.el7 will be installed
---> Package chrony.x86_64 0:3.2-2.el7 will be installed
---> Package cifs-utils.x86_64 0:6.2-10.el7 will be installed
--> Processing Dependency: libwbclient.so.0(WBCLIENT_0.9)(64bit) for package: cifs-utils-6.2-10.el7.x86_64
--> Processing Dependency: libwbclient.so.0()(64bit) for package: cifs-utils-6.2-10.el7.x86_64
---> Package compat-db-headers.noarch 0:4.7.25-28.el7 will be installed
---> Package compat-db47.x86_64 0:4.7.25-28.el7 will be installed
---> Package compat-exiv2-023.x86_64 0:0.23-2.el7 will be installed
---> Package compat-glibc.x86_64 1:2.12-4.el7.centos will be installed
---> Package compat-glibc-headers.x86_64 1:2.12-4.el7.centos will be installed
--> Processing Dependency: kernel-headers >= 2.2.1 for package: 1:compat-glibc-headers-2.12-4.el7.centos.x86_64
--> Processing Dependency: kernel-headers for package: 1:compat-glibc-headers-2.12-4.el7.centos.x86_64
---> Package compat-libcap1.x86_64 0:1.10-7.el7 will be installed
---> Package compat-libf2c-34.x86_64 0:3.4.6-32.el7 will be installed
---> Package compat-libgfortran-41.x86_64 0:4.1.2-44.el7 will be installed
---> Package compat-libtiff3.x86_64 0:3.9.4-11.el7 will be installed
---> Package compat-openldap.x86_64 1:2.3.43-5.el7 will be installed
---> Package copy-jdk-configs.noarch 0:3.3-10.el7_5 will be installed
---> Package crash.x86_64 0:7.2.3-8.el7 will be installed
---> Package crash-gcore-command.x86_64 0:1.3.1-0.el7 will be installed
---> Package crash-ptdump-command.x86_64 0:1.0.3-2.el7 will be installed
---> Package crash-trace-command.x86_64 0:2.0-14.el7 will be installed
---> Package crda.x86_64 0:3.18_2018.05.31-4.el7 will be installed
---> Package crontabs.noarch 0:1.11-6.20121102git.el7 will be installed
--> Processing Dependency: /etc/cron.d for package: crontabs-1.11-6.20121102git.el7.noarch
---> Package cryptsetup.x86_64 0:2.0.3-3.el7 will be installed
---> Package cups.x86_64 1:1.6.3-35.el7 will be installed
--> Processing Dependency: ghostscript-cups for package: 1:cups-1.6.3-35.el7.x86_64
---> Package cups-client.x86_64 1:1.6.3-35.el7 will be installed
---> Package cups-filesystem.noarch 1:1.6.3-35.el7 will be installed
---> Package cups-filters.x86_64 0:1.0.35-22.el7 will be installed
--> Processing Dependency: libijs-0.35.so()(64bit) for package: cups-filters-1.0.35-22.el7.x86_64
---> Package cups-filters-libs.x86_64 0:1.0.35-22.el7 will be installed
---> Package cups-libs.x86_64 1:1.6.3-35.el7 will be installed
---> Package cyrus-sasl.x86_64 0:2.1.26-23.el7 will be installed
---> Package cyrus-sasl-plain.x86_64 0:2.1.26-23.el7 will be installed
---> Package dejavu-fonts-common.noarch 0:2.33-6.el7 will be installed
---> Package dejavu-sans-fonts.noarch 0:2.33-6.el7 will be installed
---> Package desktop-file-utils.x86_64 0:0.23-1.el7 will be installed
---> Package device-mapper-multipath.x86_64 0:0.4.9-123.el7 will be installed
---> Package device-mapper-multipath-libs.x86_64 0:0.4.9-123.el7 will be installed
---> Package device-mapper-persistent-data.x86_64 0:0.7.3-3.el7 will be installed
---> Package dhclient.x86_64 12:4.2.5-68.el7.centos.1 will be installed
--> Processing Dependency: iproute for package: 12:dhclient-4.2.5-68.el7.centos.1.x86_64
--> Processing Dependency: libisc-export.so.95()(64bit) for package: 12:dhclient-4.2.5-68.el7.centos.1.x86_64
--> Processing Dependency: libdns-export.so.100()(64bit) for package: 12:dhclient-4.2.5-68.el7.centos.1.x86_64
---> Package dhcp-common.x86_64 12:4.2.5-68.el7.centos.1 will be installed
---> Package dhcp-libs.x86_64 12:4.2.5-68.el7.centos.1 will be installed
---> Package dmidecode.x86_64 1:3.1-2.el7 will be installed
---> Package dmraid.x86_64 0:1.0.0.rc16-28.el7 will be installed
--> Processing Dependency: libdevmapper-event.so.1.02(Base)(64bit) for package: dmraid-1.0.0.rc16-28.el7.x86_64
--> Processing Dependency: libdevmapper-event.so.1.02()(64bit) for package: dmraid-1.0.0.rc16-28.el7.x86_64
---> Package dmraid-events.x86_64 0:1.0.0.rc16-28.el7 will be installed
--> Processing Dependency: device-mapper-event for package: dmraid-events-1.0.0.rc16-28.el7.x86_64
---> Package dos2unix.x86_64 0:6.0.3-7.el7 will be installed
---> Package dosfstools.x86_64 0:3.0.20-10.el7 will be installed
---> Package dracut-config-rescue.x86_64 0:033-554.el7 will be installed
---> Package dracut-network.x86_64 0:033-554.el7 will be installed
---> Package dyninst.x86_64 0:9.3.1-2.el7 will be installed
---> Package e2fsprogs.x86_64 0:1.42.9-13.el7 will be installed
---> Package e2fsprogs-libs.x86_64 0:1.42.9-13.el7 will be installed
---> Package ebtables.x86_64 0:2.0.10-16.el7 will be installed
---> Package ed.x86_64 0:1.9-4.el7 will be installed
---> Package efibootmgr.x86_64 0:17-2.el7 will be installed
--> Processing Dependency: libefivar.so.1(libefivar.so.0)(64bit) for package: efibootmgr-17-2.el7.x86_64
--> Processing Dependency: libefivar.so.1(LIBEFIVAR_1.36)(64bit) for package: efibootmgr-17-2.el7.x86_64
--> Processing Dependency: libefivar.so.1(LIBEFIVAR_1.30)(64bit) for package: efibootmgr-17-2.el7.x86_64
--> Processing Dependency: libefivar.so.1(LIBEFIVAR_0.24)(64bit) for package: efibootmgr-17-2.el7.x86_64
--> Processing Dependency: libefiboot.so.1(libefiboot.so.0)(64bit) for package: efibootmgr-17-2.el7.x86_64
--> Processing Dependency: libefivar.so.1()(64bit) for package: efibootmgr-17-2.el7.x86_64
--> Processing Dependency: libefiboot.so.1()(64bit) for package: efibootmgr-17-2.el7.x86_64
---> Package elfutils.x86_64 0:0.172-2.el7 will be installed
---> Package elfutils-libelf-devel.x86_64 0:0.172-2.el7 will be installed
---> Package emacs-filesystem.noarch 1:24.3-22.el7 will be installed
---> Package ethtool.x86_64 2:4.8-9.el7 will be installed
---> Package file.x86_64 0:5.11-35.el7 will be installed
---> Package fipscheck.x86_64 0:1.4.1-6.el7 will be installed
---> Package fipscheck-lib.x86_64 0:1.4.1-6.el7 will be installed
---> Package firewalld.noarch 0:0.5.3-5.el7 will be installed
--> Processing Dependency: ipset for package: firewalld-0.5.3-5.el7.noarch
---> Package firewalld-filesystem.noarch 0:0.5.3-5.el7 will be installed
---> Package flac-libs.x86_64 0:1.3.0-5.el7_1 will be installed
---> Package fontconfig.x86_64 0:2.13.0-4.3.el7 will be installed
---> Package fontpackages-filesystem.noarch 0:1.44-8.el7 will be installed
---> Package fprintd.x86_64 0:0.8.1-2.el7 will be installed
---> Package fprintd-pam.x86_64 0:0.8.1-2.el7 will be installed
---> Package freeglut.x86_64 0:3.0.0-8.el7 will be installed
---> Package fribidi.x86_64 0:1.0.2-1.el7 will be installed
---> Package ftp.x86_64 0:0.17-67.el7 will be installed
---> Package fxload.x86_64 0:2002_04_11-16.el7 will be installed
---> Package ganglia.x86_64 0:3.7.2-2.el7 will be installed
---> Package ganglia-gmond.x86_64 0:3.7.2-2.el7 will be installed
---> Package ganglia-gmond-python.x86_64 0:3.7.2-2.el7 will be installed
---> Package gdb.x86_64 0:7.6.1-114.el7 will be installed
---> Package gdbm-devel.x86_64 0:1.10-8.el7 will be installed
---> Package gdisk.x86_64 0:0.8.10-2.el7 will be installed
---> Package gdk-pixbuf2.x86_64 0:2.36.12-3.el7 will be installed
---> Package gettext.x86_64 0:0.19.8.1-2.el7 will be installed
--> Processing Dependency: libgomp.so.1(GOMP_1.0)(64bit) for package: gettext-0.19.8.1-2.el7.x86_64
--> Processing Dependency: libgomp.so.1()(64bit) for package: gettext-0.19.8.1-2.el7.x86_64
---> Package gettext-libs.x86_64 0:0.19.8.1-2.el7 will be installed
---> Package ghostscript-fonts.noarch 0:5.50-32.el7 will be installed
---> Package giflib.x86_64 0:4.1.6-9.el7 will be installed
---> Package glx-utils.x86_64 0:8.3.0-10.el7 will be installed
---> Package gpm-libs.x86_64 0:1.20.7-5.el7 will be installed
---> Package graphite2.x86_64 0:1.3.10-1.el7_3 will be installed
---> Package groff-base.x86_64 0:1.22.2-8.el7 will be installed
---> Package grubby.x86_64 0:8.28-25.el7 will be installed
---> Package gsm.x86_64 0:1.0.13-11.el7 will be installed
---> Package gssproxy.x86_64 0:0.7.0-21.el7 will be installed
---> Package gtk-update-icon-cache.x86_64 0:3.22.30-3.el7 will be installed
---> Package gtk2.x86_64 0:2.24.31-1.el7 will be installed
--> Processing Dependency: pango >= 1.20.0-1 for package: gtk2-2.24.31-1.el7.x86_64
--> Processing Dependency: libpangoft2-1.0.so.0()(64bit) for package: gtk2-2.24.31-1.el7.x86_64
--> Processing Dependency: libpangocairo-1.0.so.0()(64bit) for package: gtk2-2.24.31-1.el7.x86_64
--> Processing Dependency: libpango-1.0.so.0()(64bit) for package: gtk2-2.24.31-1.el7.x86_64
---> Package harfbuzz.x86_64 0:1.7.5-2.el7 will be installed
---> Package hesiod.x86_64 0:3.2.1-3.el7 will be installed
---> Package hicolor-icon-theme.noarch 0:0.12-7.el7 will be installed
---> Package hwdata.x86_64 0:0.252-9.1.el7 will be installed
---> Package initscripts.x86_64 0:9.49.46-1.el7 will be installed
---> Package ipmitool.x86_64 0:1.8.18-7.el7 will be installed
---> Package iprutils.x86_64 0:2.4.16.1-1.el7 will be installed
---> Package iptables.x86_64 0:1.4.21-28.el7 will be installed
---> Package irqbalance.x86_64 3:1.0.7-11.el7 will be installed
---> Package iscsi-initiator-utils.x86_64 0:6.2.0.874-10.el7 will be installed
---> Package iscsi-initiator-utils-iscsiuio.x86_64 0:6.2.0.874-10.el7 will be installed
---> Package ivtv-firmware.noarch 2:20080701-26.el7 will be installed
---> Package iw.x86_64 0:4.3-2.el7 will be installed
---> Package iwl100-firmware.noarch 0:39.31.5.1-69.el7 will be installed
---> Package iwl1000-firmware.noarch 1:39.31.5.1-69.el7 will be installed
---> Package iwl105-firmware.noarch 0:18.168.6.1-69.el7 will be installed
---> Package iwl135-firmware.noarch 0:18.168.6.1-69.el7 will be installed
---> Package iwl2000-firmware.noarch 0:18.168.6.1-69.el7 will be installed
---> Package iwl2030-firmware.noarch 0:18.168.6.1-69.el7 will be installed
---> Package iwl3160-firmware.noarch 0:22.0.7.0-69.el7 will be installed
---> Package iwl3945-firmware.noarch 0:15.32.2.9-69.el7 will be installed
---> Package iwl4965-firmware.noarch 0:228.61.2.24-69.el7 will be installed
---> Package iwl5000-firmware.noarch 0:8.83.5.1_1-69.el7 will be installed
---> Package iwl5150-firmware.noarch 0:8.24.2.2-69.el7 will be installed
---> Package iwl6000-firmware.noarch 0:9.221.4.1-69.el7 will be installed
---> Package iwl6000g2a-firmware.noarch 0:17.168.5.3-69.el7 will be installed
---> Package iwl6000g2b-firmware.noarch 0:17.168.5.2-69.el7 will be installed
---> Package iwl6050-firmware.noarch 0:41.28.5.1-69.el7 will be installed
---> Package iwl7260-firmware.noarch 0:22.0.7.0-69.el7 will be installed
---> Package iwl7265-firmware.noarch 0:22.0.7.0-69.el7 will be installed
---> Package jansson.x86_64 0:2.10-1.el7 will be installed
---> Package jasper-libs.x86_64 0:1.900.1-33.el7 will be installed
---> Package javapackages-tools.noarch 0:3.4.1-11.el7 will be installed
---> Package jbigkit-libs.x86_64 0:2.0-11.el7 will be installed
---> Package kbd.x86_64 0:1.15.5-15.el7 will be installed
---> Package kbd-legacy.noarch 0:1.15.5-15.el7 will be installed
---> Package kbd-misc.noarch 0:1.15.5-15.el7 will be installed
---> Package kernel.x86_64 0:3.10.0-957.el7 will be installed
---> Package kernel-devel.x86_64 0:3.10.0-957.el7 will be installed
--> Processing Dependency: perl for package: kernel-devel-3.10.0-957.el7.x86_64
---> Package keyutils.x86_64 0:1.5.8-3.el7 will be installed
---> Package kpatch.noarch 0:0.6.1-1.el7 will be installed
---> Package ksh.x86_64 0:20120801-139.el7 will be installed
---> Package lapack.x86_64 0:3.4.2-8.el7 will be installed
---> Package latrace.x86_64 0:0.5.11-6.1.el7 will be installed
---> Package lcms2.x86_64 0:2.6-3.el7 will be installed
---> Package ledmon.x86_64 0:0.90-1.el7 will be installed
---> Package less.x86_64 0:458-9.el7 will be installed
---> Package libICE.x86_64 0:1.0.9-9.el7 will be installed
---> Package libSM.x86_64 0:1.2.2-2.el7 will be installed
---> Package libX11.x86_64 0:1.6.5-2.el7 will be installed
---> Package libX11-common.noarch 0:1.6.5-2.el7 will be installed
---> Package libXau.x86_64 0:1.0.8-2.1.el7 will be installed
---> Package libXaw.x86_64 0:1.0.13-4.el7 will be installed
---> Package libXcomposite.x86_64 0:0.4.4-4.1.el7 will be installed
---> Package libXcursor.x86_64 0:1.1.15-1.el7 will be installed
---> Package libXdamage.x86_64 0:1.1.4-4.1.el7 will be installed
---> Package libXdmcp.x86_64 0:1.1.2-6.el7 will be installed
---> Package libXext.x86_64 0:1.3.3-3.el7 will be installed
---> Package libXfixes.x86_64 0:5.0.3-1.el7 will be installed
---> Package libXfont.x86_64 0:1.5.4-1.el7 will be installed
---> Package libXfont2.x86_64 0:2.0.3-1.el7 will be installed
---> Package libXft.x86_64 0:2.3.2-2.el7 will be installed
---> Package libXi.x86_64 0:1.7.9-1.el7 will be installed
---> Package libXinerama.x86_64 0:1.1.3-2.1.el7 will be installed
---> Package libXmu.x86_64 0:1.1.2-2.el7 will be installed
---> Package libXp.x86_64 0:1.0.2-2.1.el7 will be installed
---> Package libXpm.x86_64 0:3.5.12-1.el7 will be installed
---> Package libXrandr.x86_64 0:1.5.1-2.el7 will be installed
---> Package libXrender.x86_64 0:0.9.10-1.el7 will be installed
---> Package libXt.x86_64 0:1.1.5-3.el7 will be installed
---> Package libXtst.x86_64 0:1.2.3-1.el7 will be installed
---> Package libXv.x86_64 0:1.0.11-1.el7 will be installed
---> Package libXvMC.x86_64 0:1.0.10-1.el7 will be installed
---> Package libXxf86dga.x86_64 0:1.1.4-2.1.el7 will be installed
---> Package libXxf86misc.x86_64 0:1.0.3-7.1.el7 will be installed
---> Package libXxf86vm.x86_64 0:1.1.4-1.el7 will be installed
---> Package libaio.x86_64 0:0.3.109-13.el7 will be installed
---> Package libarchive.x86_64 0:3.1.2-10.el7_2 will be installed
---> Package libasyncns.x86_64 0:0.8-7.el7 will be installed
---> Package libbasicobjects.x86_64 0:0.1.1-32.el7 will be installed
---> Package libcgroup.x86_64 0:0.41-20.el7 will be installed
---> Package libcgroup-tools.x86_64 0:0.41-20.el7 will be installed
---> Package libcollection.x86_64 0:0.7.0-32.el7 will be installed
---> Package libconfig.x86_64 0:1.4.9-5.el7 will be installed
---> Package libconfuse.x86_64 0:2.7-7.el7 will be installed
---> Package libcroco.x86_64 0:0.6.12-4.el7 will be installed
---> Package libdaemon.x86_64 0:0.14-7.el7 will be installed
---> Package libdb-devel.x86_64 0:5.3.21-24.el7 will be installed
---> Package libdmx.x86_64 0:1.1.3-3.el7 will be installed
---> Package libdrm.x86_64 0:2.4.91-3.el7 will be installed
---> Package libdwarf.x86_64 0:20130207-4.el7 will be installed
---> Package libedit.x86_64 0:3.0-12.20121213cvs.el7 will be installed
---> Package libepoxy.x86_64 0:1.5.2-1.el7 will be installed
---> Package liberation-fonts-common.noarch 1:1.07.2-16.el7 will be installed
---> Package liberation-mono-fonts.noarch 1:1.07.2-16.el7 will be installed
---> Package libestr.x86_64 0:0.1.9-2.el7 will be installed
---> Package libevdev.x86_64 0:1.5.6-1.el7 will be installed
---> Package libevent.x86_64 0:2.0.21-4.el7 will be installed
---> Package libfastjson.x86_64 0:0.99.4-3.el7 will be installed
---> Package libfontenc.x86_64 0:1.1.3-3.el7 will be installed
---> Package libfprint.x86_64 0:0.8.2-1.el7 will be installed
---> Package libglvnd.x86_64 1:1.0.1-0.8.git5baa1e5.el7 will be installed
---> Package libglvnd-egl.x86_64 1:1.0.1-0.8.git5baa1e5.el7 will be installed
--> Processing Dependency: mesa-libEGL(x86-64) >= 13.0.4-1 for package: 1:libglvnd-egl-1.0.1-0.8.git5baa1e5.el7.x86_64
---> Package libglvnd-gles.x86_64 1:1.0.1-0.8.git5baa1e5.el7 will be installed
---> Package libglvnd-glx.x86_64 1:1.0.1-0.8.git5baa1e5.el7 will be installed
--> Processing Dependency: mesa-libGL(x86-64) >= 13.0.4-1 for package: 1:libglvnd-glx-1.0.1-0.8.git5baa1e5.el7.x86_64
---> Package libglvnd-opengl.x86_64 1:1.0.1-0.8.git5baa1e5.el7 will be installed
---> Package libicu.x86_64 0:50.1.2-17.el7 will be installed
---> Package libini_config.x86_64 0:1.3.1-32.el7 will be installed
---> Package libjpeg-turbo.x86_64 0:1.2.90-6.el7 will be installed
---> Package libldb.x86_64 0:1.3.4-1.el7 will be installed
---> Package libmcrypt.x86_64 0:2.5.8-13.el7 will be installed
---> Package libmnl.x86_64 0:1.0.3-7.el7 will be installed
---> Package libmodman.x86_64 0:2.0.1-8.el7 will be installed
---> Package libmpc.x86_64 0:1.0.1-3.el7 will be installed
---> Package libnetfilter_conntrack.x86_64 0:1.0.6-1.el7_3 will be installed
---> Package libnfnetlink.x86_64 0:1.0.1-4.el7 will be installed
---> Package libnfsidmap.x86_64 0:0.25-19.el7 will be installed
---> Package libnl.x86_64 0:1.1.4-3.el7 will be installed
---> Package libnl3.x86_64 0:3.2.28-4.el7 will be installed
---> Package libnl3-cli.x86_64 0:3.2.28-4.el7 will be installed
---> Package libogg.x86_64 2:1.3.0-7.el7 will be installed
---> Package libpath_utils.x86_64 0:0.2.1-32.el7 will be installed
---> Package libpcap.x86_64 14:1.5.3-11.el7 will be installed
---> Package libpciaccess.x86_64 0:0.14-1.el7 will be installed
---> Package libpfm.x86_64 0:4.7.0-10.el7 will be installed
---> Package libpipeline.x86_64 0:1.2.3-3.el7 will be installed
---> Package libpng.x86_64 2:1.5.13-7.el7_2 will be installed
---> Package libpng12.x86_64 0:1.2.50-10.el7 will be installed
---> Package libproxy.x86_64 0:0.4.11-11.el7 will be installed
---> Package librados2.x86_64 1:10.2.5-4.el7 will be installed
---> Package libref_array.x86_64 0:0.1.5-32.el7 will be installed
---> Package libreport.x86_64 0:2.1.11-42.el7.centos will be installed
--> Processing Dependency: libaugeas.so.0(AUGEAS_0.8.0)(64bit) for package: libreport-2.1.11-42.el7.centos.x86_64
--> Processing Dependency: libaugeas.so.0(AUGEAS_0.10.0)(64bit) for package: libreport-2.1.11-42.el7.centos.x86_64
--> Processing Dependency: libaugeas.so.0(AUGEAS_0.1.0)(64bit) for package: libreport-2.1.11-42.el7.centos.x86_64
--> Processing Dependency: libaugeas.so.0()(64bit) for package: libreport-2.1.11-42.el7.centos.x86_64
---> Package libreport-centos.x86_64 0:2.1.11-42.el7.centos will be installed
---> Package libreport-cli.x86_64 0:2.1.11-42.el7.centos will be installed
---> Package libreport-filesystem.x86_64 0:2.1.11-42.el7.centos will be installed
---> Package libreport-plugin-mailx.x86_64 0:2.1.11-42.el7.centos will be installed
---> Package libreport-plugin-mantisbt.x86_64 0:2.1.11-42.el7.centos will be installed
---> Package libreport-plugin-rhtsupport.x86_64 0:2.1.11-42.el7.centos will be installed
---> Package libreport-plugin-ureport.x86_64 0:2.1.11-42.el7.centos will be installed
---> Package libreport-python.x86_64 0:2.1.11-42.el7.centos will be installed
---> Package libreport-web.x86_64 0:2.1.11-42.el7.centos will be installed
---> Package libseccomp.x86_64 0:2.3.1-3.el7 will be installed
---> Package libselinux-python.x86_64 0:2.5-14.1.el7 will be installed
---> Package libselinux-utils.x86_64 0:2.5-14.1.el7 will be installed
---> Package libsmi.x86_64 0:0.4.8-13.el7 will be installed
--> Processing Dependency: wget for package: libsmi-0.4.8-13.el7.x86_64
---> Package libsndfile.x86_64 0:1.0.25-10.el7 will be installed
---> Package libss.x86_64 0:1.42.9-13.el7 will be installed
---> Package libstoragemgmt.x86_64 0:1.6.2-4.el7 will be installed
---> Package libstoragemgmt-python.noarch 0:1.6.2-4.el7 will be installed
---> Package libstoragemgmt-python-clibs.x86_64 0:1.6.2-4.el7 will be installed
---> Package libsysfs.x86_64 0:2.1.0-16.el7 will be installed
---> Package libtalloc.x86_64 0:2.1.13-1.el7 will be installed
---> Package libtar.x86_64 0:1.2.11-29.el7 will be installed
---> Package libtdb.x86_64 0:1.3.15-1.el7 will be installed
---> Package libtevent.x86_64 0:0.9.36-1.el7 will be installed
---> Package libthai.x86_64 0:0.1.14-9.el7 will be installed
---> Package libtiff.x86_64 0:4.0.3-27.el7_3 will be installed
---> Package libtirpc.x86_64 0:0.2.4-0.15.el7 will be installed
---> Package libtool-ltdl.x86_64 0:2.4.2-22.el7_3 will be installed
---> Package libunistring.x86_64 0:0.9.3-9.el7 will be installed
---> Package libusbx.x86_64 0:1.0.21-1.el7 will be installed
---> Package libvdpau.x86_64 0:1.1.1-3.el7 will be installed
---> Package libverto-libevent.x86_64 0:0.2.5-4.el7 will be installed
---> Package libvorbis.x86_64 1:1.3.3-8.el7.1 will be installed
---> Package libwayland-client.x86_64 0:1.15.0-1.el7 will be installed
---> Package libwayland-server.x86_64 0:1.15.0-1.el7 will be installed
---> Package libxcb.x86_64 0:1.13-1.el7 will be installed
---> Package libxkbfile.x86_64 0:1.0.9-3.el7 will be installed
---> Package libxml2.i686 0:2.9.1-6.el7_2.3 will be installed
--> Processing Dependency: libm.so.6(GLIBC_2.1) for package: libxml2-2.9.1-6.el7_2.3.i686
--> Processing Dependency: libm.so.6(GLIBC_2.0) for package: libxml2-2.9.1-6.el7_2.3.i686
--> Processing Dependency: libm.so.6 for package: libxml2-2.9.1-6.el7_2.3.i686
--> Processing Dependency: libdl.so.2(GLIBC_2.1) for package: libxml2-2.9.1-6.el7_2.3.i686
--> Processing Dependency: libdl.so.2(GLIBC_2.0) for package: libxml2-2.9.1-6.el7_2.3.i686
--> Processing Dependency: libdl.so.2 for package: libxml2-2.9.1-6.el7_2.3.i686
--> Processing Dependency: libc.so.6(GLIBC_2.15) for package: libxml2-2.9.1-6.el7_2.3.i686
---> Package libxshmfence.x86_64 0:1.2-1.el7 will be installed
---> Package libxslt.x86_64 0:1.1.28-5.el7 will be installed
---> Package libyaml.x86_64 0:0.1.4-11.el7_0 will be installed
---> Package linux-firmware.noarch 0:20180911-69.git85c5d90.el7 will be installed
---> Package lksctp-tools.x86_64 0:1.0.17-2.el7 will be installed
---> Package lldpad.x86_64 0:1.0.1-3.git036e314.el7 will be installed
---> Package llvm-private.x86_64 0:6.0.1-2.el7 will be installed
---> Package lm_sensors-libs.x86_64 0:3.4.0-6.20160601gitf9185e5.el7 will be installed
---> Package logrotate.x86_64 0:3.8.6-17.el7 will be installed
---> Package logwatch.noarch 0:7.4.0-35.20130522svn140.el7_5 will be installed
---> Package lshw.x86_64 0:B.02.18-12.el7 will be installed
---> Package lsof.x86_64 0:4.87-6.el7 will be installed
---> Package lsscsi.x86_64 0:0.27-6.el7 will be installed
---> Package ltrace.x86_64 0:0.7.91-15.el7 will be installed
---> Package lzo.x86_64 0:2.06-8.el7 will be installed
---> Package m4.x86_64 0:1.4.16-10.el7 will be installed
---> Package mailcap.noarch 0:2.1.41-2.el7 will be installed
---> Package mailx.x86_64 0:12.5-19.el7 will be installed
---> Package make.x86_64 1:3.82-23.el7 will be installed
---> Package man-db.x86_64 0:2.6.3-11.el7 will be installed
---> Package man-pages.noarch 0:3.53-5.el7 will be installed
---> Package man-pages-overrides.x86_64 0:7.6.2-1.el7 will be installed
---> Package mariadb-libs.x86_64 1:5.5.60-1.el7_5 will be installed
---> Package mcelog.x86_64 3:144-9.94d853b2ea81.el7 will be installed
---> Package mdadm.x86_64 0:4.1-rc1_2.el7 will be installed
---> Package memstomp.x86_64 0:0.1.4-11.el7 will be installed
---> Package mesa-private-llvm.x86_64 0:3.9.1-3.el7 will be installed
---> Package mlocate.x86_64 0:0.26-8.el7 will be installed
---> Package motif.x86_64 0:2.3.4-14.el7_5 will be installed
---> Package mozjs17.x86_64 0:17.0.0-20.el7 will be installed
---> Package mpfr.x86_64 0:3.1.1-4.el7 will be installed
---> Package mt-st.x86_64 0:1.1-14.el7 will be installed
---> Package mtdev.x86_64 0:1.1.5-5.el7 will be installed
---> Package mtools.x86_64 0:4.0.18-5.el7 will be installed
---> Package mtr.x86_64 2:0.85-7.el7 will be installed
---> Package nano.x86_64 0:2.3.1-10.el7 will be installed
---> Package ncurses-libs.i686 0:5.9-14.20130511.el7_4 will be installed
--> Processing Dependency: libstdc++.so.6(GLIBCXX_3.4) for package: ncurses-libs-5.9-14.20130511.el7_4.i686
--> Processing Dependency: libstdc++.so.6(CXXABI_1.3) for package: ncurses-libs-5.9-14.20130511.el7_4.i686
--> Processing Dependency: libstdc++.so.6 for package: ncurses-libs-5.9-14.20130511.el7_4.i686
--> Processing Dependency: libgcc_s.so.1(GCC_3.0) for package: ncurses-libs-5.9-14.20130511.el7_4.i686
--> Processing Dependency: libgcc_s.so.1 for package: ncurses-libs-5.9-14.20130511.el7_4.i686
---> Package net-tools.x86_64 0:2.0-0.24.20131004git.el7 will be installed
---> Package nettle.x86_64 0:2.7.1-8.el7 will be installed
---> Package newt.x86_64 0:0.52.15-4.el7 will be installed
---> Package newt-python.x86_64 0:0.52.15-4.el7 will be installed
---> Package nfs-utils.x86_64 1:1.3.0-0.61.el7 will be installed
---> Package nfs4-acl-tools.x86_64 0:0.3.3-19.el7 will be installed
---> Package nmap.x86_64 2:6.40-16.el7 will be installed
---> Package nmap-ncat.x86_64 2:6.40-16.el7 will be installed
---> Package nss-softokn-freebl.i686 0:3.36.0-5.el7_5 will be installed
---> Package ntp.x86_64 0:4.2.6p5-28.el7.centos will be installed
---> Package ntpdate.x86_64 0:4.2.6p5-28.el7.centos will be installed
---> Package ntsysv.x86_64 0:1.7.4-1.el7 will be installed
---> Package numactl.x86_64 0:2.0.9-7.el7 will be installed
---> Package numactl-libs.x86_64 0:2.0.9-7.el7 will be installed
---> Package openjpeg-libs.x86_64 0:1.5.1-18.el7 will be installed
---> Package openssh.x86_64 0:7.4p1-16.el7 will be installed
---> Package openssh-clients.x86_64 0:7.4p1-16.el7 will be installed
---> Package openssh-server.x86_64 0:7.4p1-16.el7 will be installed
---> Package openssl098e.x86_64 0:0.9.8e-29.el7.centos.3 will be installed
---> Package os-prober.x86_64 0:1.58-9.el7 will be installed
---> Package papi.x86_64 0:5.2.0-26.el7 will be installed
---> Package parted.x86_64 0:3.1-29.el7 will be installed
---> Package patch.x86_64 0:2.7.1-10.el7_5 will be installed
---> Package pciutils.x86_64 0:3.5.1-3.el7 will be installed
---> Package pciutils-libs.x86_64 0:3.5.1-3.el7 will be installed
---> Package pcsc-lite-libs.x86_64 0:1.8.8-8.el7 will be installed
---> Package perl-Archive-Extract.noarch 1:0.68-3.el7 will be installed
--> Processing Dependency: perl(Locale::Maketext::Simple) for package: 1:perl-Archive-Extract-0.68-3.el7.noarch
---> Package perl-Archive-Tar.noarch 0:1.92-2.el7 will be installed
--> Processing Dependency: perl(IO::Zlib) >= 1.01 for package: perl-Archive-Tar-1.92-2.el7.noarch
--> Processing Dependency: perl(Package::Constants) for package: perl-Archive-Tar-1.92-2.el7.noarch
--> Processing Dependency: perl(IO::Zlib) for package: perl-Archive-Tar-1.92-2.el7.noarch
---> Package perl-B-Lint.noarch 0:1.17-3.el7 will be installed
---> Package perl-Bit-Vector.x86_64 0:7.3-3.el7 will be installed
---> Package perl-Business-ISBN.noarch 0:2.06-2.el7 will be installed
---> Package perl-Business-ISBN-Data.noarch 0:20120719.001-2.el7 will be installed
---> Package perl-CGI.noarch 0:3.63-4.el7 will be installed
---> Package perl-CPAN-Meta.noarch 0:2.120921-5.el7 will be installed
---> Package perl-CPAN-Meta-Requirements.noarch 0:2.122-7.el7 will be installed
---> Package perl-CPAN-Meta-YAML.noarch 0:0.008-14.el7 will be installed
---> Package perl-CPANPLUS.noarch 0:0.91.38-4.el7 will be installed
--> Processing Dependency: perl(Module::CoreList) >= 2.22 for package: perl-CPANPLUS-0.91.38-4.el7.noarch
--> Processing Dependency: perl(Object::Accessor) for package: perl-CPANPLUS-0.91.38-4.el7.noarch
--> Processing Dependency: perl(Module::Loaded) for package: perl-CPANPLUS-0.91.38-4.el7.noarch
---> Package perl-CPANPLUS-Dist-Build.noarch 0:0.70-3.el7 will be installed
---> Package perl-Carp.noarch 0:1.26-244.el7 will be installed
---> Package perl-Carp-Clan.noarch 0:6.04-10.el7 will be installed
---> Package perl-Compress-Raw-Bzip2.x86_64 0:2.061-3.el7 will be installed
---> Package perl-Compress-Raw-Zlib.x86_64 1:2.061-4.el7 will be installed
---> Package perl-Convert-ASN1.noarch 0:0.26-4.el7 will be installed
---> Package perl-Crypt-SSLeay.x86_64 0:0.64-5.el7 will be installed
---> Package perl-DBD-SQLite.x86_64 0:1.39-3.el7 will be installed
---> Package perl-DBI.x86_64 0:1.627-4.el7 will be installed
---> Package perl-DBIx-Simple.noarch 0:1.35-7.el7 will be installed
---> Package perl-DB_File.x86_64 0:1.830-6.el7 will be installed
---> Package perl-Data-Dumper.x86_64 0:2.145-3.el7 will be installed
---> Package perl-Date-Calc.noarch 0:6.3-14.el7 will be installed
---> Package perl-Date-Manip.noarch 0:6.41-2.el7 will be installed
---> Package perl-Digest.noarch 0:1.17-245.el7 will be installed
---> Package perl-Digest-MD5.x86_64 0:2.52-3.el7 will be installed
---> Package perl-Digest-SHA.x86_64 1:5.85-4.el7 will be installed
---> Package perl-Encode.x86_64 0:2.51-7.el7 will be installed
---> Package perl-Encode-Locale.noarch 0:1.03-5.el7 will be installed
---> Package perl-Env.noarch 0:1.04-2.el7 will be installed
---> Package perl-Exporter.noarch 0:5.68-3.el7 will be installed
---> Package perl-ExtUtils-MakeMaker.noarch 0:6.68-3.el7 will be installed
--> Processing Dependency: perl(ExtUtils::Packlist) for package: perl-ExtUtils-MakeMaker-6.68-3.el7.noarch
--> Processing Dependency: perl(ExtUtils::Installed) for package: perl-ExtUtils-MakeMaker-6.68-3.el7.noarch
--> Processing Dependency: perl(ExtUtils::Install) for package: perl-ExtUtils-MakeMaker-6.68-3.el7.noarch
---> Package perl-ExtUtils-Manifest.noarch 0:1.61-244.el7 will be installed
---> Package perl-ExtUtils-ParseXS.noarch 1:3.18-3.el7 will be installed
--> Processing Dependency: perl-devel for package: 1:perl-ExtUtils-ParseXS-3.18-3.el7.noarch
---> Package perl-FCGI.x86_64 1:0.74-8.el7 will be installed
---> Package perl-File-CheckTree.noarch 0:4.42-3.el7 will be installed
---> Package perl-File-Fetch.noarch 0:0.42-2.el7 will be installed
---> Package perl-File-Listing.noarch 0:6.04-7.el7 will be installed
---> Package perl-File-Path.noarch 0:2.09-2.el7 will be installed
---> Package perl-File-Temp.noarch 0:0.23.01-3.el7 will be installed
---> Package perl-Filter.x86_64 0:1.49-3.el7 will be installed
---> Package perl-Font-AFM.noarch 0:1.20-13.el7 will be installed
---> Package perl-Getopt-Long.noarch 0:2.40-3.el7 will be installed
---> Package perl-HTML-Format.noarch 0:2.10-7.el7 will be installed
---> Package perl-HTML-Parser.x86_64 0:3.71-4.el7 will be installed
---> Package perl-HTML-Tagset.noarch 0:3.20-15.el7 will be installed
---> Package perl-HTML-Tree.noarch 1:5.03-2.el7 will be installed
---> Package perl-HTTP-Cookies.noarch 0:6.01-5.el7 will be installed
---> Package perl-HTTP-Daemon.noarch 0:6.01-8.el7 will be installed
---> Package perl-HTTP-Date.noarch 0:6.02-8.el7 will be installed
---> Package perl-HTTP-Message.noarch 0:6.06-6.el7 will be installed
---> Package perl-HTTP-Negotiate.noarch 0:6.01-5.el7 will be installed
---> Package perl-HTTP-Tiny.noarch 0:0.033-3.el7 will be installed
---> Package perl-IO-Compress.noarch 0:2.061-2.el7 will be installed
---> Package perl-IO-HTML.noarch 0:1.00-2.el7 will be installed
---> Package perl-IO-Socket-IP.noarch 0:0.21-5.el7 will be installed
---> Package perl-IO-Socket-SSL.noarch 0:1.94-7.el7 will be installed
---> Package perl-IO-stringy.noarch 0:2.110-22.el7 will be installed
---> Package perl-IPC-Cmd.noarch 1:0.80-4.el7 will be installed
---> Package perl-JSON-PP.noarch 0:2.27202-2.el7 will be installed
---> Package perl-LWP-MediaTypes.noarch 0:6.02-2.el7 will be installed
---> Package perl-Locale-Codes.noarch 0:3.26-2.el7 will be installed
---> Package perl-Locale-Maketext.noarch 0:1.23-3.el7 will be installed
---> Package perl-Log-Message.noarch 1:0.08-3.el7 will be installed
---> Package perl-Log-Message-Simple.noarch 0:0.10-2.el7 will be installed
---> Package perl-Module-Build.noarch 2:0.40.05-2.el7 will be installed
--> Processing Dependency: perl(ExtUtils::CBuilder) >= 0.27 for package: 2:perl-Module-Build-0.40.05-2.el7.noarch
---> Package perl-Module-Load.noarch 1:0.24-3.el7 will be installed
---> Package perl-Module-Load-Conditional.noarch 0:0.54-3.el7 will be installed
---> Package perl-Module-Metadata.noarch 0:1.000018-2.el7 will be installed
---> Package perl-Module-Pluggable.noarch 1:4.8-3.el7 will be installed
---> Package perl-Mozilla-CA.noarch 0:20130114-5.el7 will be installed
---> Package perl-Net-Daemon.noarch 0:0.48-5.el7 will be installed
---> Package perl-Net-HTTP.noarch 0:6.06-2.el7 will be installed
---> Package perl-Net-IP.noarch 0:1.26-4.el7 will be installed
---> Package perl-Net-LibIDN.x86_64 0:0.12-15.el7 will be installed
---> Package perl-Net-SSLeay.x86_64 0:1.55-6.el7 will be installed
---> Package perl-OLE-Storage_Lite.noarch 0:0.19-9.el7 will be installed
---> Package perl-Params-Check.noarch 1:0.38-2.el7 will be installed
---> Package perl-Parse-CPAN-Meta.noarch 1:1.4404-5.el7 will be installed
---> Package perl-Parse-RecDescent.noarch 0:1.967009-5.el7 will be installed
---> Package perl-PathTools.x86_64 0:3.40-5.el7 will be installed
---> Package perl-Perl-OSType.noarch 0:1.003-3.el7 will be installed
---> Package perl-PlRPC.noarch 0:0.2020-14.el7 will be installed
---> Package perl-Pod-Checker.noarch 0:1.60-2.el7 will be installed
---> Package perl-Pod-LaTeX.noarch 0:0.61-2.el7 will be installed
---> Package perl-Pod-Parser.noarch 0:1.61-2.el7 will be installed
---> Package perl-Pod-Perldoc.noarch 0:3.20-4.el7 will be installed
---> Package perl-Pod-Simple.noarch 1:3.28-4.el7 will be installed
--> Processing Dependency: perl(Pod::Escapes) >= 1.04 for package: 1:perl-Pod-Simple-3.28-4.el7.noarch
---> Package perl-Pod-Usage.noarch 0:1.63-3.el7 will be installed
---> Package perl-Proc-Daemon.noarch 0:0.19-1.el7 will be installed
---> Package perl-Proc-ProcessTable.x86_64 0:0.48-1.el7 will be installed
---> Package perl-Scalar-List-Utils.x86_64 0:1.27-248.el7 will be installed
---> Package perl-Socket.x86_64 0:2.010-4.el7 will be installed
---> Package perl-Spreadsheet-WriteExcel.noarch 0:2.40-1.el7 will be installed
---> Package perl-Storable.x86_64 0:2.45-3.el7 will be installed
---> Package perl-Sys-CPU.x86_64 0:0.54-4.el7 will be installed
---> Package perl-Sys-MemInfo.x86_64 0:0.91-7.el7 will be installed
---> Package perl-Sys-Syslog.x86_64 0:0.33-3.el7 will be installed
---> Package perl-Term-UI.noarch 0:0.36-2.el7 will be installed
---> Package perl-Test-Harness.noarch 0:3.28-3.el7 will be installed
---> Package perl-Test-Simple.noarch 0:0.98-243.el7 will be installed
---> Package perl-Text-ParseWords.noarch 0:3.29-4.el7 will be installed
---> Package perl-Text-Soundex.x86_64 0:3.04-4.el7 will be installed
---> Package perl-Text-Unidecode.noarch 0:0.04-20.el7 will be installed
---> Package perl-Thread-Queue.noarch 0:3.02-2.el7 will be installed
---> Package perl-Time-HiRes.x86_64 4:1.9725-3.el7 will be installed
---> Package perl-Time-Local.noarch 0:1.2300-2.el7 will be installed
---> Package perl-TimeDate.noarch 1:2.30-2.el7 will be installed
---> Package perl-URI.noarch 0:1.60-9.el7 will be installed
---> Package perl-Version-Requirements.noarch 0:0.101022-244.el7 will be installed
---> Package perl-WWW-RobotRules.noarch 0:6.02-5.el7 will be installed
---> Package perl-XML-Dumper.noarch 0:0.81-17.el7 will be installed
---> Package perl-XML-Grove.noarch 0:0.46alpha-52.el7 will be installed
---> Package perl-XML-LibXML.x86_64 1:2.0018-5.el7 will be installed
---> Package perl-XML-NamespaceSupport.noarch 0:1.11-10.el7 will be installed
---> Package perl-XML-Parser.x86_64 0:2.41-10.el7 will be installed
---> Package perl-XML-SAX.noarch 0:0.99-9.el7 will be installed
---> Package perl-XML-SAX-Base.noarch 0:1.08-7.el7 will be installed
---> Package perl-XML-Simple.noarch 0:2.20-5.el7 will be installed
---> Package perl-XML-Simple-DTDReader.noarch 0:0.04-16.el7 will be installed
---> Package perl-XML-Twig.noarch 0:3.44-2.el7 will be installed
---> Package perl-autodie.noarch 0:2.16-2.el7 will be installed
---> Package perl-constant.noarch 0:1.27-2.el7 will be installed
---> Package perl-libwww-perl.noarch 0:6.05-2.el7 will be installed
---> Package perl-libxml-perl.noarch 0:0.08-19.el7 will be installed
---> Package perl-local-lib.noarch 0:1.008010-4.el7 will be installed
---> Package perl-parent.noarch 1:0.225-244.el7 will be installed
---> Package perl-podlators.noarch 0:2.5.1-3.el7 will be installed
---> Package perl-threads.x86_64 0:1.87-4.el7 will be installed
---> Package perl-threads-shared.x86_64 0:1.43-6.el7 will be installed
---> Package perl-version.x86_64 3:0.99.07-3.el7 will be installed
---> Package pinfo.x86_64 0:0.6.10-9.el7 will be installed
---> Package pixman.x86_64 0:0.34.0-1.el7 will be installed
---> Package plymouth.x86_64 0:0.8.9-0.31.20140113.el7.centos will be installed
---> Package plymouth-core-libs.x86_64 0:0.8.9-0.31.20140113.el7.centos will be installed
---> Package plymouth-scripts.x86_64 0:0.8.9-0.31.20140113.el7.centos will be installed
---> Package pm-utils.x86_64 0:1.4.1-27.el7 will be installed
---> Package polkit-pkla-compat.x86_64 0:0.1-4.el7 will be installed
---> Package poppler.x86_64 0:0.26.5-20.el7 will be installed
---> Package poppler-data.noarch 0:0.4.6-3.el7 will be installed
---> Package poppler-utils.x86_64 0:0.26.5-20.el7 will be installed
---> Package portreserve.x86_64 0:0.0.5-11.el7 will be installed
---> Package postfix.x86_64 2:2.10.1-7.el7 will be installed
---> Package prelink.x86_64 0:0.5.0-9.el7 will be installed
---> Package procmail.x86_64 0:3.22-36.el7_4.1 will be installed
---> Package ps_mem.noarch 0:3.1-7.el7 will be installed
---> Package psacct.x86_64 0:6.6.1-13.el7 will be installed
---> Package psmisc.x86_64 0:22.20-15.el7 will be installed
---> Package pulseaudio-libs.x86_64 0:10.0-5.el7 will be installed
---> Package pygobject2.x86_64 0:2.28.6-11.el7 will be installed
---> Package pyparsing.noarch 0:1.5.6-9.el7 will be installed
---> Package python-augeas.noarch 0:0.5.0-2.el7 will be installed
---> Package python-configobj.noarch 0:4.7.2-7.el7 will be installed
---> Package python-configshell.noarch 1:1.1.fb23-5.el7 will be installed
---> Package python-decorator.noarch 0:3.4.0-3.el7 will be installed
---> Package python-dmidecode.x86_64 0:3.12.2-3.el7 will be installed
---> Package python-ethtool.x86_64 0:0.8-7.el7 will be installed
---> Package python-firewall.noarch 0:0.5.3-5.el7 will be installed
---> Package python-javapackages.noarch 0:3.4.1-11.el7 will be installed
---> Package python-kmod.x86_64 0:0.9-4.el7 will be installed
---> Package python-linux-procfs.noarch 0:0.4.9-4.el7 will be installed
---> Package python-lxml.x86_64 0:3.2.1-4.el7 will be installed
---> Package python-pyudev.noarch 0:0.15-9.el7 will be installed
---> Package python-rtslib.noarch 0:2.1.fb63-13.el7 will be installed
---> Package python-schedutils.x86_64 0:0.4-6.el7 will be installed
---> Package python-six.noarch 0:1.9.0-2.el7 will be installed
---> Package python-slip.noarch 0:0.4.0-4.el7 will be installed
---> Package python-slip-dbus.noarch 0:0.4.0-4.el7 will be installed
---> Package python-urwid.x86_64 0:1.1.1-3.el7 will be installed
---> Package python2-futures.noarch 0:3.1.1-5.el7 will be installed
---> Package qpdf-libs.x86_64 0:5.0.1-3.el7 will be installed
---> Package quota.x86_64 1:4.01-17.el7 will be installed
---> Package quota-nls.noarch 1:4.01-17.el7 will be installed
---> Package rasdaemon.x86_64 0:0.4.1-33.1.el7_5 will be installed
---> Package rfkill.x86_64 0:0.4-10.el7 will be installed
---> Package rmt.x86_64 2:1.5.2-13.el7 will be installed
---> Package rng-tools.x86_64 0:6.3.1-3.el7 will be installed
---> Package rpcbind.x86_64 0:0.2.0-47.el7 will be installed
---> Package rsync.x86_64 0:3.1.2-4.el7 will be installed
---> Package rsyslog.x86_64 0:8.24.0-34.el7 will be installed
---> Package rubygem-abrt.noarch 0:0.3.0-1.el7 will be installed
--> Processing Dependency: ruby(rubygems) for package: rubygem-abrt-0.3.0-1.el7.noarch
--> Processing Dependency: ruby(release) for package: rubygem-abrt-0.3.0-1.el7.noarch
---> Package satyr.x86_64 0:0.13-15.el7 will be installed
---> Package scl-utils.x86_64 0:20130529-19.el7 will be installed
---> Package screen.x86_64 0:4.1.0-0.25.20120314git3c2946.el7 will be installed
---> Package sendmail.x86_64 0:8.14.7-5.el7 will be installed
---> Package sendmail-cf.noarch 0:8.14.7-5.el7 will be installed
---> Package setserial.x86_64 0:2.17-33.el7 will be installed
---> Package setuptool.x86_64 0:1.19.11-8.el7 will be installed
---> Package sg3_utils.x86_64 0:1.37-17.el7 will be installed
---> Package sg3_utils-libs.x86_64 0:1.37-17.el7 will be installed
---> Package sgpio.x86_64 0:1.2.0.10-13.el7 will be installed
---> Package slang.x86_64 0:2.2.4-11.el7 will be installed
---> Package smartmontools.x86_64 1:6.5-1.el7 will be installed
---> Package snappy.x86_64 0:1.1.0-3.el7 will be installed
---> Package stix-fonts.noarch 0:1.1.0-5.el7 will be installed
---> Package strace.x86_64 0:4.12-9.el7 will be installed
---> Package sudo.x86_64 0:1.8.23-3.el7 will be installed
---> Package sysfsutils.x86_64 0:2.1.0-16.el7 will be installed
---> Package syslinux.x86_64 0:4.05-15.el7 will be installed
---> Package systemtap-runtime.x86_64 0:3.3-3.el7 will be installed
---> Package systemtap-sdt-devel.x86_64 0:3.3-3.el7 will be installed
---> Package sysvinit-tools.x86_64 0:2.88-14.dsf.el7 will be installed
---> Package targetcli.noarch 0:2.1.fb46-7.el7 will be installed
---> Package tcl.x86_64 1:8.5.13-8.el7 will be installed
---> Package tcp_wrappers.x86_64 0:7.6-77.el7 will be installed
---> Package tcp_wrappers-libs.x86_64 0:7.6-77.el7 will be installed
---> Package tcpdump.x86_64 14:4.9.2-3.el7 will be installed
---> Package tcsh.x86_64 0:6.18.01-15.el7 will be installed
---> Package tftp.x86_64 0:5.2-22.el7 will be installed
---> Package time.x86_64 0:1.7-45.el7 will be installed
---> Package tk.x86_64 1:8.5.13-6.el7 will be installed
---> Package tmpwatch.x86_64 0:2.11-5.el7 will be installed
---> Package trace-cmd.x86_64 0:2.6.0-10.el7 will be installed
---> Package traceroute.x86_64 3:2.0.22-2.el7 will be installed
---> Package trousers.x86_64 0:0.3.14-2.el7 will be installed
---> Package ttmkfdir.x86_64 0:3.0.9-42.el7 will be installed
---> Package unixODBC.x86_64 0:2.3.1-11.el7 will be installed
---> Package unzip.x86_64 0:6.0-19.el7 will be installed
---> Package urw-fonts.noarch 0:2.4-16.el7 will be installed
---> Package usb_modeswitch.x86_64 0:2.5.1-1.el7 will be installed
---> Package usb_modeswitch-data.noarch 0:20170806-1.el7 will be installed
---> Package usbutils.x86_64 0:007-5.el7 will be installed
---> Package usermode.x86_64 0:1.111-5.el7 will be installed
---> Package uuid.x86_64 0:1.6.2-26.el7 will be installed
---> Package valgrind.x86_64 1:3.13.0-13.el7 will be installed
---> Package virt-what.x86_64 0:1.18-4.el7 will be installed
---> Package vulkan-filesystem.noarch 0:1.1.73.0-1.el7 will be installed
---> Package which.x86_64 0:2.20-7.el7 will be installed
---> Package wireshark.x86_64 0:1.10.14-16.el7 will be installed
--> Processing Dependency: libgnutls.so.28(GNUTLS_1_4)(64bit) for package: wireshark-1.10.14-16.el7.x86_64
--> Processing Dependency: libgnutls.so.28()(64bit) for package: wireshark-1.10.14-16.el7.x86_64
---> Package words.noarch 0:3.0-22.el7 will be installed
---> Package xcb-util.x86_64 0:0.4.0-2.el7 will be installed
---> Package xdg-utils.noarch 0:1.1.0-0.17.20120809git.el7 will be installed
---> Package xfsdump.x86_64 0:3.1.7-1.el7 will be installed
--> Processing Dependency: xfsprogs >= 2.6.30 for package: xfsdump-3.1.7-1.el7.x86_64
--> Processing Dependency: libhandle.so.1(LIBHANDLE_1.0.3)(64bit) for package: xfsdump-3.1.7-1.el7.x86_64
--> Processing Dependency: libhandle.so.1()(64bit) for package: xfsdump-3.1.7-1.el7.x86_64
---> Package xkeyboard-config.noarch 0:2.24-1.el7 will be installed
---> Package xmlrpc-c.x86_64 0:1.32.5-1905.svn2451.el7 will be installed
---> Package xmlrpc-c-client.x86_64 0:1.32.5-1905.svn2451.el7 will be installed
---> Package xorg-x11-drivers.x86_64 0:7.7-6.el7 will be installed
--> Processing Dependency: xorg-x11-drv-modesetting for package: xorg-x11-drivers-7.7-6.el7.x86_64
--> Processing Dependency: xorg-x11-drv-ati for package: xorg-x11-drivers-7.7-6.el7.x86_64
---> Package xorg-x11-drv-dummy.x86_64 0:0.3.7-1.el7.1 will be installed
---> Package xorg-x11-drv-evdev.x86_64 0:2.10.6-1.el7 will be installed
---> Package xorg-x11-drv-fbdev.x86_64 0:0.5.0-1.el7 will be installed
---> Package xorg-x11-drv-intel.x86_64 0:2.99.917-28.20180530.el7 will be installed
---> Package xorg-x11-drv-nouveau.x86_64 1:1.0.15-1.el7 will be installed
---> Package xorg-x11-drv-qxl.x86_64 0:0.1.5-4.el7.1 will be installed
---> Package xorg-x11-drv-synaptics.x86_64 0:1.9.0-2.el7 will be installed
---> Package xorg-x11-drv-v4l.x86_64 0:0.2.0-49.el7 will be installed
---> Package xorg-x11-drv-vesa.x86_64 0:2.4.0-1.el7 will be installed
---> Package xorg-x11-drv-vmmouse.x86_64 0:13.1.0-1.el7.1 will be installed
---> Package xorg-x11-drv-vmware.x86_64 0:13.2.1-1.el7.1 will be installed
--> Processing Dependency: libxatracker.so.2()(64bit) for package: xorg-x11-drv-vmware-13.2.1-1.el7.1.x86_64
---> Package xorg-x11-drv-void.x86_64 0:1.4.1-2.el7.1 will be installed
---> Package xorg-x11-drv-wacom.x86_64 0:0.36.1-1.el7 will be installed
---> Package xorg-x11-font-utils.x86_64 1:7.5-21.el7 will be installed
---> Package xorg-x11-fonts-Type1.noarch 0:7.5-9.el7 will be installed
---> Package xorg-x11-server-utils.x86_64 0:7.7-20.el7 will be installed
---> Package xorg-x11-utils.x86_64 0:7.5-23.el7 will be installed
---> Package xorg-x11-xauth.x86_64 1:1.0.9-1.el7 will be installed
---> Package xorg-x11-xbitmaps.noarch 0:1.1.1-6.el7 will be installed
---> Package xorg-x11-xinit.x86_64 0:1.3.4-2.el7 will be installed
---> Package xorg-x11-xkb-utils.x86_64 0:7.7-14.el7 will be installed
---> Package xterm.x86_64 0:295-3.el7 will be installed
---> Package xz-libs.i686 0:5.2.2-1.el7 will be installed
---> Package yajl.x86_64 0:2.0.4-4.el7 will be installed
---> Package yp-tools.x86_64 0:2.14-5.el7 will be installed
---> Package ypbind.x86_64 3:1.37.1-9.el7 will be installed
---> Package zip.x86_64 0:3.0-11.el7 will be installed
---> Package zlib.i686 0:1.2.7-18.el7 will be installed
---> Package zlib-devel.x86_64 0:1.2.7-18.el7 will be installed
--> Running transaction check
---> Package augeas-libs.x86_64 0:1.4.0-9.el7_7.1 will be installed
---> Package bind-libs-lite.x86_64 32:9.9.4-72.el7 will be installed
---> Package cronie.x86_64 0:1.4.11-19.el7 will be installed
--> Processing Dependency: dailyjobs for package: cronie-1.4.11-19.el7.x86_64
---> Package device-mapper-event.x86_64 7:1.02.164-7.el7_8.1 will be installed
--> Processing Dependency: device-mapper = 7:1.02.164-7.el7_8.1 for package: 7:device-mapper-event-1.02.164-7.el7_8.1.x86_64
---> Package device-mapper-event-libs.x86_64 7:1.02.164-7.el7_8.1 will be installed
---> Package efivar-libs.x86_64 0:36-11.el7 will be installed
---> Package freetype.x86_64 0:2.8-12.el7 will be installed
---> Package ghostscript.x86_64 0:9.07-31.el7 will be installed
---> Package ghostscript-cups.x86_64 0:9.07-31.el7 will be installed
---> Package glibc.i686 0:2.17-260.el7 will be installed
---> Package gnutls.x86_64 0:3.3.29-8.el7 will be installed
---> Package iproute.x86_64 0:4.11.0-14.el7 will be installed
---> Package ipset.x86_64 0:6.38-2.el7 will be installed
--> Processing Dependency: ipset-libs(x86-64) = 6.38-2.el7 for package: ipset-6.38-2.el7.x86_64
--> Processing Dependency: libipset.so.11(LIBIPSET_4.6)(64bit) for package: ipset-6.38-2.el7.x86_64
--> Processing Dependency: libipset.so.11(LIBIPSET_4.5)(64bit) for package: ipset-6.38-2.el7.x86_64
--> Processing Dependency: libipset.so.11(LIBIPSET_3.0)(64bit) for package: ipset-6.38-2.el7.x86_64
--> Processing Dependency: libipset.so.11(LIBIPSET_2.0)(64bit) for package: ipset-6.38-2.el7.x86_64
--> Processing Dependency: libipset.so.11(LIBIPSET_1.0)(64bit) for package: ipset-6.38-2.el7.x86_64
--> Processing Dependency: libipset.so.11()(64bit) for package: ipset-6.38-2.el7.x86_64
---> Package kernel-headers.x86_64 0:3.10.0-957.el7 will be installed
---> Package kexec-tools.x86_64 0:2.0.15-21.el7 will be installed
---> Package libgcc.i686 0:4.8.5-36.el7 will be installed
---> Package libgfortran.x86_64 0:4.8.5-36.el7 will be installed
--> Processing Dependency: libquadmath = 4.8.5-36.el7 for package: libgfortran-4.8.5-36.el7.x86_64
--> Processing Dependency: libquadmath.so.0(QUADMATH_1.0)(64bit) for package: libgfortran-4.8.5-36.el7.x86_64
--> Processing Dependency: libquadmath.so.0()(64bit) for package: libgfortran-4.8.5-36.el7.x86_64
---> Package libgomp.x86_64 0:4.8.5-36.el7 will be installed
---> Package libstdc++.i686 0:4.8.5-36.el7 will be installed
---> Package libwbclient.x86_64 0:4.8.3-4.el7 will be installed
--> Processing Dependency: samba-client-libs = 4.8.3-4.el7 for package: libwbclient-4.8.3-4.el7.x86_64
--> Processing Dependency: libreplace-samba4.so(SAMBA_4.8.3)(64bit) for package: libwbclient-4.8.3-4.el7.x86_64
--> Processing Dependency: libreplace-samba4.so()(64bit) for package: libwbclient-4.8.3-4.el7.x86_64
---> Package mesa-libEGL.x86_64 0:18.0.5-3.el7 will be installed
--> Processing Dependency: mesa-libgbm = 18.0.5-3.el7 for package: mesa-libEGL-18.0.5-3.el7.x86_64
--> Processing Dependency: libglapi.so.0()(64bit) for package: mesa-libEGL-18.0.5-3.el7.x86_64
--> Processing Dependency: libgbm.so.1()(64bit) for package: mesa-libEGL-18.0.5-3.el7.x86_64
---> Package mesa-libGL.x86_64 0:18.0.5-3.el7 will be installed
---> Package mesa-libxatracker.x86_64 0:18.0.5-3.el7 will be installed
---> Package net-snmp-libs.x86_64 1:5.7.2-48.el7_8 will be installed
---> Package openssl.x86_64 1:1.0.2k-16.el7 will be installed
---> Package pango.x86_64 0:1.42.4-1.el7 will be installed
---> Package perl.x86_64 4:5.16.3-293.el7 will be installed
--> Processing Dependency: perl-libs = 4:5.16.3-293.el7 for package: 4:perl-5.16.3-293.el7.x86_64
--> Processing Dependency: perl-macros for package: 4:perl-5.16.3-293.el7.x86_64
--> Processing Dependency: perl-libs for package: 4:perl-5.16.3-293.el7.x86_64
--> Processing Dependency: libperl.so()(64bit) for package: 4:perl-5.16.3-293.el7.x86_64
---> Package perl-ExtUtils-CBuilder.noarch 1:0.28.2.6-293.el7 will be installed
---> Package perl-ExtUtils-Install.noarch 0:1.58-293.el7 will be installed
---> Package perl-IO-Zlib.noarch 1:1.10-293.el7 will be installed
---> Package perl-Locale-Maketext-Simple.noarch 1:0.21-293.el7 will be installed
---> Package perl-Module-CoreList.noarch 1:2.76.02-293.el7 will be installed
---> Package perl-Module-Loaded.noarch 1:0.08-293.el7 will be installed
---> Package perl-Object-Accessor.noarch 1:0.42-293.el7 will be installed
---> Package perl-Package-Constants.noarch 1:0.02-293.el7 will be installed
---> Package perl-Pod-Escapes.noarch 1:1.04-293.el7 will be installed
---> Package perl-devel.x86_64 4:5.16.3-293.el7 will be installed
--> Processing Dependency: glibc-devel for package: 4:perl-devel-5.16.3-293.el7.x86_64
---> Package policycoreutils.x86_64 0:2.5-29.el7 will be installed
---> Package polkit.x86_64 0:0.112-18.el7 will be installed
---> Package ruby-libs.x86_64 0:2.0.0.648-33.el7_4 will be installed
---> Package rubygems.noarch 0:2.0.14.1-33.el7_4 will be installed
--> Processing Dependency: rubygem(rdoc) >= 4.0.0 for package: rubygems-2.0.14.1-33.el7_4.noarch
--> Processing Dependency: rubygem(psych) >= 2.0.0 for package: rubygems-2.0.14.1-33.el7_4.noarch
--> Processing Dependency: rubygem(io-console) >= 0.4.2 for package: rubygems-2.0.14.1-33.el7_4.noarch
--> Processing Dependency: /usr/bin/ruby for package: rubygems-2.0.14.1-33.el7_4.noarch
---> Package sos.noarch 0:3.6-9.el7.centos will be installed
---> Package systemd-python.x86_64 0:219-73.el7_8.5 will be installed
--> Processing Dependency: systemd-libs = 219-73.el7_8.5 for package: systemd-python-219-73.el7_8.5.x86_64
--> Processing Dependency: systemd = 219-73.el7_8.5 for package: systemd-python-219-73.el7_8.5.x86_64
---> Package systemd-sysv.x86_64 0:219-73.el7_8.5 will be installed
---> Package wget.x86_64 0:1.14-18.el7 will be installed
---> Package xfsprogs.x86_64 0:4.5.0-18.el7 will be installed
---> Package xorg-x11-drv-ati.x86_64 0:19.0.1-3.el7_7 will be installed
---> Package xorg-x11-server-Xorg.x86_64 0:1.20.1-3.el7 will be installed
--> Processing Dependency: xorg-x11-server-common >= 1.20.1-3.el7 for package: xorg-x11-server-Xorg-1.20.1-3.el7.x86_64
--> Running transaction check
---> Package cronie-anacron.x86_64 0:1.4.11-19.el7 will be installed
---> Package device-mapper.x86_64 7:1.02.149-8.el7 will be updated
--> Processing Dependency: device-mapper = 7:1.02.149-8.el7 for package: 7:device-mapper-libs-1.02.149-8.el7.x86_64
---> Package device-mapper.x86_64 7:1.02.164-7.el7_8.1 will be an update
---> Package glibc-devel.x86_64 0:2.17-260.el7 will be installed
--> Processing Dependency: glibc-headers = 2.17-260.el7 for package: glibc-devel-2.17-260.el7.x86_64
--> Processing Dependency: glibc-headers for package: glibc-devel-2.17-260.el7.x86_64
---> Package ipset-libs.x86_64 0:6.38-2.el7 will be installed
---> Package libquadmath.x86_64 0:4.8.5-36.el7 will be installed
---> Package mesa-libgbm.x86_64 0:18.0.5-3.el7 will be installed
---> Package mesa-libglapi.x86_64 0:18.0.5-3.el7 will be installed
---> Package perl-libs.x86_64 4:5.16.3-293.el7 will be installed
---> Package perl-macros.x86_64 4:5.16.3-293.el7 will be installed
---> Package ruby.x86_64 0:2.0.0.648-33.el7_4 will be installed
--> Processing Dependency: rubygem(bigdecimal) >= 1.2.0 for package: ruby-2.0.0.648-33.el7_4.x86_64
---> Package rubygem-io-console.x86_64 0:0.4.2-33.el7_4 will be installed
---> Package rubygem-psych.x86_64 0:2.0.0-33.el7_4 will be installed
---> Package rubygem-rdoc.noarch 0:4.0.0-33.el7_4 will be installed
--> Processing Dependency: ruby(irb) = 2.0.0.648 for package: rubygem-rdoc-4.0.0-33.el7_4.noarch
--> Processing Dependency: rubygem(json) >= 1.7.7 for package: rubygem-rdoc-4.0.0-33.el7_4.noarch
---> Package samba-client-libs.x86_64 0:4.8.3-4.el7 will be installed
--> Processing Dependency: samba-common = 4.8.3-4.el7 for package: samba-client-libs-4.8.3-4.el7.x86_64
--> Processing Dependency: samba-common = 4.8.3-4.el7 for package: samba-client-libs-4.8.3-4.el7.x86_64
--> Processing Dependency: libaesni-intel-samba4.so(SAMBA_4.8.3)(64bit) for package: samba-client-libs-4.8.3-4.el7.x86_64
--> Processing Dependency: libaesni-intel-samba4.so()(64bit) for package: samba-client-libs-4.8.3-4.el7.x86_64
---> Package systemd.x86_64 0:219-62.el7 will be updated
---> Package systemd.x86_64 0:219-73.el7_8.5 will be an update
---> Package systemd-libs.x86_64 0:219-62.el7 will be updated
---> Package systemd-libs.x86_64 0:219-73.el7_8.5 will be an update
---> Package xorg-x11-server-common.x86_64 0:1.20.1-3.el7 will be installed
--> Running transaction check
---> Package device-mapper-libs.x86_64 7:1.02.149-8.el7 will be updated
---> Package device-mapper-libs.x86_64 7:1.02.164-7.el7_8.1 will be an update
---> Package glibc-headers.x86_64 0:2.17-260.el7 will be installed
---> Package ruby-irb.noarch 0:2.0.0.648-33.el7_4 will be installed
---> Package rubygem-bigdecimal.x86_64 0:1.2.0-33.el7_4 will be installed
---> Package rubygem-json.x86_64 0:1.7.7-33.el7_4 will be installed
---> Package samba-common.noarch 0:4.8.3-4.el7 will be installed
---> Package samba-common-libs.x86_64 0:4.8.3-4.el7 will be installed
--> Finished Dependency Resolution

Dependencies Resolved

================================================================================
 Package                        Arch   Version                    Repository
                                                                           Size
================================================================================
Installing:
 GConf2                         x86_64 3.2.6-8.el7                base    1.0 M
 GeoIP                          x86_64 1.5.0-13.el7               base    1.5 M
 OpenIPMI                       x86_64 2.0.23-2.el7               base    300 k
 OpenIPMI-libs                  x86_64 2.0.23-2.el7               base    521 k
 OpenIPMI-modalias              x86_64 2.0.23-2.el7               base     16 k
 abrt                           x86_64 2.1.11-52.el7.centos       base    536 k
 abrt-addon-ccpp                x86_64 2.1.11-52.el7.centos       base    193 k
 abrt-addon-kerneloops          x86_64 2.1.11-52.el7.centos       base    106 k
 abrt-addon-pstoreoops          x86_64 2.1.11-52.el7.centos       base     96 k
 abrt-addon-python              x86_64 2.1.11-52.el7.centos       base    102 k
 abrt-addon-vmcore              x86_64 2.1.11-52.el7.centos       base    106 k
 abrt-addon-xorg                x86_64 2.1.11-52.el7.centos       base     97 k
 abrt-cli                       x86_64 2.1.11-52.el7.centos       base     87 k
 abrt-console-notification      x86_64 2.1.11-52.el7.centos       base     89 k
 abrt-dbus                      x86_64 2.1.11-52.el7.centos       base    121 k
 abrt-libs                      x86_64 2.1.11-52.el7.centos       base    109 k
 abrt-python                    x86_64 2.1.11-52.el7.centos       base    109 k
 abrt-retrace-client            x86_64 2.1.11-52.el7.centos       base    122 k
 abrt-tui                       x86_64 2.1.11-52.el7.centos       base    100 k
 aic94xx-firmware               noarch 30-6.el7                   base     23 k
 alsa-firmware                  noarch 1.0.28-2.el7               base    2.3 M
 alsa-lib                       x86_64 1.1.6-2.el7                base    424 k
 alsa-tools-firmware            x86_64 1.1.0-1.el7                base     35 k
 apr                            x86_64 1.4.8-3.el7_4.1            base    103 k
 at                             x86_64 3.1.13-24.el7              base     51 k
 atk                            x86_64 2.28.1-1.el7               base    263 k
 attr                           x86_64 2.4.46-13.el7              base     66 k
 audit                          x86_64 2.8.4-4.el7                base    250 k
 authconfig                     x86_64 6.2.8-30.el7               base    424 k
 autofs                         x86_64 1:5.0.7-99.el7             base    814 k
 autogen-libopts                x86_64 5.18-5.el7                 base     66 k
 avahi-glib                     x86_64 0.6.31-19.el7              base     25 k
 avahi-libs                     x86_64 0.6.31-19.el7              base     61 k
 bash-completion                noarch 1:2.1-6.el7                base     85 k
 bc                             x86_64 1.06.95-13.el7             base    115 k
 biosdevname                    x86_64 0.7.3-1.el7                base     38 k
 blas                           x86_64 3.4.2-8.el7                base    399 k
 blktrace                       x86_64 1.0.5-8.el7                base    134 k
 boost                          x86_64 1.53.0-27.el7              base     33 k
 boost-atomic                   x86_64 1.53.0-27.el7              base     35 k
 boost-chrono                   x86_64 1.53.0-27.el7              base     44 k
 boost-context                  x86_64 1.53.0-27.el7              base     36 k
 boost-date-time                x86_64 1.53.0-27.el7              base     52 k
 boost-filesystem               x86_64 1.53.0-27.el7              base     68 k
 boost-graph                    x86_64 1.53.0-27.el7              base    136 k
 boost-iostreams                x86_64 1.53.0-27.el7              base     61 k
 boost-locale                   x86_64 1.53.0-27.el7              base    251 k
 boost-math                     x86_64 1.53.0-27.el7              base    334 k
 boost-program-options          x86_64 1.53.0-27.el7              base    156 k
 boost-python                   x86_64 1.53.0-27.el7              base    129 k
 boost-random                   x86_64 1.53.0-27.el7              base     39 k
 boost-regex                    x86_64 1.53.0-27.el7              base    300 k
 boost-serialization            x86_64 1.53.0-27.el7              base    169 k
 boost-signals                  x86_64 1.53.0-27.el7              base     60 k
 boost-system                   x86_64 1.53.0-27.el7              base     40 k
 boost-test                     x86_64 1.53.0-27.el7              base    223 k
 boost-thread                   x86_64 1.53.0-27.el7              base     57 k
 boost-timer                    x86_64 1.53.0-27.el7              base     43 k
 boost-wave                     x86_64 1.53.0-27.el7              base    210 k
 bridge-utils                   x86_64 1.5-9.el7                  base     32 k
 btrfs-progs                    x86_64 4.9.1-1.el7                base    678 k
 bzip2                          x86_64 1.0.6-13.el7               base     52 k
 c-ares                         x86_64 1.10.0-3.el7               base     78 k
 cairo                          x86_64 1.15.12-3.el7              base    741 k
 centos-indexhtml               noarch 7-9.el7.centos             base     92 k
 centos-logos                   noarch 70.0.6-3.el7.centos        base     21 M
 cgdcbxd                        x86_64 1.0.2-7.el7                base     25 k
 chrony                         x86_64 3.2-2.el7                  base    243 k
 cifs-utils                     x86_64 6.2-10.el7                 base     85 k
 compat-db-headers              noarch 4.7.25-28.el7              base     48 k
 compat-db47                    x86_64 4.7.25-28.el7              base    795 k
 compat-exiv2-023               x86_64 0.23-2.el7                 base    681 k
 compat-glibc                   x86_64 1:2.12-4.el7.centos        base    1.2 M
 compat-glibc-headers           x86_64 1:2.12-4.el7.centos        base    452 k
 compat-libcap1                 x86_64 1.10-7.el7                 base     19 k
 compat-libf2c-34               x86_64 3.4.6-32.el7               base    155 k
 compat-libgfortran-41          x86_64 4.1.2-44.el7               base    142 k
 compat-libtiff3                x86_64 3.9.4-11.el7               base    135 k
 compat-openldap                x86_64 1:2.3.43-5.el7             base    174 k
 copy-jdk-configs               noarch 3.3-10.el7_5               base     21 k
 crash                          x86_64 7.2.3-8.el7                base    2.6 M
 crash-gcore-command            x86_64 1.3.1-0.el7                base     41 k
 crash-ptdump-command           x86_64 1.0.3-2.el7                base     19 k
 crash-trace-command            x86_64 2.0-14.el7                 base     31 k
 crda                           x86_64 3.18_2018.05.31-4.el7      base     41 k
 crontabs                       noarch 1.11-6.20121102git.el7     base     13 k
 cryptsetup                     x86_64 2.0.3-3.el7                base    154 k
 cups                           x86_64 1:1.6.3-35.el7             base    1.3 M
 cups-client                    x86_64 1:1.6.3-35.el7             base    151 k
 cups-filesystem                noarch 1:1.6.3-35.el7             base     96 k
 cups-filters                   x86_64 1.0.35-22.el7              base    296 k
 cups-filters-libs              x86_64 1.0.35-22.el7              base     92 k
 cups-libs                      x86_64 1:1.6.3-35.el7             base    357 k
 cyrus-sasl                     x86_64 2.1.26-23.el7              base     88 k
 cyrus-sasl-plain               x86_64 2.1.26-23.el7              base     39 k
 dejavu-fonts-common            noarch 2.33-6.el7                 base     64 k
 dejavu-sans-fonts              noarch 2.33-6.el7                 base    1.4 M
 desktop-file-utils             x86_64 0.23-1.el7                 base     67 k
 device-mapper-multipath        x86_64 0.4.9-123.el7              base    140 k
 device-mapper-multipath-libs   x86_64 0.4.9-123.el7              base    254 k
 device-mapper-persistent-data  x86_64 0.7.3-3.el7                base    405 k
 dhclient                       x86_64 12:4.2.5-68.el7.centos.1   base    284 k
 dhcp-common                    x86_64 12:4.2.5-68.el7.centos.1   base    175 k
 dhcp-libs                      x86_64 12:4.2.5-68.el7.centos.1   base    131 k
 dmidecode                      x86_64 1:3.1-2.el7                base     78 k
 dmraid                         x86_64 1.0.0.rc16-28.el7          base    151 k
 dmraid-events                  x86_64 1.0.0.rc16-28.el7          base     21 k
 dos2unix                       x86_64 6.0.3-7.el7                base     74 k
 dosfstools                     x86_64 3.0.20-10.el7              base    101 k
 dracut-config-rescue           x86_64 033-554.el7                base     59 k
 dracut-network                 x86_64 033-554.el7                base    102 k
 dyninst                        x86_64 9.3.1-2.el7                base    3.5 M
 e2fsprogs                      x86_64 1.42.9-13.el7              base    699 k
 e2fsprogs-libs                 x86_64 1.42.9-13.el7              base    167 k
 ebtables                       x86_64 2.0.10-16.el7              base    123 k
 ed                             x86_64 1.9-4.el7                  base     72 k
 efibootmgr                     x86_64 17-2.el7                   base     34 k
 elfutils                       x86_64 0.172-2.el7                base    299 k
 elfutils-libelf-devel          x86_64 0.172-2.el7                base     39 k
 emacs-filesystem               noarch 1:24.3-22.el7              base     58 k
 ethtool                        x86_64 2:4.8-9.el7                base    127 k
 file                           x86_64 5.11-35.el7                base     57 k
 fipscheck                      x86_64 1.4.1-6.el7                base     21 k
 fipscheck-lib                  x86_64 1.4.1-6.el7                base     11 k
 firewalld                      noarch 0.5.3-5.el7                base    431 k
 firewalld-filesystem           noarch 0.5.3-5.el7                base     49 k
 flac-libs                      x86_64 1.3.0-5.el7_1              base    169 k
 fontconfig                     x86_64 2.13.0-4.3.el7             base    254 k
 fontpackages-filesystem        noarch 1.44-8.el7                 base    9.9 k
 fprintd                        x86_64 0.8.1-2.el7                base     89 k
 fprintd-pam                    x86_64 0.8.1-2.el7                base     16 k
 freeglut                       x86_64 3.0.0-8.el7                base    185 k
 fribidi                        x86_64 1.0.2-1.el7                base     79 k
 ftp                            x86_64 0.17-67.el7                base     61 k
 fxload                         x86_64 2002_04_11-16.el7          base     25 k
 ganglia                        x86_64 3.7.2-2.el7                epel    102 k
 ganglia-gmond                  x86_64 3.7.2-2.el7                epel     81 k
 ganglia-gmond-python           x86_64 3.7.2-2.el7                epel    116 k
 gdb                            x86_64 7.6.1-114.el7              base    2.4 M
 gdbm-devel                     x86_64 1.10-8.el7                 base     47 k
 gdisk                          x86_64 0.8.10-2.el7               base    189 k
 gdk-pixbuf2                    x86_64 2.36.12-3.el7              base    570 k
 gettext                        x86_64 0.19.8.1-2.el7             base    1.0 M
 gettext-libs                   x86_64 0.19.8.1-2.el7             base    501 k
 ghostscript-fonts              noarch 5.50-32.el7                base    324 k
 giflib                         x86_64 4.1.6-9.el7                base     40 k
 glx-utils                      x86_64 8.3.0-10.el7               base     34 k
 gpm-libs                       x86_64 1.20.7-5.el7               base     32 k
 graphite2                      x86_64 1.3.10-1.el7_3             base    115 k
 groff-base                     x86_64 1.22.2-8.el7               base    942 k
 grubby                         x86_64 8.28-25.el7                base     70 k
 gsm                            x86_64 1.0.13-11.el7              base     30 k
 gssproxy                       x86_64 0.7.0-21.el7               base    109 k
 gtk-update-icon-cache          x86_64 3.22.30-3.el7              base     28 k
 gtk2                           x86_64 2.24.31-1.el7              base    3.4 M
 harfbuzz                       x86_64 1.7.5-2.el7                base    267 k
 hesiod                         x86_64 3.2.1-3.el7                base     30 k
 hicolor-icon-theme             noarch 0.12-7.el7                 base     42 k
 hwdata                         x86_64 0.252-9.1.el7              base    2.3 M
 initscripts                    x86_64 9.49.46-1.el7              base    439 k
 ipmitool                       x86_64 1.8.18-7.el7               base    441 k
 iprutils                       x86_64 2.4.16.1-1.el7             base    243 k
 iptables                       x86_64 1.4.21-28.el7              base    433 k
 irqbalance                     x86_64 3:1.0.7-11.el7             base     45 k
 iscsi-initiator-utils          x86_64 6.2.0.874-10.el7           base    421 k
 iscsi-initiator-utils-iscsiuio x86_64 6.2.0.874-10.el7           base     92 k
 ivtv-firmware                  noarch 2:20080701-26.el7          base    106 k
 iw                             x86_64 4.3-2.el7                  base     70 k
 iwl100-firmware                noarch 39.31.5.1-69.el7           base    157 k
 iwl1000-firmware               noarch 1:39.31.5.1-69.el7         base    220 k
 iwl105-firmware                noarch 18.168.6.1-69.el7          base    241 k
 iwl135-firmware                noarch 18.168.6.1-69.el7          base    250 k
 iwl2000-firmware               noarch 18.168.6.1-69.el7          base    243 k
 iwl2030-firmware               noarch 18.168.6.1-69.el7          base    252 k
 iwl3160-firmware               noarch 22.0.7.0-69.el7            base    1.7 M
 iwl3945-firmware               noarch 15.32.2.9-69.el7           base     95 k
 iwl4965-firmware               noarch 228.61.2.24-69.el7         base    108 k
 iwl5000-firmware               noarch 8.83.5.1_1-69.el7          base    301 k
 iwl5150-firmware               noarch 8.24.2.2-69.el7            base    153 k
 iwl6000-firmware               noarch 9.221.4.1-69.el7           base    173 k
 iwl6000g2a-firmware            noarch 17.168.5.3-69.el7          base    316 k
 iwl6000g2b-firmware            noarch 17.168.5.2-69.el7          base    317 k
 iwl6050-firmware               noarch 41.28.5.1-69.el7           base    249 k
 iwl7260-firmware               noarch 22.0.7.0-69.el7            base    1.1 M
 iwl7265-firmware               noarch 22.0.7.0-69.el7            base    6.4 M
 jansson                        x86_64 2.10-1.el7                 base     37 k
 jasper-libs                    x86_64 1.900.1-33.el7             base    150 k
 javapackages-tools             noarch 3.4.1-11.el7               base     73 k
 jbigkit-libs                   x86_64 2.0-11.el7                 base     46 k
 kbd                            x86_64 1.15.5-15.el7              base    348 k
 kbd-legacy                     noarch 1.15.5-15.el7              base    466 k
 kbd-misc                       noarch 1.15.5-15.el7              base    1.4 M
 kernel                         x86_64 3.10.0-957.el7             base     48 M
 kernel-devel                   x86_64 3.10.0-957.el7             base     17 M
 keyutils                       x86_64 1.5.8-3.el7                base     54 k
 kpatch                         noarch 0.6.1-1.el7                base     10 k
 ksh                            x86_64 20120801-139.el7           base    885 k
 lapack                         x86_64 3.4.2-8.el7                base    5.4 M
 latrace                        x86_64 0.5.11-6.1.el7             base    143 k
 lcms2                          x86_64 2.6-3.el7                  base    150 k
 ledmon                         x86_64 0.90-1.el7                 base     62 k
 less                           x86_64 458-9.el7                  base    120 k
 libICE                         x86_64 1.0.9-9.el7                base     66 k
 libSM                          x86_64 1.2.2-2.el7                base     39 k
 libX11                         x86_64 1.6.5-2.el7                base    606 k
 libX11-common                  noarch 1.6.5-2.el7                base    164 k
 libXau                         x86_64 1.0.8-2.1.el7              base     29 k
 libXaw                         x86_64 1.0.13-4.el7               base    192 k
 libXcomposite                  x86_64 0.4.4-4.1.el7              base     22 k
 libXcursor                     x86_64 1.1.15-1.el7               base     30 k
 libXdamage                     x86_64 1.1.4-4.1.el7              base     20 k
 libXdmcp                       x86_64 1.1.2-6.el7                base     34 k
 libXext                        x86_64 1.3.3-3.el7                base     39 k
 libXfixes                      x86_64 5.0.3-1.el7                base     18 k
 libXfont                       x86_64 1.5.4-1.el7                base    153 k
 libXfont2                      x86_64 2.0.3-1.el7                base    143 k
 libXft                         x86_64 2.3.2-2.el7                base     58 k
 libXi                          x86_64 1.7.9-1.el7                base     40 k
 libXinerama                    x86_64 1.1.3-2.1.el7              base     14 k
 libXmu                         x86_64 1.1.2-2.el7                base     71 k
 libXp                          x86_64 1.0.2-2.1.el7              base     30 k
 libXpm                         x86_64 3.5.12-1.el7               base     55 k
 libXrandr                      x86_64 1.5.1-2.el7                base     27 k
 libXrender                     x86_64 0.9.10-1.el7               base     26 k
 libXt                          x86_64 1.1.5-3.el7                base    173 k
 libXtst                        x86_64 1.2.3-1.el7                base     20 k
 libXv                          x86_64 1.0.11-1.el7               base     18 k
 libXvMC                        x86_64 1.0.10-1.el7               base     23 k
 libXxf86dga                    x86_64 1.1.4-2.1.el7              base     19 k
 libXxf86misc                   x86_64 1.0.3-7.1.el7              base     19 k
 libXxf86vm                     x86_64 1.1.4-1.el7                base     18 k
 libaio                         x86_64 0.3.109-13.el7             base     24 k
 libarchive                     x86_64 3.1.2-10.el7_2             base    318 k
 libasyncns                     x86_64 0.8-7.el7                  base     26 k
 libbasicobjects                x86_64 0.1.1-32.el7               base     26 k
 libcgroup                      x86_64 0.41-20.el7                base     66 k
 libcgroup-tools                x86_64 0.41-20.el7                base    100 k
 libcollection                  x86_64 0.7.0-32.el7               base     42 k
 libconfig                      x86_64 1.4.9-5.el7                base     59 k
 libconfuse                     x86_64 2.7-7.el7                  epel     80 k
 libcroco                       x86_64 0.6.12-4.el7               base    105 k
 libdaemon                      x86_64 0.14-7.el7                 base     30 k
 libdb-devel                    x86_64 5.3.21-24.el7              base     38 k
 libdmx                         x86_64 1.1.3-3.el7                base     16 k
 libdrm                         x86_64 2.4.91-3.el7               base    153 k
 libdwarf                       x86_64 20130207-4.el7             base    109 k
 libedit                        x86_64 3.0-12.20121213cvs.el7     base     92 k
 libepoxy                       x86_64 1.5.2-1.el7                base    211 k
 liberation-fonts-common        noarch 1:1.07.2-16.el7            base     27 k
 liberation-mono-fonts          noarch 1:1.07.2-16.el7            base    227 k
 libestr                        x86_64 0.1.9-2.el7                base     20 k
 libevdev                       x86_64 1.5.6-1.el7                base     34 k
 libevent                       x86_64 2.0.21-4.el7               base    214 k
 libfastjson                    x86_64 0.99.4-3.el7               base     27 k
 libfontenc                     x86_64 1.1.3-3.el7                base     31 k
 libfprint                      x86_64 0.8.2-1.el7                base    200 k
 libglvnd                       x86_64 1:1.0.1-0.8.git5baa1e5.el7 base     89 k
 libglvnd-egl                   x86_64 1:1.0.1-0.8.git5baa1e5.el7 base     44 k
 libglvnd-gles                  x86_64 1:1.0.1-0.8.git5baa1e5.el7 base     34 k
 libglvnd-glx                   x86_64 1:1.0.1-0.8.git5baa1e5.el7 base    125 k
 libglvnd-opengl                x86_64 1:1.0.1-0.8.git5baa1e5.el7 base     43 k
 libicu                         x86_64 50.1.2-17.el7              base    6.9 M
 libini_config                  x86_64 1.3.1-32.el7               base     64 k
 libjpeg-turbo                  x86_64 1.2.90-6.el7               base    134 k
 libldb                         x86_64 1.3.4-1.el7                base    137 k
 libmcrypt                      x86_64 2.5.8-13.el7               epel     99 k
 libmnl                         x86_64 1.0.3-7.el7                base     23 k
 libmodman                      x86_64 2.0.1-8.el7                base     28 k
 libmpc                         x86_64 1.0.1-3.el7                base     51 k
 libnetfilter_conntrack         x86_64 1.0.6-1.el7_3              base     55 k
 libnfnetlink                   x86_64 1.0.1-4.el7                base     26 k
 libnfsidmap                    x86_64 0.25-19.el7                base     50 k
 libnl                          x86_64 1.1.4-3.el7                base    128 k
 libnl3                         x86_64 3.2.28-4.el7               base    278 k
 libnl3-cli                     x86_64 3.2.28-4.el7               base    160 k
 libogg                         x86_64 2:1.3.0-7.el7              base     24 k
 libpath_utils                  x86_64 0.2.1-32.el7               base     28 k
 libpcap                        x86_64 14:1.5.3-11.el7            base    138 k
 libpciaccess                   x86_64 0.14-1.el7                 base     26 k
 libpfm                         x86_64 4.7.0-10.el7               base    257 k
 libpipeline                    x86_64 1.2.3-3.el7                base     53 k
 libpng                         x86_64 2:1.5.13-7.el7_2           base    213 k
 libpng12                       x86_64 1.2.50-10.el7              base    171 k
 libproxy                       x86_64 0.4.11-11.el7              base     64 k
 librados2                      x86_64 1:10.2.5-4.el7             base    1.8 M
 libref_array                   x86_64 0.1.5-32.el7               base     27 k
 libreport                      x86_64 2.1.11-42.el7.centos       base    455 k
 libreport-centos               x86_64 2.1.11-42.el7.centos       base     50 k
 libreport-cli                  x86_64 2.1.11-42.el7.centos       base     52 k
 libreport-filesystem           x86_64 2.1.11-42.el7.centos       base     39 k
 libreport-plugin-mailx         x86_64 2.1.11-42.el7.centos       base     66 k
 libreport-plugin-mantisbt      x86_64 2.1.11-42.el7.centos       base     71 k
 libreport-plugin-rhtsupport    x86_64 2.1.11-42.el7.centos       base     78 k
 libreport-plugin-ureport       x86_64 2.1.11-42.el7.centos       base     57 k
 libreport-python               x86_64 2.1.11-42.el7.centos       base     69 k
 libreport-web                  x86_64 2.1.11-42.el7.centos       base     56 k
 libseccomp                     x86_64 2.3.1-3.el7                base     56 k
 libselinux-python              x86_64 2.5-14.1.el7               base    235 k
 libselinux-utils               x86_64 2.5-14.1.el7               base    151 k
 libsmi                         x86_64 0.4.8-13.el7               base    2.3 M
 libsndfile                     x86_64 1.0.25-10.el7              base    149 k
 libss                          x86_64 1.42.9-13.el7              base     46 k
 libstoragemgmt                 x86_64 1.6.2-4.el7                base    240 k
 libstoragemgmt-python          noarch 1.6.2-4.el7                base    163 k
 libstoragemgmt-python-clibs    x86_64 1.6.2-4.el7                base     19 k
 libsysfs                       x86_64 2.1.0-16.el7               base     46 k
 libtalloc                      x86_64 2.1.13-1.el7               base     32 k
 libtar                         x86_64 1.2.11-29.el7              base     33 k
 libtdb                         x86_64 1.3.15-1.el7               base     48 k
 libtevent                      x86_64 0.9.36-1.el7               base     36 k
 libthai                        x86_64 0.1.14-9.el7               base    187 k
 libtiff                        x86_64 4.0.3-27.el7_3             base    170 k
 libtirpc                       x86_64 0.2.4-0.15.el7             base     89 k
 libtool-ltdl                   x86_64 2.4.2-22.el7_3             base     49 k
 libunistring                   x86_64 0.9.3-9.el7                base    293 k
 libusbx                        x86_64 1.0.21-1.el7               base     61 k
 libvdpau                       x86_64 1.1.1-3.el7                base     34 k
 libverto-libevent              x86_64 0.2.5-4.el7                base    8.9 k
 libvorbis                      x86_64 1:1.3.3-8.el7.1            base    204 k
 libwayland-client              x86_64 1.15.0-1.el7               base     33 k
 libwayland-server              x86_64 1.15.0-1.el7               base     39 k
 libxcb                         x86_64 1.13-1.el7                 base    214 k
 libxkbfile                     x86_64 1.0.9-3.el7                base     83 k
 libxml2                        i686   2.9.1-6.el7_2.3            base    654 k
 libxshmfence                   x86_64 1.2-1.el7                  base    7.2 k
 libxslt                        x86_64 1.1.28-5.el7               base    242 k
 libyaml                        x86_64 0.1.4-11.el7_0             base     55 k
 linux-firmware                 noarch 20180911-69.git85c5d90.el7 base     49 M
 lksctp-tools                   x86_64 1.0.17-2.el7               base     88 k
 lldpad                         x86_64 1.0.1-3.git036e314.el7     base    283 k
 llvm-private                   x86_64 6.0.1-2.el7                base     21 M
 lm_sensors-libs                x86_64 3.4.0-6.20160601gitf9185e5.el7
                                                                  base     42 k
 logrotate                      x86_64 3.8.6-17.el7               base     70 k
 logwatch                       noarch 7.4.0-35.20130522svn140.el7_5
                                                                  base    403 k
 lshw                           x86_64 B.02.18-12.el7             base    321 k
 lsof                           x86_64 4.87-6.el7                 base    331 k
 lsscsi                         x86_64 0.27-6.el7                 base     47 k
 ltrace                         x86_64 0.7.91-15.el7              base    148 k
 lzo                            x86_64 2.06-8.el7                 base     59 k
 m4                             x86_64 1.4.16-10.el7              base    256 k
 mailcap                        noarch 2.1.41-2.el7               base     31 k
 mailx                          x86_64 12.5-19.el7                base    245 k
 make                           x86_64 1:3.82-23.el7              base    420 k
 man-db                         x86_64 2.6.3-11.el7               base    832 k
 man-pages                      noarch 3.53-5.el7                 base    5.0 M
 man-pages-overrides            x86_64 7.6.2-1.el7                base    1.4 M
 mariadb-libs                   x86_64 1:5.5.60-1.el7_5           base    758 k
 mcelog                         x86_64 3:144-9.94d853b2ea81.el7   base     78 k
 mdadm                          x86_64 4.1-rc1_2.el7              base    433 k
 memstomp                       x86_64 0.1.4-11.el7               base    396 k
 mesa-private-llvm              x86_64 3.9.1-3.el7                base    8.5 M
 mlocate                        x86_64 0.26-8.el7                 base    113 k
 motif                          x86_64 2.3.4-14.el7_5             base    1.4 M
 mozjs17                        x86_64 17.0.0-20.el7              base    1.4 M
 mpfr                           x86_64 3.1.1-4.el7                base    203 k
 mt-st                          x86_64 1.1-14.el7                 base     45 k
 mtdev                          x86_64 1.1.5-5.el7                base     18 k
 mtools                         x86_64 4.0.18-5.el7               base    203 k
 mtr                            x86_64 2:0.85-7.el7               base     71 k
 nano                           x86_64 2.3.1-10.el7               base    440 k
 ncurses-libs                   i686   5.9-14.20130511.el7_4      base    316 k
 net-tools                      x86_64 2.0-0.24.20131004git.el7   base    306 k
 nettle                         x86_64 2.7.1-8.el7                base    327 k
 newt                           x86_64 0.52.15-4.el7              base    105 k
 newt-python                    x86_64 0.52.15-4.el7              base     54 k
 nfs-utils                      x86_64 1:1.3.0-0.61.el7           base    410 k
 nfs4-acl-tools                 x86_64 0.3.3-19.el7               base     47 k
 nmap                           x86_64 2:6.40-16.el7              base    3.9 M
 nmap-ncat                      x86_64 2:6.40-16.el7              base    206 k
 nss-softokn-freebl             i686   3.36.0-5.el7_5             base    211 k
 ntp                            x86_64 4.2.6p5-28.el7.centos      base    549 k
 ntpdate                        x86_64 4.2.6p5-28.el7.centos      base     86 k
 ntsysv                         x86_64 1.7.4-1.el7                base     38 k
 numactl                        x86_64 2.0.9-7.el7                base     66 k
 numactl-libs                   x86_64 2.0.9-7.el7                base     29 k
 openjpeg-libs                  x86_64 1.5.1-18.el7               base     86 k
 openssh                        x86_64 7.4p1-16.el7               base    510 k
 openssh-clients                x86_64 7.4p1-16.el7               base    655 k
 openssh-server                 x86_64 7.4p1-16.el7               base    458 k
 openssl098e                    x86_64 0.9.8e-29.el7.centos.3     base    793 k
 os-prober                      x86_64 1.58-9.el7                 base     42 k
 papi                           x86_64 5.2.0-26.el7               base    239 k
 parted                         x86_64 3.1-29.el7                 base    608 k
 patch                          x86_64 2.7.1-10.el7_5             base    110 k
 pciutils                       x86_64 3.5.1-3.el7                base     93 k
 pciutils-libs                  x86_64 3.5.1-3.el7                base     46 k
 pcsc-lite-libs                 x86_64 1.8.8-8.el7                base     34 k
 perl-Archive-Extract           noarch 1:0.68-3.el7               base     28 k
 perl-Archive-Tar               noarch 1.92-2.el7                 base     73 k
 perl-B-Lint                    noarch 1.17-3.el7                 base     20 k
 perl-Bit-Vector                x86_64 7.3-3.el7                  base    165 k
 perl-Business-ISBN             noarch 2.06-2.el7                 base     25 k
 perl-Business-ISBN-Data        noarch 20120719.001-2.el7         base     24 k
 perl-CGI                       noarch 3.63-4.el7                 base    250 k
 perl-CPAN-Meta                 noarch 2.120921-5.el7             base    113 k
 perl-CPAN-Meta-Requirements    noarch 2.122-7.el7                base     24 k
 perl-CPAN-Meta-YAML            noarch 0.008-14.el7               base     24 k
 perl-CPANPLUS                  noarch 0.91.38-4.el7              base    307 k
 perl-CPANPLUS-Dist-Build       noarch 0.70-3.el7                 base     28 k
 perl-Carp                      noarch 1.26-244.el7               base     19 k
 perl-Carp-Clan                 noarch 6.04-10.el7                base     26 k
 perl-Compress-Raw-Bzip2        x86_64 2.061-3.el7                base     32 k
 perl-Compress-Raw-Zlib         x86_64 1:2.061-4.el7              base     57 k
 perl-Convert-ASN1              noarch 0.26-4.el7                 base     54 k
 perl-Crypt-SSLeay              x86_64 0.64-5.el7                 base     58 k
 perl-DBD-SQLite                x86_64 1.39-3.el7                 base    1.3 M
 perl-DBI                       x86_64 1.627-4.el7                base    802 k
 perl-DBIx-Simple               noarch 1.35-7.el7                 base     43 k
 perl-DB_File                   x86_64 1.830-6.el7                base     74 k
 perl-Data-Dumper               x86_64 2.145-3.el7                base     47 k
 perl-Date-Calc                 noarch 6.3-14.el7                 base    210 k
 perl-Date-Manip                noarch 6.41-2.el7                 base    1.2 M
 perl-Digest                    noarch 1.17-245.el7               base     23 k
 perl-Digest-MD5                x86_64 2.52-3.el7                 base     30 k
 perl-Digest-SHA                x86_64 1:5.85-4.el7               base     58 k
 perl-Encode                    x86_64 2.51-7.el7                 base    1.5 M
 perl-Encode-Locale             noarch 1.03-5.el7                 base     16 k
 perl-Env                       noarch 1.04-2.el7                 base     16 k
 perl-Exporter                  noarch 5.68-3.el7                 base     28 k
 perl-ExtUtils-MakeMaker        noarch 6.68-3.el7                 base    275 k
 perl-ExtUtils-Manifest         noarch 1.61-244.el7               base     31 k
 perl-ExtUtils-ParseXS          noarch 1:3.18-3.el7               base     77 k
 perl-FCGI                      x86_64 1:0.74-8.el7               base     42 k
 perl-File-CheckTree            noarch 4.42-3.el7                 base     18 k
 perl-File-Fetch                noarch 0.42-2.el7                 base     27 k
 perl-File-Listing              noarch 6.04-7.el7                 base     13 k
 perl-File-Path                 noarch 2.09-2.el7                 base     26 k
 perl-File-Temp                 noarch 0.23.01-3.el7              base     56 k
 perl-Filter                    x86_64 1.49-3.el7                 base     76 k
 perl-Font-AFM                  noarch 1.20-13.el7                base     19 k
 perl-Getopt-Long               noarch 2.40-3.el7                 base     56 k
 perl-HTML-Format               noarch 2.10-7.el7                 base     51 k
 perl-HTML-Parser               x86_64 3.71-4.el7                 base    115 k
 perl-HTML-Tagset               noarch 3.20-15.el7                base     18 k
 perl-HTML-Tree                 noarch 1:5.03-2.el7               base    218 k
 perl-HTTP-Cookies              noarch 6.01-5.el7                 base     26 k
 perl-HTTP-Daemon               noarch 6.01-8.el7                 base     21 k
 perl-HTTP-Date                 noarch 6.02-8.el7                 base     14 k
 perl-HTTP-Message              noarch 6.06-6.el7                 base     82 k
 perl-HTTP-Negotiate            noarch 6.01-5.el7                 base     17 k
 perl-HTTP-Tiny                 noarch 0.033-3.el7                base     38 k
 perl-IO-Compress               noarch 2.061-2.el7                base    260 k
 perl-IO-HTML                   noarch 1.00-2.el7                 base     23 k
 perl-IO-Socket-IP              noarch 0.21-5.el7                 base     36 k
 perl-IO-Socket-SSL             noarch 1.94-7.el7                 base    115 k
 perl-IO-stringy                noarch 2.110-22.el7               base     71 k
 perl-IPC-Cmd                   noarch 1:0.80-4.el7               base     34 k
 perl-JSON-PP                   noarch 2.27202-2.el7              base     55 k
 perl-LWP-MediaTypes            noarch 6.02-2.el7                 base     24 k
 perl-Locale-Codes              noarch 3.26-2.el7                 base    314 k
 perl-Locale-Maketext           noarch 1.23-3.el7                 base     93 k
 perl-Log-Message               noarch 1:0.08-3.el7               base     29 k
 perl-Log-Message-Simple        noarch 0.10-2.el7                 base     11 k
 perl-Module-Build              noarch 2:0.40.05-2.el7            base    281 k
 perl-Module-Load               noarch 1:0.24-3.el7               base     11 k
 perl-Module-Load-Conditional   noarch 0.54-3.el7                 base     18 k
 perl-Module-Metadata           noarch 1.000018-2.el7             base     26 k
 perl-Module-Pluggable          noarch 1:4.8-3.el7                base     29 k
 perl-Mozilla-CA                noarch 20130114-5.el7             base     11 k
 perl-Net-Daemon                noarch 0.48-5.el7                 base     51 k
 perl-Net-HTTP                  noarch 6.06-2.el7                 base     29 k
 perl-Net-IP                    noarch 1.26-4.el7                 epel     36 k
 perl-Net-LibIDN                x86_64 0.12-15.el7                base     28 k
 perl-Net-SSLeay                x86_64 1.55-6.el7                 base    285 k
 perl-OLE-Storage_Lite          noarch 0.19-9.el7                 epel     28 k
 perl-Params-Check              noarch 1:0.38-2.el7               base     18 k
 perl-Parse-CPAN-Meta           noarch 1:1.4404-5.el7             base     14 k
 perl-Parse-RecDescent          noarch 1.967009-5.el7             base    203 k
 perl-PathTools                 x86_64 3.40-5.el7                 base     82 k
 perl-Perl-OSType               noarch 1.003-3.el7                base     20 k
 perl-PlRPC                     noarch 0.2020-14.el7              base     36 k
 perl-Pod-Checker               noarch 1.60-2.el7                 base     28 k
 perl-Pod-LaTeX                 noarch 0.61-2.el7                 base     35 k
 perl-Pod-Parser                noarch 1.61-2.el7                 base    107 k
 perl-Pod-Perldoc               noarch 3.20-4.el7                 base     87 k
 perl-Pod-Simple                noarch 1:3.28-4.el7               base    216 k
 perl-Pod-Usage                 noarch 1.63-3.el7                 base     27 k
 perl-Proc-Daemon               noarch 0.19-1.el7                 epel     26 k
 perl-Proc-ProcessTable         x86_64 0.48-1.el7                 epel     47 k
 perl-Scalar-List-Utils         x86_64 1.27-248.el7               base     36 k
 perl-Socket                    x86_64 2.010-4.el7                base     49 k
 perl-Spreadsheet-WriteExcel    noarch 2.40-1.el7                 epel    549 k
 perl-Storable                  x86_64 2.45-3.el7                 base     77 k
 perl-Sys-CPU                   x86_64 0.54-4.el7                 base     14 k
 perl-Sys-MemInfo               x86_64 0.91-7.el7                 base     15 k
 perl-Sys-Syslog                x86_64 0.33-3.el7                 base     42 k
 perl-Term-UI                   noarch 0.36-2.el7                 base     22 k
 perl-Test-Harness              noarch 3.28-3.el7                 base    302 k
 perl-Test-Simple               noarch 0.98-243.el7               base    170 k
 perl-Text-ParseWords           noarch 3.29-4.el7                 base     14 k
 perl-Text-Soundex              x86_64 3.04-4.el7                 base     19 k
 perl-Text-Unidecode            noarch 0.04-20.el7                base    114 k
 perl-Thread-Queue              noarch 3.02-2.el7                 base     17 k
 perl-Time-HiRes                x86_64 4:1.9725-3.el7             base     45 k
 perl-Time-Local                noarch 1.2300-2.el7               base     24 k
 perl-TimeDate                  noarch 1:2.30-2.el7               base     52 k
 perl-URI                       noarch 1.60-9.el7                 base    106 k
 perl-Version-Requirements      noarch 0.101022-244.el7           base     21 k
 perl-WWW-RobotRules            noarch 6.02-5.el7                 base     18 k
 perl-XML-Dumper                noarch 0.81-17.el7                base     25 k
 perl-XML-Grove                 noarch 0.46alpha-52.el7           base     71 k
 perl-XML-LibXML                x86_64 1:2.0018-5.el7             base    373 k
 perl-XML-NamespaceSupport      noarch 1.11-10.el7                base     18 k
 perl-XML-Parser                x86_64 2.41-10.el7                base    223 k
 perl-XML-SAX                   noarch 0.99-9.el7                 base     63 k
 perl-XML-SAX-Base              noarch 1.08-7.el7                 base     32 k
 perl-XML-Simple                noarch 2.20-5.el7                 base     74 k
 perl-XML-Simple-DTDReader      noarch 0.04-16.el7                epel     16 k
 perl-XML-Twig                  noarch 3.44-2.el7                 base    215 k
 perl-autodie                   noarch 2.16-2.el7                 base     77 k
 perl-constant                  noarch 1.27-2.el7                 base     19 k
 perl-libwww-perl               noarch 6.05-2.el7                 base    205 k
 perl-libxml-perl               noarch 0.08-19.el7                base     91 k
 perl-local-lib                 noarch 1.008010-4.el7             base     64 k
 perl-parent                    noarch 1:0.225-244.el7            base     12 k
 perl-podlators                 noarch 2.5.1-3.el7                base    112 k
 perl-threads                   x86_64 1.87-4.el7                 base     49 k
 perl-threads-shared            x86_64 1.43-6.el7                 base     39 k
 perl-version                   x86_64 3:0.99.07-3.el7            base     84 k
 pinfo                          x86_64 0.6.10-9.el7               base    116 k
 pixman                         x86_64 0.34.0-1.el7               base    248 k
 plymouth                       x86_64 0.8.9-0.31.20140113.el7.centos
                                                                  base    116 k
 plymouth-core-libs             x86_64 0.8.9-0.31.20140113.el7.centos
                                                                  base    107 k
 plymouth-scripts               x86_64 0.8.9-0.31.20140113.el7.centos
                                                                  base     39 k
 pm-utils                       x86_64 1.4.1-27.el7               base    140 k
 polkit-pkla-compat             x86_64 0.1-4.el7                  base     39 k
 poppler                        x86_64 0.26.5-20.el7              base    784 k
 poppler-data                   noarch 0.4.6-3.el7                base    2.2 M
 poppler-utils                  x86_64 0.26.5-20.el7              base    166 k
 portreserve                    x86_64 0.0.5-11.el7               base     26 k
 postfix                        x86_64 2:2.10.1-7.el7             base    2.4 M
 prelink                        x86_64 0.5.0-9.el7                base    1.0 M
 procmail                       x86_64 3.22-36.el7_4.1            base    171 k
 ps_mem                         noarch 3.1-7.el7                  base     20 k
 psacct                         x86_64 6.6.1-13.el7               base     93 k
 psmisc                         x86_64 22.20-15.el7               base    141 k
 pulseaudio-libs                x86_64 10.0-5.el7                 base    651 k
 pygobject2                     x86_64 2.28.6-11.el7              base    226 k
 pyparsing                      noarch 1.5.6-9.el7                base     94 k
 python-augeas                  noarch 0.5.0-2.el7                base     25 k
 python-configobj               noarch 4.7.2-7.el7                base    117 k
 python-configshell             noarch 1:1.1.fb23-5.el7           base     68 k
 python-decorator               noarch 3.4.0-3.el7                base     27 k
 python-dmidecode               x86_64 3.12.2-3.el7               base     83 k
 python-ethtool                 x86_64 0.8-7.el7                  base     33 k
 python-firewall                noarch 0.5.3-5.el7                base    331 k
 python-javapackages            noarch 3.4.1-11.el7               base     31 k
 python-kmod                    x86_64 0.9-4.el7                  base     57 k
 python-linux-procfs            noarch 0.4.9-4.el7                base     33 k
 python-lxml                    x86_64 3.2.1-4.el7                base    758 k
 python-pyudev                  noarch 0.15-9.el7                 base     55 k
 python-rtslib                  noarch 2.1.fb63-13.el7            base    100 k
 python-schedutils              x86_64 0.4-6.el7                  base     21 k
 python-six                     noarch 1.9.0-2.el7                base     29 k
 python-slip                    noarch 0.4.0-4.el7                base     31 k
 python-slip-dbus               noarch 0.4.0-4.el7                base     32 k
 python-urwid                   x86_64 1.1.1-3.el7                base    654 k
 python2-futures                noarch 3.1.1-5.el7                base     29 k
 qpdf-libs                      x86_64 5.0.1-3.el7                base    328 k
 quota                          x86_64 1:4.01-17.el7              base    179 k
 quota-nls                      noarch 1:4.01-17.el7              base     90 k
 rasdaemon                      x86_64 0.4.1-33.1.el7_5           base     93 k
 rfkill                         x86_64 0.4-10.el7                 base     12 k
 rmt                            x86_64 2:1.5.2-13.el7             base    103 k
 rng-tools                      x86_64 6.3.1-3.el7                base     49 k
 rpcbind                        x86_64 0.2.0-47.el7               base     60 k
 rsync                          x86_64 3.1.2-4.el7                base    403 k
 rsyslog                        x86_64 8.24.0-34.el7              base    614 k
 rubygem-abrt                   noarch 0.3.0-1.el7                base    8.1 k
 satyr                          x86_64 0.13-15.el7                base    558 k
 scl-utils                      x86_64 20130529-19.el7            base     24 k
 screen                         x86_64 4.1.0-0.25.20120314git3c2946.el7
                                                                  base    552 k
 sendmail                       x86_64 8.14.7-5.el7               base    736 k
 sendmail-cf                    noarch 8.14.7-5.el7               base    186 k
 setserial                      x86_64 2.17-33.el7                base     25 k
 setuptool                      x86_64 1.19.11-8.el7              base     61 k
 sg3_utils                      x86_64 1.37-17.el7                base    646 k
 sg3_utils-libs                 x86_64 1.37-17.el7                base     65 k
 sgpio                          x86_64 1.2.0.10-13.el7            base     13 k
 slang                          x86_64 2.2.4-11.el7               base    512 k
 smartmontools                  x86_64 1:6.5-1.el7                base    460 k
 snappy                         x86_64 1.1.0-3.el7                base     40 k
 stix-fonts                     noarch 1.1.0-5.el7                base    1.3 M
 strace                         x86_64 4.12-9.el7                 base    459 k
 sudo                           x86_64 1.8.23-3.el7               base    841 k
 sysfsutils                     x86_64 2.1.0-16.el7               base     41 k
 syslinux                       x86_64 4.05-15.el7                base    990 k
 systemtap-runtime              x86_64 3.3-3.el7                  base    438 k
 systemtap-sdt-devel            x86_64 3.3-3.el7                  base     74 k
 sysvinit-tools                 x86_64 2.88-14.dsf.el7            base     63 k
 targetcli                      noarch 2.1.fb46-7.el7             base     67 k
 tcl                            x86_64 1:8.5.13-8.el7             base    1.9 M
 tcp_wrappers                   x86_64 7.6-77.el7                 base     78 k
 tcp_wrappers-libs              x86_64 7.6-77.el7                 base     66 k
 tcpdump                        x86_64 14:4.9.2-3.el7             base    421 k
 tcsh                           x86_64 6.18.01-15.el7             base    338 k
 tftp                           x86_64 5.2-22.el7                 base     38 k
 time                           x86_64 1.7-45.el7                 base     30 k
 tk                             x86_64 1:8.5.13-6.el7             base    1.4 M
 tmpwatch                       x86_64 2.11-5.el7                 base     38 k
 trace-cmd                      x86_64 2.6.0-10.el7               base    1.8 M
 traceroute                     x86_64 3:2.0.22-2.el7             base     59 k
 trousers                       x86_64 0.3.14-2.el7               base    289 k
 ttmkfdir                       x86_64 3.0.9-42.el7               base     48 k
 unixODBC                       x86_64 2.3.1-11.el7               base    413 k
 unzip                          x86_64 6.0-19.el7                 base    170 k
 urw-fonts                      noarch 2.4-16.el7                 base    3.0 M
 usb_modeswitch                 x86_64 2.5.1-1.el7                base    162 k
 usb_modeswitch-data            noarch 20170806-1.el7             base    103 k
 usbutils                       x86_64 007-5.el7                  base     79 k
 usermode                       x86_64 1.111-5.el7                base    193 k
 uuid                           x86_64 1.6.2-26.el7               base     55 k
 valgrind                       x86_64 1:3.13.0-13.el7            base    7.6 M
 virt-what                      x86_64 1.18-4.el7                 base     29 k
 vulkan-filesystem              noarch 1.1.73.0-1.el7             base    6.2 k
 which                          x86_64 2.20-7.el7                 base     41 k
 wireshark                      x86_64 1.10.14-16.el7             base     13 M
 words                          noarch 3.0-22.el7                 base    1.4 M
 xcb-util                       x86_64 0.4.0-2.el7                base     16 k
 xdg-utils                      noarch 1.1.0-0.17.20120809git.el7 base     70 k
 xfsdump                        x86_64 3.1.7-1.el7                base    308 k
 xkeyboard-config               noarch 2.24-1.el7                 base    834 k
 xmlrpc-c                       x86_64 1.32.5-1905.svn2451.el7    base    130 k
 xmlrpc-c-client                x86_64 1.32.5-1905.svn2451.el7    base     32 k
 xorg-x11-drivers               x86_64 7.7-6.el7                  base    8.9 k
 xorg-x11-drv-dummy             x86_64 0.3.7-1.el7.1              base     18 k
 xorg-x11-drv-evdev             x86_64 2.10.6-1.el7               base     48 k
 xorg-x11-drv-fbdev             x86_64 0.5.0-1.el7                base     21 k
 xorg-x11-drv-intel             x86_64 2.99.917-28.20180530.el7   base    676 k
 xorg-x11-drv-nouveau           x86_64 1:1.0.15-1.el7             base     96 k
 xorg-x11-drv-qxl               x86_64 0.1.5-4.el7.1              base     92 k
 xorg-x11-drv-synaptics         x86_64 1.9.0-2.el7                base     82 k
 xorg-x11-drv-v4l               x86_64 0.2.0-49.el7               base     21 k
 xorg-x11-drv-vesa              x86_64 2.4.0-1.el7                base     25 k
 xorg-x11-drv-vmmouse           x86_64 13.1.0-1.el7.1             base     24 k
 xorg-x11-drv-vmware            x86_64 13.2.1-1.el7.1             base     83 k
 xorg-x11-drv-void              x86_64 1.4.1-2.el7.1              base     14 k
 xorg-x11-drv-wacom             x86_64 0.36.1-1.el7               base    315 k
 xorg-x11-font-utils            x86_64 1:7.5-21.el7               base    104 k
 xorg-x11-fonts-Type1           noarch 7.5-9.el7                  base    521 k
 xorg-x11-server-utils          x86_64 7.7-20.el7                 base    178 k
 xorg-x11-utils                 x86_64 7.5-23.el7                 base    114 k
 xorg-x11-xauth                 x86_64 1:1.0.9-1.el7              base     30 k
 xorg-x11-xbitmaps              noarch 1.1.1-6.el7                base     37 k
 xorg-x11-xinit                 x86_64 1.3.4-2.el7                base     58 k
 xorg-x11-xkb-utils             x86_64 7.7-14.el7                 base    103 k
 xterm                          x86_64 295-3.el7                  base    455 k
 xz-libs                        i686   5.2.2-1.el7                base    109 k
 yajl                           x86_64 2.0.4-4.el7                base     39 k
 yp-tools                       x86_64 2.14-5.el7                 base     79 k
 ypbind                         x86_64 3:1.37.1-9.el7             base     62 k
 zip                            x86_64 3.0-11.el7                 base    260 k
 zlib                           i686   1.2.7-18.el7               base     91 k
 zlib-devel                     x86_64 1.2.7-18.el7               base     50 k
Installing for dependencies:
 augeas-libs                    x86_64 1.4.0-9.el7_7.1            updates 357 k
 bind-libs-lite                 x86_64 32:9.9.4-72.el7            base    741 k
 cronie                         x86_64 1.4.11-19.el7              base     91 k
 cronie-anacron                 x86_64 1.4.11-19.el7              base     35 k
 device-mapper-event            x86_64 7:1.02.164-7.el7_8.1       updates 191 k
 device-mapper-event-libs       x86_64 7:1.02.164-7.el7_8.1       updates 190 k
 efivar-libs                    x86_64 36-11.el7                  base     88 k
 freetype                       x86_64 2.8-12.el7                 base    380 k
 ghostscript                    x86_64 9.07-31.el7                base    4.3 M
 ghostscript-cups               x86_64 9.07-31.el7                base     57 k
 glibc                          i686   2.17-260.el7               base    4.3 M
 glibc-devel                    x86_64 2.17-260.el7               base    1.1 M
 glibc-headers                  x86_64 2.17-260.el7               base    683 k
 gnutls                         x86_64 3.3.29-8.el7               base    680 k
 iproute                        x86_64 4.11.0-14.el7              base    763 k
 ipset                          x86_64 6.38-2.el7                 base     43 k
 ipset-libs                     x86_64 6.38-2.el7                 base     50 k
 kernel-headers                 x86_64 3.10.0-957.el7             base    8.0 M
 kexec-tools                    x86_64 2.0.15-21.el7              base    343 k
 libgcc                         i686   4.8.5-36.el7               base    109 k
 libgfortran                    x86_64 4.8.5-36.el7               base    300 k
 libgomp                        x86_64 4.8.5-36.el7               base    157 k
 libquadmath                    x86_64 4.8.5-36.el7               base    189 k
 libstdc++                      i686   4.8.5-36.el7               base    318 k
 libwbclient                    x86_64 4.8.3-4.el7                base    109 k
 mesa-libEGL                    x86_64 18.0.5-3.el7               base    101 k
 mesa-libGL                     x86_64 18.0.5-3.el7               base    162 k
 mesa-libgbm                    x86_64 18.0.5-3.el7               base     38 k
 mesa-libglapi                  x86_64 18.0.5-3.el7               base     44 k
 mesa-libxatracker              x86_64 18.0.5-3.el7               base    1.2 M
 net-snmp-libs                  x86_64 1:5.7.2-48.el7_8           updates 751 k
 openssl                        x86_64 1:1.0.2k-16.el7            base    493 k
 pango                          x86_64 1.42.4-1.el7               base    280 k
 perl                           x86_64 4:5.16.3-293.el7           base    8.0 M
 perl-ExtUtils-CBuilder         noarch 1:0.28.2.6-293.el7         base     68 k
 perl-ExtUtils-Install          noarch 1.58-293.el7               base     74 k
 perl-IO-Zlib                   noarch 1:1.10-293.el7             base     51 k
 perl-Locale-Maketext-Simple    noarch 1:0.21-293.el7             base     50 k
 perl-Module-CoreList           noarch 1:2.76.02-293.el7          base     86 k
 perl-Module-Loaded             noarch 1:0.08-293.el7             base     46 k
 perl-Object-Accessor           noarch 1:0.42-293.el7             base     56 k
 perl-Package-Constants         noarch 1:0.02-293.el7             base     45 k
 perl-Pod-Escapes               noarch 1:1.04-293.el7             base     51 k
 perl-devel                     x86_64 4:5.16.3-293.el7           base    453 k
 perl-libs                      x86_64 4:5.16.3-293.el7           base    688 k
 perl-macros                    x86_64 4:5.16.3-293.el7           base     44 k
 policycoreutils                x86_64 2.5-29.el7                 base    916 k
 polkit                         x86_64 0.112-18.el7               base    168 k
 ruby                           x86_64 2.0.0.648-33.el7_4         base     71 k
 ruby-irb                       noarch 2.0.0.648-33.el7_4         base     92 k
 ruby-libs                      x86_64 2.0.0.648-33.el7_4         base    2.8 M
 rubygem-bigdecimal             x86_64 1.2.0-33.el7_4             base     83 k
 rubygem-io-console             x86_64 0.4.2-33.el7_4             base     54 k
 rubygem-json                   x86_64 1.7.7-33.el7_4             base     79 k
 rubygem-psych                  x86_64 2.0.0-33.el7_4             base     82 k
 rubygem-rdoc                   noarch 4.0.0-33.el7_4             base    322 k
 rubygems                       noarch 2.0.14.1-33.el7_4          base    219 k
 samba-client-libs              x86_64 4.8.3-4.el7                base    4.8 M
 samba-common                   noarch 4.8.3-4.el7                base    206 k
 samba-common-libs              x86_64 4.8.3-4.el7                base    164 k
 sos                            noarch 3.6-9.el7.centos           base    466 k
 systemd-python                 x86_64 219-73.el7_8.5             updates 142 k
 systemd-sysv                   x86_64 219-73.el7_8.5             updates  93 k
 wget                           x86_64 1.14-18.el7                base    547 k
 xfsprogs                       x86_64 4.5.0-18.el7               base    897 k
 xorg-x11-drv-ati               x86_64 19.0.1-3.el7_7             updates 166 k
 xorg-x11-server-Xorg           x86_64 1.20.1-3.el7               base    1.4 M
 xorg-x11-server-common         x86_64 1.20.1-3.el7               base     54 k
Updating for dependencies:
 device-mapper                  x86_64 7:1.02.164-7.el7_8.1       updates 295 k
 device-mapper-libs             x86_64 7:1.02.164-7.el7_8.1       updates 324 k
 systemd                        x86_64 219-73.el7_8.5             updates 5.1 M
 systemd-libs                   x86_64 219-73.el7_8.5             updates 416 k

Transaction Summary
================================================================================
Install  654 Packages (+68 Dependent packages)
Upgrade               (  4 Dependent packages)

Total download size: 411 M
Downloading packages:
Delta RPMs disabled because /usr/bin/applydeltarpm not installed.
[91mwarning: /var/cache/yum/x86_64/7/epel/packages/ganglia-3.7.2-2.el7.x86_64.rpm: Header V3 RSA/SHA256 Signature, key ID 352c64e5: NOKEY
[0mPublic key for ganglia-3.7.2-2.el7.x86_64.rpm is not installed
--------------------------------------------------------------------------------
Total                                              3.1 MB/s | 411 MB  02:14     
Retrieving key from file:///etc/pki/rpm-gpg/RPM-GPG-KEY-EPEL-7
[91mImporting GPG key 0x352C64E5:
 Userid     : "Fedora EPEL (7) <epel@fedoraproject.org>"
 Fingerprint: 91e9 7d7c 4a5e 96f1 7f3e 888f 6a2f aea2 352c 64e5
 Package    : epel-release-7-11.noarch (@extras)
 From       : /etc/pki/rpm-gpg/RPM-GPG-KEY-EPEL-7
[0mRunning transaction check
Running transaction test
Transaction test succeeded
Running transaction
  Installing : fontpackages-filesystem-1.44-8.el7.noarch                  1/730 
  Installing : python-six-1.9.0-2.el7.noarch                              2/730 
  Installing : libreport-filesystem-2.1.11-42.el7.centos.x86_64           3/730 
  Installing : xkeyboard-config-2.24-1.el7.noarch                         4/730 
  Installing : kernel-headers-3.10.0-957.el7.x86_64                       5/730 
  Installing : poppler-data-0.4.6-3.el7.noarch                            6/730 
  Installing : python-decorator-3.4.0-3.el7.noarch                        7/730 
  Installing : pyparsing-1.5.6-9.el7.noarch                               8/730 
  Installing : systemtap-sdt-devel-3.3-3.el7.x86_64                       9/730 
  Installing : 1:liberation-fonts-common-1.07.2-16.el7.noarch            10/730 
  Installing : 1:liberation-mono-fonts-1.07.2-16.el7.noarch              11/730 
  Installing : dejavu-fonts-common-2.33-6.el7.noarch                     12/730 
  Installing : dejavu-sans-fonts-2.33-6.el7.noarch                       13/730 
  Installing : hicolor-icon-theme-0.12-7.el7.noarch                      14/730 
  Installing : gdbm-devel-1.10-8.el7.x86_64                              15/730 
install-info: No such file or directory for /usr/share/info/gdbm.info.gz
  Installing : kbd-misc-1.15.5-15.el7.noarch                             16/730 
  Installing : 1:quota-nls-4.01-17.el7.noarch                            17/730 
  Installing : python2-futures-3.1.1-5.el7.noarch                        18/730 
  Installing : 1:emacs-filesystem-24.3-22.el7.noarch                     19/730 
  Installing : mailcap-2.1.41-2.el7.noarch                               20/730 
  Installing : xorg-x11-xbitmaps-1.1.1-6.el7.noarch                      21/730 
  Installing : compat-db-headers-4.7.25-28.el7.noarch                    22/730 
  Installing : libdb-devel-5.3.21-24.el7.x86_64                          23/730 
  Installing : centos-logos-70.0.6-3.el7.centos.noarch                   24/730 
  Installing : linux-firmware-20180911-69.git85c5d90.el7.noarch          25/730 
  Installing : kbd-legacy-1.15.5-15.el7.noarch                           26/730 
  Installing : firewalld-filesystem-0.5.3-5.el7.noarch                   27/730 
  Installing : libX11-common-1.6.5-2.el7.noarch                          28/730 
  Installing : stix-fonts-1.1.0-5.el7.noarch                             29/730 
  Installing : man-pages-overrides-7.6.2-1.el7.x86_64                    30/730 
  Installing : iwl5000-firmware-8.83.5.1_1-69.el7.noarch                 31/730 
  Installing : iwl4965-firmware-228.61.2.24-69.el7.noarch                32/730 
  Installing : centos-indexhtml-7-9.el7.centos.noarch                    33/730 
  Installing : iwl105-firmware-18.168.6.1-69.el7.noarch                  34/730 
  Installing : vulkan-filesystem-1.1.73.0-1.el7.noarch                   35/730 
  Installing : iwl6000g2a-firmware-17.168.5.3-69.el7.noarch              36/730 
  Installing : iwl2030-firmware-18.168.6.1-69.el7.noarch                 37/730 
  Installing : iwl7265-firmware-22.0.7.0-69.el7.noarch                   38/730 
  Installing : 2:ivtv-firmware-20080701-26.el7.noarch                    39/730 
  Installing : kpatch-0.6.1-1.el7.noarch                                 40/730 
  Installing : iwl135-firmware-18.168.6.1-69.el7.noarch                  41/730 
  Installing : iwl6000g2b-firmware-17.168.5.2-69.el7.noarch              42/730 
  Installing : copy-jdk-configs-3.3-10.el7_5.noarch                      43/730 
  Installing : iwl5150-firmware-8.24.2.2-69.el7.noarch                   44/730 
  Installing : 1:iwl1000-firmware-39.31.5.1-69.el7.noarch                45/730 
  Installing : python-configobj-4.7.2-7.el7.noarch                       46/730 
  Installing : python-linux-procfs-0.4.9-4.el7.noarch                    47/730 
  Installing : iwl2000-firmware-18.168.6.1-69.el7.noarch                 48/730 
  Installing : iwl6000-firmware-9.221.4.1-69.el7.noarch                  49/730 
  Installing : dracut-config-rescue-033-554.el7.x86_64                   50/730 
  Installing : man-pages-3.53-5.el7.noarch                               51/730 
  Installing : ps_mem-3.1-7.el7.noarch                                   52/730 
  Installing : iwl100-firmware-39.31.5.1-69.el7.noarch                   53/730 
  Installing : iwl7260-firmware-22.0.7.0-69.el7.noarch                   54/730 
  Installing : iwl3160-firmware-22.0.7.0-69.el7.noarch                   55/730 
  Installing : iwl3945-firmware-15.32.2.9-69.el7.noarch                  56/730 
  Installing : 1:bash-completion-2.1-6.el7.noarch                        57/730 
  Installing : iwl6050-firmware-41.28.5.1-69.el7.noarch                  58/730 
  Installing : words-3.0-22.el7.noarch                                   59/730 
  Installing : libgcc-4.8.5-36.el7.i686                                  60/730 
  Installing : nss-softokn-freebl-3.36.0-5.el7_5.i686                    61/730 
  Installing : glibc-2.17-260.el7.i686                                   62/730 
  Updating   : systemd-libs-219-73.el7_8.5.x86_64                        63/730 
  Updating   : systemd-219-73.el7_8.5.x86_64                             64/730 
Failed to get D-Bus connection: Operation not permitted
  Installing : satyr-0.13-15.el7.x86_64                                  65/730 
  Installing : systemd-sysv-219-73.el7_8.5.x86_64                        66/730 
  Installing : libjpeg-turbo-1.2.90-6.el7.x86_64                         67/730 
  Installing : 2:libpng-1.5.13-7.el7_2.x86_64                            68/730 
  Installing : freetype-2.8-12.el7.x86_64                                69/730 
  Installing : fontconfig-2.13.0-4.3.el7.x86_64                          70/730 
  Installing : ruby-libs-2.0.0.648-33.el7_4.x86_64                       71/730 
  Installing : boost-system-1.53.0-27.el7.x86_64                         72/730 
  Installing : libICE-1.0.9-9.el7.x86_64                                 73/730 
  Installing : augeas-libs-1.4.0-9.el7_7.1.x86_64                        74/730 
  Installing : libtar-1.2.11-29.el7.x86_64                               75/730 
  Installing : libreport-2.1.11-42.el7.centos.x86_64                     76/730 
  Installing : libreport-python-2.1.11-42.el7.centos.x86_64              77/730 
  Installing : abrt-libs-2.1.11-52.el7.centos.x86_64                     78/730 
  Installing : tcp_wrappers-libs-7.6-77.el7.x86_64                       79/730 
  Installing : avahi-libs-0.6.31-19.el7.x86_64                           80/730 
  Installing : 1:cups-libs-1.6.3-35.el7.x86_64                           81/730 
  Installing : libSM-1.2.2-2.el7.x86_64                                  82/730 
  Installing : boost-thread-1.53.0-27.el7.x86_64                         83/730 
  Installing : hwdata-0.252-9.1.el7.x86_64                               84/730 
  Installing : libtalloc-2.1.13-1.el7.x86_64                             85/730 
  Installing : pixman-0.34.0-1.el7.x86_64                                86/730 
  Installing : xmlrpc-c-1.32.5-1905.svn2451.el7.x86_64                   87/730 
  Installing : xmlrpc-c-client-1.32.5-1905.svn2451.el7.x86_64            88/730 
  Installing : libpciaccess-0.14-1.el7.x86_64                            89/730 
  Installing : libdrm-2.4.91-3.el7.x86_64                                90/730 
  Installing : boost-chrono-1.53.0-27.el7.x86_64                         91/730 
  Updating   : 7:device-mapper-1.02.164-7.el7_8.1.x86_64                 92/730 
  Updating   : 7:device-mapper-libs-1.02.164-7.el7_8.1.x86_64            93/730 
  Installing : libusbx-1.0.21-1.el7.x86_64                               94/730 
  Installing : libXau-1.0.8-2.1.el7.x86_64                               95/730 
  Installing : libxcb-1.13-1.el7.x86_64                                  96/730 
  Installing : libX11-1.6.5-2.el7.x86_64                                 97/730 
  Installing : libXext-1.3.3-3.el7.x86_64                                98/730 
  Installing : libXrender-0.9.10-1.el7.x86_64                            99/730 
  Installing : libXi-1.7.9-1.el7.x86_64                                 100/730 
  Installing : libXt-1.1.5-3.el7.x86_64                                 101/730 
  Installing : libXmu-1.1.2-2.el7.x86_64                                102/730 
  Installing : libXrandr-1.5.1-2.el7.x86_64                             103/730 
  Installing : libXft-2.3.2-2.el7.x86_64                                104/730 
  Installing : libXinerama-1.1.3-2.1.el7.x86_64                         105/730 
  Installing : libXxf86vm-1.1.4-1.el7.x86_64                            106/730 
  Installing : libXfixes-5.0.3-1.el7.x86_64                             107/730 
  Installing : 1:libglvnd-1.0.1-0.8.git5baa1e5.el7.x86_64               108/730 
  Installing : lcms2-2.6-3.el7.x86_64                                   109/730 
  Installing : lzo-2.06-8.el7.x86_64                                    110/730 
  Installing : 14:libpcap-1.5.3-11.el7.x86_64                           111/730 
  Installing : libmnl-1.0.3-7.el7.x86_64                                112/730 
  Installing : libXtst-1.2.3-1.el7.x86_64                               113/730 
  Installing : libXv-1.0.11-1.el7.x86_64                                114/730 
  Installing : 7:device-mapper-event-libs-1.02.164-7.el7_8.1.x86_64     115/730 
  Installing : mesa-libglapi-18.0.5-3.el7.x86_64                        116/730 
  Installing : libnl3-3.2.28-4.el7.x86_64                               117/730 
  Installing : groff-base-1.22.2-8.el7.x86_64                           118/730 
  Installing : 1:dmidecode-3.1-2.el7.x86_64                             119/730 
  Installing : apr-1.4.8-3.el7_4.1.x86_64                               120/730 
  Installing : which-2.20-7.el7.x86_64                                  121/730 
install-info: No such file or directory for /usr/share/info/which.info.gz
  Installing : libicu-50.1.2-17.el7.x86_64                              122/730 
  Installing : libxshmfence-1.2-1.el7.x86_64                            123/730 
  Installing : libtirpc-0.2.4-0.15.el7.x86_64                           124/730 
  Installing : rpcbind-0.2.0-47.el7.x86_64                              125/730 
  Installing : boost-date-time-1.53.0-27.el7.x86_64                     126/730 
  Installing : libconfuse-2.7-7.el7.x86_64                              127/730 
  Installing : e2fsprogs-libs-1.42.9-13.el7.x86_64                      128/730 
  Installing : libedit-3.0-12.20121213cvs.el7.x86_64                    129/730 
  Installing : 2:libogg-1.3.0-7.el7.x86_64                              130/730 
  Installing : libaio-0.3.109-13.el7.x86_64                             131/730 
  Installing : mailx-12.5-19.el7.x86_64                                 132/730 
  Installing : libtdb-1.3.15-1.el7.x86_64                               133/730 
  Installing : libfontenc-1.1.3-3.el7.x86_64                            134/730 
  Installing : 1:xorg-x11-font-utils-7.5-21.el7.x86_64                  135/730 
  Installing : boost-regex-1.53.0-27.el7.x86_64                         136/730 
  Installing : libXcursor-1.1.15-1.el7.x86_64                           137/730 
  Installing : libXdamage-1.1.4-4.1.el7.x86_64                          138/730 
  Installing : libXxf86misc-1.0.3-7.1.el7.x86_64                        139/730 
  Installing : libXpm-3.5.12-1.el7.x86_64                               140/730 
  Installing : libtevent-0.9.36-1.el7.x86_64                            141/730 
  Installing : python-augeas-0.5.0-2.el7.noarch                         142/730 
  Installing : boost-filesystem-1.53.0-27.el7.x86_64                    143/730 
  Installing : OpenIPMI-modalias-2.0.23-2.el7.x86_64                    144/730 
  Installing : samba-common-4.8.3-4.el7.noarch                          145/730 
  Installing : libcgroup-0.41-20.el7.x86_64                             146/730 
  Installing : cronie-anacron-1.4.11-19.el7.x86_64                      147/730 
  Installing : cronie-1.4.11-19.el7.x86_64                              148/730 
  Installing : crontabs-1.11-6.20121102git.el7.noarch                   149/730 
  Installing : 12:dhcp-libs-4.2.5-68.el7.centos.1.x86_64                150/730 
  Installing : openjpeg-libs-1.5.1-18.el7.x86_64                        151/730 
  Installing : libconfig-1.4.9-5.el7.x86_64                             152/730 
  Installing : libnl-1.1.4-3.el7.x86_64                                 153/730 
  Installing : libbasicobjects-0.1.1-32.el7.x86_64                      154/730 
  Installing : slang-2.2.4-11.el7.x86_64                                155/730 
  Installing : newt-0.52.15-4.el7.x86_64                                156/730 
  Installing : libref_array-0.1.5-32.el7.x86_64                         157/730 
  Installing : libevent-2.0.21-4.el7.x86_64                             158/730 
  Installing : sg3_utils-libs-1.37-17.el7.x86_64                        159/730 
  Installing : boost-random-1.53.0-27.el7.x86_64                        160/730 
  Installing : hesiod-3.2.1-3.el7.x86_64                                161/730 
  Installing : sysvinit-tools-2.88-14.dsf.el7.x86_64                    162/730 
  Installing : libnfnetlink-1.0.1-4.el7.x86_64                          163/730 
  Installing : boost-iostreams-1.53.0-27.el7.x86_64                     164/730 
  Installing : psmisc-22.20-15.el7.x86_64                               165/730 
  Installing : snappy-1.1.0-3.el7.x86_64                                166/730 
  Installing : crash-7.2.3-8.el7.x86_64                                 167/730 
  Installing : pciutils-libs-3.5.1-3.el7.x86_64                         168/730 
  Installing : libcollection-0.7.0-32.el7.x86_64                        169/730 
  Installing : libwayland-server-1.15.0-1.el7.x86_64                    170/730 
  Installing : mesa-libgbm-18.0.5-3.el7.x86_64                          171/730 
  Installing : yajl-2.0.4-4.el7.x86_64                                  172/730 
  Installing : libsysfs-2.1.0-16.el7.x86_64                             173/730 
  Installing : libcroco-0.6.12-4.el7.x86_64                             174/730 
  Installing : numactl-libs-2.0.9-7.el7.x86_64                          175/730 
  Installing : libxslt-1.1.28-5.el7.x86_64                              176/730 
  Installing : libgomp-4.8.5-36.el7.x86_64                              177/730 
  Installing : keyutils-1.5.8-3.el7.x86_64                              178/730 
  Installing : libunistring-0.9.3-9.el7.x86_64                          179/730 
  Installing : libevdev-1.5.6-1.el7.x86_64                              180/730 
  Installing : gettext-libs-0.19.8.1-2.el7.x86_64                       181/730 
  Installing : python-lxml-3.2.1-4.el7.x86_64                           182/730 
  Installing : python-javapackages-3.4.1-11.el7.noarch                  183/730 
  Installing : libnetfilter_conntrack-1.0.6-1.el7_3.x86_64              184/730 
  Installing : iptables-1.4.21-28.el7.x86_64                            185/730 
  Installing : iproute-4.11.0-14.el7.x86_64                             186/730 
  Installing : initscripts-9.49.46-1.el7.x86_64                         187/730 
  Installing : libstoragemgmt-python-1.6.2-4.el7.noarch                 188/730 
  Installing : libstoragemgmt-1.6.2-4.el7.x86_64                        189/730 
  Installing : libstoragemgmt-python-clibs-1.6.2-4.el7.x86_64           190/730 
  Installing : cyrus-sasl-2.1.26-23.el7.x86_64                          191/730 
  Installing : kbd-1.15.5-15.el7.x86_64                                 192/730 
  Installing : libverto-libevent-0.2.5-4.el7.x86_64                     193/730 
  Installing : newt-python-0.52.15-4.el7.x86_64                         194/730 
  Installing : python-ethtool-0.8-7.el7.x86_64                          195/730 
  Installing : iw-4.3-2.el7.x86_64                                      196/730 
  Installing : 12:dhcp-common-4.2.5-68.el7.centos.1.x86_64              197/730 
  Installing : libcgroup-tools-0.41-20.el7.x86_64                       198/730 
  Installing : OpenIPMI-libs-2.0.23-2.el7.x86_64                        199/730 
  Installing : boost-wave-1.53.0-27.el7.x86_64                          200/730 
  Installing : libldb-1.3.4-1.el7.x86_64                                201/730 
  Installing : samba-common-libs-4.8.3-4.el7.x86_64                     202/730 
  Installing : libwbclient-4.8.3-4.el7.x86_64                           203/730 
  Installing : samba-client-libs-4.8.3-4.el7.x86_64                     204/730 
  Installing : libXaw-1.0.13-4.el7.x86_64                               205/730 
  Installing : xorg-x11-server-utils-7.7-20.el7.x86_64                  206/730 
  Installing : 1:libglvnd-glx-1.0.1-0.8.git5baa1e5.el7.x86_64           207/730 
  Installing : mesa-libGL-18.0.5-3.el7.x86_64                           208/730 
  Installing : boost-graph-1.53.0-27.el7.x86_64                         209/730 
  Installing : urw-fonts-2.4-16.el7.noarch                              210/730 
  Installing : ghostscript-fonts-5.50-32.el7.noarch                     211/730 
  Installing : libXfont2-2.0.3-1.el7.x86_64                             212/730 
  Installing : device-mapper-multipath-libs-0.4.9-123.el7.x86_64        213/730 
  Installing : 1:libvorbis-1.3.3-8.el7.1.x86_64                         214/730 
  Installing : flac-libs-1.3.0-5.el7_1.x86_64                           215/730 
  Installing : ganglia-3.7.2-2.el7.x86_64                               216/730 
  Installing : ganglia-gmond-3.7.2-2.el7.x86_64                         217/730 
  Installing : yp-tools-2.14-5.el7.x86_64                               218/730 
  Installing : 3:ypbind-1.37.1-9.el7.x86_64                             219/730 
  Installing : boost-locale-1.53.0-27.el7.x86_64                        220/730 
  Installing : less-458-9.el7.x86_64                                    221/730 
  Installing : 1:perl-parent-0.225-244.el7.noarch                       222/730 
  Installing : perl-HTTP-Tiny-0.033-3.el7.noarch                        223/730 
  Installing : perl-podlators-2.5.1-3.el7.noarch                        224/730 
  Installing : perl-Pod-Perldoc-3.20-4.el7.noarch                       225/730 
  Installing : 1:perl-Pod-Escapes-1.04-293.el7.noarch                   226/730 
  Installing : perl-Text-ParseWords-3.29-4.el7.noarch                   227/730 
  Installing : perl-Encode-2.51-7.el7.x86_64                            228/730 
  Installing : perl-Pod-Usage-1.63-3.el7.noarch                         229/730 
  Installing : 4:perl-macros-5.16.3-293.el7.x86_64                      230/730 
  Installing : 4:perl-libs-5.16.3-293.el7.x86_64                        231/730 
  Installing : perl-threads-1.87-4.el7.x86_64                           232/730 
  Installing : perl-threads-shared-1.43-6.el7.x86_64                    233/730 
  Installing : perl-Scalar-List-Utils-1.27-248.el7.x86_64               234/730 
  Installing : perl-Storable-2.45-3.el7.x86_64                          235/730 
  Installing : perl-Filter-1.49-3.el7.x86_64                            236/730 
  Installing : perl-Exporter-5.68-3.el7.noarch                          237/730 
  Installing : 4:perl-Time-HiRes-1.9725-3.el7.x86_64                    238/730 
  Installing : perl-constant-1.27-2.el7.noarch                          239/730 
  Installing : perl-Time-Local-1.2300-2.el7.noarch                      240/730 
  Installing : perl-Socket-2.010-4.el7.x86_64                           241/730 
  Installing : perl-Carp-1.26-244.el7.noarch                            242/730 
  Installing : perl-File-Temp-0.23.01-3.el7.noarch                      243/730 
  Installing : perl-File-Path-2.09-2.el7.noarch                         244/730 
  Installing : perl-PathTools-3.40-5.el7.x86_64                         245/730 
  Installing : 1:perl-Pod-Simple-3.28-4.el7.noarch                      246/730 
  Installing : perl-Getopt-Long-2.40-3.el7.noarch                       247/730 
  Installing : 4:perl-5.16.3-293.el7.x86_64                             248/730 
  Installing : perl-Data-Dumper-2.145-3.el7.x86_64                      249/730 
  Installing : 3:perl-version-0.99.07-3.el7.x86_64                      250/730 
  Installing : perl-XML-Parser-2.41-10.el7.x86_64                       251/730 
  Installing : perl-XML-NamespaceSupport-1.11-10.el7.noarch             252/730 
  Installing : perl-Test-Harness-3.28-3.el7.noarch                      253/730 
  Installing : 1:perl-Module-Load-0.24-3.el7.noarch                     254/730 
  Installing : perl-LWP-MediaTypes-6.02-2.el7.noarch                    255/730 
  Installing : 1:perl-Compress-Raw-Zlib-2.061-4.el7.x86_64              256/730 
  Installing : 1:perl-Module-CoreList-2.76.02-293.el7.noarch            257/730 
  Installing : perl-Module-Metadata-1.000018-2.el7.noarch               258/730 
  Installing : perl-Carp-Clan-6.04-10.el7.noarch                        259/730 
  Installing : perl-IO-stringy-2.110-22.el7.noarch                      260/730 
  Installing : perl-ExtUtils-Manifest-1.61-244.el7.noarch               261/730 
  Installing : perl-Perl-OSType-1.003-3.el7.noarch                      262/730 
  Installing : perl-XML-SAX-Base-1.08-7.el7.noarch                      263/730 
  Installing : perl-IO-Socket-IP-0.21-5.el7.noarch                      264/730 
  Installing : 1:perl-Module-Pluggable-4.8-3.el7.noarch                 265/730 
  Installing : perl-Date-Manip-6.41-2.el7.noarch                        266/730 
  Installing : perl-Encode-Locale-1.03-5.el7.noarch                     267/730 
  Installing : perl-Digest-1.17-245.el7.noarch                          268/730 
  Installing : perl-Pod-Parser-1.61-2.el7.noarch                        269/730 
  Installing : 1:perl-Package-Constants-0.02-293.el7.noarch             270/730 
  Installing : perl-HTML-Tagset-3.20-15.el7.noarch                      271/730 
  Installing : perl-CPAN-Meta-YAML-0.008-14.el7.noarch                  272/730 
  Installing : perl-Digest-MD5-2.52-3.el7.x86_64                        273/730 
  Installing : perl-OLE-Storage_Lite-0.19-9.el7.noarch                  274/730 
  Installing : perl-Bit-Vector-7.3-3.el7.x86_64                         275/730 
  Installing : perl-Date-Calc-6.3-14.el7.noarch                         276/730 
  Installing : perl-libxml-perl-0.08-19.el7.noarch                      277/730 
  Installing : perl-CPAN-Meta-Requirements-2.122-7.el7.noarch           278/730 
  Installing : perl-JSON-PP-2.27202-2.el7.noarch                        279/730 
  Installing : 1:perl-Parse-CPAN-Meta-1.4404-5.el7.noarch               280/730 
  Installing : perl-CPAN-Meta-2.120921-5.el7.noarch                     281/730 
  Installing : perl-Locale-Maketext-1.23-3.el7.noarch                   282/730 
  Installing : 1:perl-Locale-Maketext-Simple-0.21-293.el7.noarch        283/730 
  Installing : 1:perl-Params-Check-0.38-2.el7.noarch                    284/730 
  Installing : perl-Module-Load-Conditional-0.54-3.el7.noarch           285/730 
  Installing : 1:perl-Log-Message-0.08-3.el7.noarch                     286/730 
  Installing : 1:perl-Object-Accessor-0.42-293.el7.noarch               287/730 
  Installing : perl-Log-Message-Simple-0.10-2.el7.noarch                288/730 
  Installing : perl-Term-UI-0.36-2.el7.noarch                           289/730 
  Installing : perl-Compress-Raw-Bzip2-2.061-3.el7.x86_64               290/730 
  Installing : perl-IO-Compress-2.061-2.el7.noarch                      291/730 
  Installing : 1:perl-IO-Zlib-1.10-293.el7.noarch                       292/730 
  Installing : perl-IO-HTML-1.00-2.el7.noarch                           293/730 
  Installing : perl-Net-SSLeay-1.55-6.el7.x86_64                        294/730 
  Installing : perl-Proc-ProcessTable-0.48-1.el7.x86_64                 295/730 
  Installing : perl-Sys-MemInfo-0.91-7.el7.x86_64                       296/730 
  Installing : 1:perl-FCGI-0.74-8.el7.x86_64                            297/730 
  Installing : perl-Text-Unidecode-0.04-20.el7.noarch                   298/730 
  Installing : perl-Parse-RecDescent-1.967009-5.el7.noarch              299/730 
  Installing : 1:perl-Module-Loaded-0.08-293.el7.noarch                 300/730 
  Installing : perl-Business-ISBN-Data-20120719.001-2.el7.noarch        301/730 
  Installing : perl-Business-ISBN-2.06-2.el7.noarch                     302/730 
  Installing : perl-URI-1.60-9.el7.noarch                               303/730 
  Installing : perl-WWW-RobotRules-6.02-5.el7.noarch                    304/730 
  Installing : perl-Mozilla-CA-20130114-5.el7.noarch                    305/730 
  Installing : 1:perl-TimeDate-2.30-2.el7.noarch                        306/730 
  Installing : perl-HTTP-Date-6.02-8.el7.noarch                         307/730 
  Installing : perl-HTTP-Message-6.06-6.el7.noarch                      308/730 
  Installing : perl-HTML-Parser-3.71-4.el7.x86_64                       309/730 
  Installing : perl-HTTP-Cookies-6.01-5.el7.noarch                      310/730 
  Installing : perl-HTTP-Negotiate-6.01-5.el7.noarch                    311/730 
  Installing : perl-HTTP-Daemon-6.01-8.el7.noarch                       312/730 
  Installing : perl-File-Listing-6.04-7.el7.noarch                      313/730 
  Installing : perl-Sys-CPU-0.54-4.el7.x86_64                           314/730 
  Installing : perl-Font-AFM-1.20-13.el7.noarch                         315/730 
  Installing : perl-Net-Daemon-0.48-5.el7.noarch                        316/730 
  Installing : perl-PlRPC-0.2020-14.el7.noarch                          317/730 
  Installing : perl-DBI-1.627-4.el7.x86_64                              318/730 
  Installing : perl-DBD-SQLite-1.39-3.el7.x86_64                        319/730 
  Installing : perl-DBIx-Simple-1.35-7.el7.noarch                       320/730 
  Installing : perl-Net-LibIDN-0.12-15.el7.x86_64                       321/730 
  Installing : 7:device-mapper-event-1.02.164-7.el7_8.1.x86_64          322/730 
Failed to get D-Bus connection: Operation not permitted
warning: %post(device-mapper-event-7:1.02.164-7.el7_8.1.x86_64) scriptlet failed, exit status 1
[91mNon-fatal POSTIN scriptlet failure in rpm package 7:device-mapper-event-1.02.164-7.el7_8.1.x86_64[0m[91m
[0m  Installing : libXvMC-1.0.10-1.el7.x86_64                              323/730 
  Installing : ipset-libs-6.38-2.el7.x86_64                             324/730 
  Installing : ipset-6.38-2.el7.x86_64                                  325/730 
  Installing : 2:nmap-ncat-6.40-16.el7.x86_64                           326/730 
  Installing : 1:xorg-x11-xauth-1.0.9-1.el7.x86_64                      327/730 
  Installing : xorg-x11-xinit-1.3.4-2.el7.x86_64                        328/730 
  Installing : libXp-1.0.2-2.1.el7.x86_64                               329/730 
  Installing : libXxf86dga-1.1.4-2.1.el7.x86_64                         330/730 
  Installing : libdmx-1.1.3-3.el7.x86_64                                331/730 
  Installing : libXcomposite-0.4.4-4.1.el7.x86_64                       332/730 
  Installing : libxkbfile-1.0.9-3.el7.x86_64                            333/730 
  Installing : xorg-x11-xkb-utils-7.7-14.el7.x86_64                     334/730 
  Installing : xorg-x11-server-common-1.20.1-3.el7.x86_64               335/730 
  Installing : xcb-util-0.4.0-2.el7.x86_64                              336/730 
  Installing : usb_modeswitch-data-20170806-1.el7.noarch                337/730 
  Installing : usb_modeswitch-2.5.1-1.el7.x86_64                        338/730 
  Installing : libfprint-0.8.2-1.el7.x86_64                             339/730 
  Installing : boost-timer-1.53.0-27.el7.x86_64                         340/730 
  Installing : 1:cups-client-1.6.3-35.el7.x86_64                        341/730 
  Installing : avahi-glib-0.6.31-19.el7.x86_64                          342/730 
  Installing : tcp_wrappers-7.6-77.el7.x86_64                           343/730 
  Installing : 1:quota-4.01-17.el7.x86_64                               344/730 
  Installing : libreport-cli-2.1.11-42.el7.centos.x86_64                345/730 
  Installing : ttmkfdir-3.0.9-42.el7.x86_64                             346/730 
  Installing : jasper-libs-1.900.1-33.el7.x86_64                        347/730 
  Installing : systemd-python-219-73.el7_8.5.x86_64                     348/730 
  Installing : ebtables-2.0.10-16.el7.x86_64                            349/730 
  Installing : iscsi-initiator-utils-6.2.0.874-10.el7.x86_64            350/730 
  Installing : iscsi-initiator-utils-iscsiuio-6.2.0.874-10.el7.x86_64   351/730 
  Installing : fxload-2002_04_11-16.el7.x86_64                          352/730 
  Installing : trousers-0.3.14-2.el7.x86_64                             353/730 
  Installing : ntpdate-4.2.6p5-28.el7.centos.x86_64                     354/730 
  Installing : python-pyudev-0.15-9.el7.noarch                          355/730 
  Installing : plymouth-core-libs-0.8.9-0.31.20140113.el7.centos.x86_   356/730 
  Installing : plymouth-scripts-0.8.9-0.31.20140113.el7.centos.x86_64   357/730 
  Installing : plymouth-0.8.9-0.31.20140113.el7.centos.x86_64           358/730 
  Installing : c-ares-1.10.0-3.el7.x86_64                               359/730 
  Installing : gdb-7.6.1-114.el7.x86_64                                 360/730 
  Installing : boost-context-1.53.0-27.el7.x86_64                       361/730 
  Installing : fipscheck-lib-1.4.1-6.el7.x86_64                         362/730 
  Installing : fipscheck-1.4.1-6.el7.x86_64                             363/730 
  Installing : openssh-7.4p1-16.el7.x86_64                              364/730 
  Installing : 1:make-3.82-23.el7.x86_64                                365/730 
  Installing : 1:openssl-1.0.2k-16.el7.x86_64                           366/730 
  Installing : perl-IO-Socket-SSL-1.94-7.el7.noarch                     367/730 
  Installing : perl-Net-HTTP-6.06-2.el7.noarch                          368/730 
  Installing : perl-libwww-perl-6.05-2.el7.noarch                       369/730 
  Installing : perl-HTML-Format-2.10-7.el7.noarch                       370/730 
  Installing : 1:perl-HTML-Tree-5.03-2.el7.noarch                       371/730 
  Installing : perl-XML-SAX-0.99-9.el7.noarch                           372/730 
  Installing : libpath_utils-0.2.1-32.el7.x86_64                        373/730 
  Installing : libini_config-1.3.1-32.el7.x86_64                        374/730 
  Installing : gssproxy-0.7.0-21.el7.x86_64                             375/730 
  Installing : qpdf-libs-5.0.1-3.el7.x86_64                             376/730 
  Installing : sgpio-1.2.0.10-13.el7.x86_64                             377/730 
  Installing : dmraid-1.0.0.rc16-28.el7.x86_64                          378/730 
  Installing : dmraid-events-1.0.0.rc16-28.el7.x86_64                   379/730 
  Installing : gsm-1.0.13-11.el7.x86_64                                 380/730 
  Installing : libsndfile-1.0.25-10.el7.x86_64                          381/730 
  Installing : python-kmod-0.9-4.el7.x86_64                             382/730 
  Installing : python-rtslib-2.1.fb63-13.el7.noarch                     383/730 
  Installing : libnfsidmap-0.25-19.el7.x86_64                           384/730 
  Installing : mozjs17-17.0.0-20.el7.x86_64                             385/730 
  Installing : polkit-0.112-18.el7.x86_64                               386/730 
  Installing : polkit-pkla-compat-0.1-4.el7.x86_64                      387/730 
  Installing : fprintd-0.8.1-2.el7.x86_64                               388/730 
  Installing : 1:compat-glibc-2.12-4.el7.centos.x86_64                  389/730 
  Installing : 1:compat-glibc-headers-2.12-4.el7.centos.x86_64          390/730 
  Installing : boost-atomic-1.53.0-27.el7.x86_64                        391/730 
  Installing : libseccomp-2.3.1-3.el7.x86_64                            392/730 
  Installing : pygobject2-2.28.6-11.el7.x86_64                          393/730 
  Installing : 1:net-snmp-libs-5.7.2-48.el7_8.x86_64                    394/730 
  Installing : libyaml-0.1.4-11.el7_0.x86_64                            395/730 
  Installing : rubygem-bigdecimal-1.2.0-33.el7_4.x86_64                 396/730 
  Installing : ruby-irb-2.0.0.648-33.el7_4.noarch                       397/730 
  Installing : ruby-2.0.0.648-33.el7_4.x86_64                           398/730 
  Installing : rubygem-psych-2.0.0-33.el7_4.x86_64                      399/730 
  Installing : rubygem-rdoc-4.0.0-33.el7_4.noarch                       400/730 
  Installing : rubygem-json-1.7.7-33.el7_4.x86_64                       401/730 
  Installing : rubygems-2.0.14.1-33.el7_4.noarch                        402/730 
  Installing : rubygem-io-console-0.4.2-33.el7_4.x86_64                 403/730 
  Installing : 2:ethtool-4.8-9.el7.x86_64                               404/730 
  Installing : fribidi-1.0.2-1.el7.x86_64                               405/730 
  Installing : python-urwid-1.1.1-3.el7.x86_64                          406/730 
  Installing : 1:python-configshell-1.1.fb23-5.el7.noarch               407/730 
  Installing : libss-1.42.9-13.el7.x86_64                               408/730 
  Installing : logrotate-3.8.6-17.el7.x86_64                            409/730 
  Installing : libselinux-python-2.5-14.1.el7.x86_64                    410/730 
  Installing : python-slip-0.4.0-4.el7.noarch                           411/730 
  Installing : python-slip-dbus-0.4.0-4.el7.noarch                      412/730 
  Installing : python-firewall-0.5.3-5.el7.noarch                       413/730 
  Installing : elfutils-0.172-2.el7.x86_64                              414/730 
  Installing : autogen-libopts-5.18-5.el7.x86_64                        415/730 
  Installing : libmodman-2.0.1-8.el7.x86_64                             416/730 
  Installing : libproxy-0.4.11-11.el7.x86_64                            417/730 
  Installing : libreport-web-2.1.11-42.el7.centos.x86_64                418/730 
  Installing : libreport-plugin-mantisbt-2.1.11-42.el7.centos.x86_64    419/730 
  Installing : libreport-centos-2.1.11-42.el7.centos.x86_64             420/730 
  Installing : libreport-plugin-ureport-2.1.11-42.el7.centos.x86_64     421/730 
  Installing : libreport-plugin-rhtsupport-2.1.11-42.el7.centos.x86_6   422/730 
  Installing : libselinux-utils-2.5-14.1.el7.x86_64                     423/730 
  Installing : policycoreutils-2.5-29.el7.x86_64                        424/730 
  Installing : boost-serialization-1.53.0-27.el7.x86_64                 425/730 
  Installing : libwayland-client-1.15.0-1.el7.x86_64                    426/730 
  Installing : 1:libglvnd-egl-1.0.1-0.8.git5baa1e5.el7.x86_64           427/730 
  Installing : mesa-libEGL-18.0.5-3.el7.x86_64                          428/730 
  Installing : cairo-1.15.12-3.el7.x86_64                               429/730 
  Installing : libfastjson-0.99.4-3.el7.x86_64                          430/730 
  Installing : mtools-4.0.18-5.el7.x86_64                               431/730 
  Installing : boost-program-options-1.53.0-27.el7.x86_64               432/730 
  Installing : atk-2.28.1-1.el7.x86_64                                  433/730 
  Installing : lsscsi-0.27-6.el7.x86_64                                 434/730 
  Installing : xfsprogs-4.5.0-18.el7.x86_64                             435/730 
  Installing : llvm-private-6.0.1-2.el7.x86_64                          436/730 
  Installing : mesa-libxatracker-18.0.5-3.el7.x86_64                    437/730 
  Installing : boost-python-1.53.0-27.el7.x86_64                        438/730 
  Installing : libdwarf-20130207-4.el7.x86_64                           439/730 
  Installing : dyninst-9.3.1-2.el7.x86_64                               440/730 
  Installing : nettle-2.7.1-8.el7.x86_64                                441/730 
install-info: No such file or directory for /usr/share/info/nettle.info
  Installing : gnutls-3.3.29-8.el7.x86_64                               442/730 
  Installing : mtdev-1.1.5-5.el7.x86_64                                 443/730 
  Installing : trace-cmd-2.6.0-10.el7.x86_64                            444/730 
  Installing : GeoIP-1.5.0-13.el7.x86_64                                445/730 
  Installing : 32:bind-libs-lite-9.9.4-72.el7.x86_64                    446/730 
  Installing : 12:dhclient-4.2.5-68.el7.centos.1.x86_64                 447/730 
  Installing : dracut-network-033-554.el7.x86_64                        448/730 
  Installing : libtool-ltdl-2.4.2-22.el7_3.x86_64                       449/730 
  Installing : boost-signals-1.53.0-27.el7.x86_64                       450/730 
  Installing : lm_sensors-libs-3.4.0-6.20160601gitf9185e5.el7.x86_64    451/730 
  Installing : attr-2.4.46-13.el7.x86_64                                452/730 
  Installing : grubby-8.28-25.el7.x86_64                                453/730 
  Installing : kernel-3.10.0-957.el7.x86_64                             454/730 
  Installing : 1:mariadb-libs-5.5.60-1.el7_5.x86_64                     455/730 
  Installing : 1:tcl-8.5.13-8.el7.x86_64                                456/730 
  Installing : m4-1.4.16-10.el7.x86_64                                  457/730 
  Installing : procmail-3.22-36.el7_4.1.x86_64                          458/730 
  Installing : sendmail-8.14.7-5.el7.x86_64                             459/730 
  Installing : wget-1.14-18.el7.x86_64                                  460/730 
install-info: No such file or directory for /usr/share/info/wget.info.gz
  Installing : libsmi-0.4.8-13.el7.x86_64                               461/730 
  Installing : libpipeline-1.2.3-3.el7.x86_64                           462/730 
  Installing : libpfm-4.7.0-10.el7.x86_64                               463/730 
  Installing : usermode-1.111-5.el7.x86_64                              464/730 
  Installing : alsa-lib-1.1.6-2.el7.x86_64                              465/730 
  Installing : alsa-tools-firmware-1.1.0-1.el7.x86_64                   466/730 
  Installing : alsa-firmware-1.0.28-2.el7.noarch                        467/730 
  Installing : boost-test-1.53.0-27.el7.x86_64                          468/730 
  Installing : libquadmath-4.8.5-36.el7.x86_64                          469/730 
  Installing : libgfortran-4.8.5-36.el7.x86_64                          470/730 
  Installing : blas-3.4.2-8.el7.x86_64                                  471/730 
  Installing : libXdmcp-1.1.2-6.el7.x86_64                              472/730 
  Installing : boost-math-1.53.0-27.el7.x86_64                          473/730 
  Installing : glibc-headers-2.17-260.el7.x86_64                        474/730 
  Installing : glibc-devel-2.17-260.el7.x86_64                          475/730 
  Installing : perl-ExtUtils-MakeMaker-6.68-3.el7.noarch                476/730 
  Installing : perl-ExtUtils-Install-1.58-293.el7.noarch                477/730 
  Installing : 4:perl-devel-5.16.3-293.el7.x86_64                       478/730 
  Installing : 1:perl-ExtUtils-ParseXS-3.18-3.el7.noarch                479/730 
  Installing : 1:perl-IPC-Cmd-0.80-4.el7.noarch                         480/730 
  Installing : 1:perl-Archive-Extract-0.68-3.el7.noarch                 481/730 
  Installing : perl-File-Fetch-0.42-2.el7.noarch                        482/730 
  Installing : perl-CPANPLUS-0.91.38-4.el7.noarch                       483/730 
  Installing : 1:perl-ExtUtils-CBuilder-0.28.2.6-293.el7.noarch         484/730 
  Installing : 2:perl-Module-Build-0.40.05-2.el7.noarch                 485/730 
  Installing : efivar-libs-36-11.el7.x86_64                             486/730 
  Installing : bc-1.06.95-13.el7.x86_64                                 487/730 
  Installing : desktop-file-utils-0.23-1.el7.x86_64                     488/730 
  Installing : xdg-utils-1.1.0-0.17.20120809git.el7.noarch              489/730 
  Installing : bzip2-1.0.6-13.el7.x86_64                                490/730 
  Installing : sos-3.6-9.el7.centos.noarch                              491/730 
  Installing : abrt-python-2.1.11-52.el7.centos.x86_64                  492/730 
  Installing : abrt-2.1.11-52.el7.centos.x86_64                         493/730 
  Installing : abrt-dbus-2.1.11-52.el7.centos.x86_64                    494/730 
  Installing : abrt-addon-kerneloops-2.1.11-52.el7.centos.x86_64        495/730 
  Installing : abrt-addon-pstoreoops-2.1.11-52.el7.centos.x86_64        496/730 
  Installing : abrt-tui-2.1.11-52.el7.centos.x86_64                     497/730 
  Installing : abrt-retrace-client-2.1.11-52.el7.centos.x86_64          498/730 
  Installing : abrt-addon-ccpp-2.1.11-52.el7.centos.x86_64              499/730 
  Installing : abrt-addon-python-2.1.11-52.el7.centos.x86_64            500/730 
  Installing : abrt-addon-xorg-2.1.11-52.el7.centos.x86_64              501/730 
  Installing : graphite2-1.3.10-1.el7_3.x86_64                          502/730 
  Installing : harfbuzz-1.7.5-2.el7.x86_64                              503/730 
  Installing : libestr-0.1.9-2.el7.x86_64                               504/730 
  Installing : mpfr-3.1.1-4.el7.x86_64                                  505/730 
  Installing : libasyncns-0.8-7.el7.x86_64                              506/730 
  Installing : libthai-0.1.14-9.el7.x86_64                              507/730 
  Installing : pango-1.42.4-1.el7.x86_64                                508/730 
  Installing : libepoxy-1.5.2-1.el7.x86_64                              509/730 
  Installing : xorg-x11-server-Xorg-1.20.1-3.el7.x86_64                 510/730 
  Installing : xorg-x11-drv-dummy-0.3.7-1.el7.1.x86_64                  511/730 
  Installing : xorg-x11-drv-void-1.4.1-2.el7.1.x86_64                   512/730 
  Installing : xorg-x11-drv-vesa-2.4.0-1.el7.x86_64                     513/730 
  Installing : xorg-x11-drv-qxl-0.1.5-4.el7.1.x86_64                    514/730 
  Installing : xorg-x11-drv-fbdev-0.5.0-1.el7.x86_64                    515/730 
  Installing : xorg-x11-drv-vmmouse-13.1.0-1.el7.1.x86_64               516/730 
  Installing : xorg-x11-drv-wacom-0.36.1-1.el7.x86_64                   517/730 
  Installing : xorg-x11-drv-ati-19.0.1-3.el7_7.x86_64                   518/730 
  Installing : xorg-x11-drv-intel-2.99.917-28.20180530.el7.x86_64       519/730 
  Installing : xorg-x11-drv-vmware-13.2.1-1.el7.1.x86_64                520/730 
  Installing : xorg-x11-drv-evdev-2.10.6-1.el7.x86_64                   521/730 
  Installing : xorg-x11-drv-v4l-0.2.0-49.el7.x86_64                     522/730 
  Installing : xorg-x11-drv-synaptics-1.9.0-2.el7.x86_64                523/730 
  Installing : 1:xorg-x11-drv-nouveau-1.0.15-1.el7.x86_64               524/730 
  Installing : jbigkit-libs-2.0-11.el7.x86_64                           525/730 
  Installing : libtiff-4.0.3-27.el7_3.x86_64                            526/730 
  Installing : gdk-pixbuf2-2.36.12-3.el7.x86_64                         527/730 
  Installing : poppler-0.26.5-20.el7.x86_64                             528/730 
  Installing : ghostscript-9.07-31.el7.x86_64                           529/730 
  Installing : poppler-utils-0.26.5-20.el7.x86_64                       530/730 
  Installing : gtk-update-icon-cache-3.22.30-3.el7.x86_64               531/730 
  Installing : cups-filters-libs-1.0.35-22.el7.x86_64                   532/730 
  Installing : 1:cups-filesystem-1.6.3-35.el7.noarch                    533/730 
  Installing : cups-filters-1.0.35-22.el7.x86_64                        534/730 
  Installing : ghostscript-cups-9.07-31.el7.x86_64                      535/730 
  Installing : 1:cups-1.6.3-35.el7.x86_64                               536/730 
  Installing : gtk2-2.24.31-1.el7.x86_64                                537/730 
  Installing : xorg-x11-drivers-7.7-6.el7.x86_64                        538/730 
  Installing : pulseaudio-libs-10.0-5.el7.x86_64                        539/730 
  Installing : libmpc-1.0.1-3.el7.x86_64                                540/730 
  Installing : rsyslog-8.24.0-34.el7.x86_64                             541/730 
  Installing : pinfo-0.6.10-9.el7.x86_64                                542/730 
  Installing : efibootmgr-17-2.el7.x86_64                               543/730 
  Installing : perl-CPANPLUS-Dist-Build-0.70-3.el7.noarch               544/730 
  Installing : boost-1.53.0-27.el7.x86_64                               545/730 
  Installing : lapack-3.4.2-8.el7.x86_64                                546/730 
  Installing : setuptool-1.19.11-8.el7.x86_64                           547/730 
  Installing : papi-5.2.0-26.el7.x86_64                                 548/730 
  Installing : man-db-2.6.3-11.el7.x86_64                               549/730 
  Installing : wireshark-1.10.14-16.el7.x86_64                          550/730 
  Installing : sendmail-cf-8.14.7-5.el7.noarch                          551/730 
  Installing : 1:tk-8.5.13-6.el7.x86_64                                 552/730 
  Installing : 2:postfix-2.10.1-7.el7.x86_64                            553/730 
  Installing : lldpad-1.0.1-3.git036e314.el7.x86_64                     554/730 
  Installing : xfsdump-3.1.7-1.el7.x86_64                               555/730 
  Installing : unixODBC-2.3.1-11.el7.x86_64                             556/730 
  Installing : crash-trace-command-2.0-14.el7.x86_64                    557/730 
  Installing : systemtap-runtime-3.3-3.el7.x86_64                       558/730 
  Installing : iprutils-2.4.16.1-1.el7.x86_64                           559/730 
  Installing : syslinux-4.05-15.el7.x86_64                              560/730 
  Installing : 1:libglvnd-gles-1.0.1-0.8.git5baa1e5.el7.x86_64          561/730 
  Installing : authconfig-6.2.8-30.el7.x86_64                           562/730 
  Installing : ntp-4.2.6p5-28.el7.centos.x86_64                         563/730 
  Installing : firewalld-0.5.3-5.el7.noarch                             564/730 
  Installing : e2fsprogs-1.42.9-13.el7.x86_64                           565/730 
  Installing : targetcli-2.1.fb46-7.el7.noarch                          566/730 
  Installing : rubygem-abrt-0.3.0-1.el7.noarch                          567/730 
  Installing : OpenIPMI-2.0.23-2.el7.x86_64                             568/730 
  Installing : chrony-3.2-2.el7.x86_64                                  569/730 
  Installing : fprintd-pam-0.8.1-2.el7.x86_64                           570/730 
  Installing : GConf2-3.2.6-8.el7.x86_64                                571/730 
  Installing : 1:nfs-utils-1.3.0-0.61.el7.x86_64                        572/730 
  Installing : 1:perl-XML-LibXML-2.0018-5.el7.x86_64                    573/730 
  Installing : perl-XML-Simple-2.20-5.el7.noarch                        574/730 
  Installing : perl-XML-Twig-3.44-2.el7.noarch                          575/730 
  Installing : openssh-clients-7.4p1-16.el7.x86_64                      576/730 
  Installing : openssh-server-7.4p1-16.el7.x86_64                       577/730 
  Installing : xorg-x11-fonts-Type1-7.5-9.el7.noarch                    578/730 
  Installing : xorg-x11-utils-7.5-23.el7.x86_64                         579/730 
  Installing : motif-2.3.4-14.el7_5.x86_64                              580/730 
  Installing : 2:nmap-6.40-16.el7.x86_64                                581/730 
  Installing : rasdaemon-0.4.1-33.1.el7_5.x86_64                        582/730 
  Installing : logwatch-7.4.0-35.20130522svn140.el7_5.noarch            583/730 
  Installing : perl-Spreadsheet-WriteExcel-2.40-1.el7.noarch            584/730 
  Installing : perl-Text-Soundex-3.04-4.el7.x86_64                      585/730 
  Installing : perl-CGI-3.63-4.el7.noarch                               586/730 
  Installing : perl-Proc-Daemon-0.19-1.el7.noarch                       587/730 
  Installing : perl-Archive-Tar-1.92-2.el7.noarch                       588/730 
  Installing : perl-XML-Grove-0.46alpha-52.el7.noarch                   589/730 
  Installing : perl-Pod-Checker-1.60-2.el7.noarch                       590/730 
  Installing : perl-Pod-LaTeX-0.61-2.el7.noarch                         591/730 
  Installing : 1:perl-Digest-SHA-5.85-4.el7.x86_64                      592/730 
  Installing : perl-B-Lint-1.17-3.el7.noarch                            593/730 
  Installing : perl-Test-Simple-0.98-243.el7.noarch                     594/730 
  Installing : perl-XML-Dumper-0.81-17.el7.noarch                       595/730 
  Installing : perl-XML-Simple-DTDReader-0.04-16.el7.noarch             596/730 
  Installing : perl-Version-Requirements-0.101022-244.el7.noarch        597/730 
  Installing : perl-Sys-Syslog-0.33-3.el7.x86_64                        598/730 
  Installing : perl-Crypt-SSLeay-0.64-5.el7.x86_64                      599/730 
  Installing : perl-Env-1.04-2.el7.noarch                               600/730 
  Installing : perl-Convert-ASN1-0.26-4.el7.noarch                      601/730 
  Installing : perl-File-CheckTree-4.42-3.el7.noarch                    602/730 
  Installing : kernel-devel-3.10.0-957.el7.x86_64                       603/730 
  Installing : perl-Net-IP-1.26-4.el7.noarch                            604/730 
  Installing : perl-local-lib-1.008010-4.el7.noarch                     605/730 
  Installing : perl-autodie-2.16-2.el7.noarch                           606/730 
  Installing : perl-DB_File-1.830-6.el7.x86_64                          607/730 
  Installing : perl-Locale-Codes-3.26-2.el7.noarch                      608/730 
  Installing : 1:valgrind-3.13.0-13.el7.x86_64                          609/730 
  Installing : perl-Thread-Queue-3.02-2.el7.noarch                      610/730 
  Installing : ganglia-gmond-python-3.7.2-2.el7.x86_64                  611/730 
  Installing : device-mapper-multipath-0.4.9-123.el7.x86_64             612/730 
  Installing : freeglut-3.0.0-8.el7.x86_64                              613/730 
  Installing : glx-utils-8.3.0-10.el7.x86_64                            614/730 
  Installing : xterm-295-3.el7.x86_64                                   615/730 
  Installing : cifs-utils-6.2-10.el7.x86_64                             616/730 
  Installing : cgdcbxd-1.0.2-7.el7.x86_64                               617/730 
  Installing : crda-3.18_2018.05.31-4.el7.x86_64                        618/730 
  Installing : pm-utils-1.4.1-27.el7.x86_64                             619/730 
  Installing : javapackages-tools-3.4.1-11.el7.noarch                   620/730 
  Installing : gettext-0.19.8.1-2.el7.x86_64                            621/730 
install-info: No such file or directory for /usr/share/info/gettext.info.gz
  Installing : 3:irqbalance-1.0.7-11.el7.x86_64                         622/730 
  Installing : numactl-2.0.9-7.el7.x86_64                               623/730 
  Installing : sysfsutils-2.1.0-16.el7.x86_64                           624/730 
  Installing : biosdevname-0.7.3-1.el7.x86_64                           625/730 
  Installing : pciutils-3.5.1-3.el7.x86_64                              626/730 
  Installing : crash-gcore-command-1.3.1-0.el7.x86_64                   627/730 
  Installing : crash-ptdump-command-1.0.3-2.el7.x86_64                  628/730 
  Installing : tmpwatch-2.11-5.el7.x86_64                               629/730 
  Installing : 1:librados2-10.2.5-4.el7.x86_64                          630/730 
  Installing : 1:autofs-5.0.7-99.el7.x86_64                             631/730 
  Installing : sg3_utils-1.37-17.el7.x86_64                             632/730 
  Installing : ledmon-0.90-1.el7.x86_64                                 633/730 
  Installing : ntsysv-1.7.4-1.el7.x86_64                                634/730 
  Installing : mlocate-0.26-8.el7.x86_64                                635/730 
  Installing : ipmitool-1.8.18-7.el7.x86_64                             636/730 
  Installing : libXfont-1.5.4-1.el7.x86_64                              637/730 
  Installing : libreport-plugin-mailx-2.1.11-42.el7.centos.x86_64       638/730 
  Installing : 1:smartmontools-6.5-1.el7.x86_64                         639/730 
  Installing : device-mapper-persistent-data-0.7.3-3.el7.x86_64         640/730 
  Installing : blktrace-1.0.5-8.el7.x86_64                              641/730 
  Installing : btrfs-progs-4.9.1-1.el7.x86_64                           642/730 
  Installing : virt-what-1.18-4.el7.x86_64                              643/730 
  Installing : libnl3-cli-3.2.28-4.el7.x86_64                           644/730 
  Installing : 14:tcpdump-4.9.2-3.el7.x86_64                            645/730 
  Installing : libarchive-3.1.2-10.el7_2.x86_64                         646/730 
  Installing : 1:libglvnd-opengl-1.0.1-0.8.git5baa1e5.el7.x86_64        647/730 
  Installing : libvdpau-1.1.1-3.el7.x86_64                              648/730 
  Installing : giflib-4.1.6-9.el7.x86_64                                649/730 
  Installing : usbutils-007-5.el7.x86_64                                650/730 
  Installing : parted-3.1-29.el7.x86_64                                 651/730 
  Installing : lshw-B.02.18-12.el7.x86_64                               652/730 
  Installing : audit-2.8.4-4.el7.x86_64                                 653/730 
  Installing : compat-libtiff3-3.9.4-11.el7.x86_64                      654/730 
  Installing : psacct-6.6.1-13.el7.x86_64                               655/730 
install-info: No such file or directory for /usr/share/info/accounting.info
  Installing : portreserve-0.0.5-11.el7.x86_64                          656/730 
  Installing : ksh-20120801-139.el7.x86_64                              657/730 
  Installing : net-tools-2.0-0.24.20131004git.el7.x86_64                658/730 
  Installing : mt-st-1.1-14.el7.x86_64                                  659/730 
  Installing : os-prober-1.58-9.el7.x86_64                              660/730 
  Installing : 3:mcelog-144-9.94d853b2ea81.el7.x86_64                   661/730 
  Installing : aic94xx-firmware-30-6.el7.noarch                         662/730 
  Installing : mdadm-4.1-rc1_2.el7.x86_64                               663/730 
  Installing : at-3.1.13-24.el7.x86_64                                  664/730 
  Installing : tcsh-6.18.01-15.el7.x86_64                               665/730 
  Installing : compat-exiv2-023-0.23-2.el7.x86_64                       666/730 
  Installing : 2:mtr-0.85-7.el7.x86_64                                  667/730 
  Installing : ltrace-0.7.91-15.el7.x86_64                              668/730 
  Installing : screen-4.1.0-0.25.20120314git3c2946.el7.x86_64           669/730 
  Installing : libmcrypt-2.5.8-13.el7.x86_64                            670/730 
  Installing : strace-4.12-9.el7.x86_64                                 671/730 
  Installing : libpng12-1.2.50-10.el7.x86_64                            672/730 
  Installing : file-5.11-35.el7.x86_64                                  673/730 
  Installing : compat-libcap1-1.10-7.el7.x86_64                         674/730 
  Installing : compat-libgfortran-41-4.1.2-44.el7.x86_64                675/730 
  Installing : cyrus-sasl-plain-2.1.26-23.el7.x86_64                    676/730 
  Installing : unzip-6.0-19.el7.x86_64                                  677/730 
  Installing : python-dmidecode-3.12.2-3.el7.x86_64                     678/730 
  Installing : jansson-2.10-1.el7.x86_64                                679/730 
  Installing : nano-2.3.1-10.el7.x86_64                                 680/730 
  Installing : mesa-private-llvm-3.9.1-3.el7.x86_64                     681/730 
  Installing : python-schedutils-0.4-6.el7.x86_64                       682/730 
  Installing : ftp-0.17-67.el7.x86_64                                   683/730 
  Installing : zip-3.0-11.el7.x86_64                                    684/730 
  Installing : gdisk-0.8.10-2.el7.x86_64                                685/730 
  Installing : time-1.7-45.el7.x86_64                                   686/730 
  Installing : rfkill-0.4-10.el7.x86_64                                 687/730 
  Installing : dosfstools-3.0.20-10.el7.x86_64                          688/730 
  Installing : bridge-utils-1.5-9.el7.x86_64                            689/730 
  Installing : compat-db47-4.7.25-28.el7.x86_64                         690/730 
  Installing : nfs4-acl-tools-0.3.3-19.el7.x86_64                       691/730 
  Installing : lsof-4.87-6.el7.x86_64                                   692/730 
  Installing : 2:rmt-1.5.2-13.el7.x86_64                                693/730 
  Installing : gpm-libs-1.20.7-5.el7.x86_64                             694/730 
  Installing : lksctp-tools-1.0.17-2.el7.x86_64                         695/730 
  Installing : pcsc-lite-libs-1.8.8-8.el7.x86_64                        696/730 
  Installing : 1:compat-openldap-2.3.43-5.el7.x86_64                    697/730 
  Installing : setserial-2.17-33.el7.x86_64                             698/730 
  Installing : openssl098e-0.9.8e-29.el7.centos.3.x86_64                699/730 
  Installing : latrace-0.5.11-6.1.el7.x86_64                            700/730 
  Installing : sudo-1.8.23-3.el7.x86_64                                 701/730 
  Installing : memstomp-0.1.4-11.el7.x86_64                             702/730 
  Installing : ed-1.9-4.el7.x86_64                                      703/730 
install-info: No such file or directory for /usr/share/info/ed.info.gz
  Installing : dos2unix-6.0.3-7.el7.x86_64                              704/730 
  Installing : prelink-0.5.0-9.el7.x86_64                               705/730 
  Installing : libdaemon-0.14-7.el7.x86_64                              706/730 
  Installing : tftp-5.2-22.el7.x86_64                                   707/730 
  Installing : patch-2.7.1-10.el7_5.x86_64                              708/730 
  Installing : 3:traceroute-2.0.22-2.el7.x86_64                         709/730 
  Installing : cryptsetup-2.0.3-3.el7.x86_64                            710/730 
  Installing : compat-libf2c-34-3.4.6-32.el7.x86_64                     711/730 
  Installing : scl-utils-20130529-19.el7.x86_64                         712/730 
  Installing : uuid-1.6.2-26.el7.x86_64                                 713/730 
  Installing : zlib-1.2.7-18.el7.i686                                   714/730 
  Installing : zlib-devel-1.2.7-18.el7.x86_64                           715/730 
  Installing : kexec-tools-2.0.15-21.el7.x86_64                         716/730 
  Installing : abrt-addon-vmcore-2.1.11-52.el7.centos.x86_64            717/730 
  Installing : abrt-cli-2.1.11-52.el7.centos.x86_64                     718/730 
  Installing : xz-libs-5.2.2-1.el7.i686                                 719/730 
  Installing : libxml2-2.9.1-6.el7_2.3.i686                             720/730 
  Installing : libstdc++-4.8.5-36.el7.i686                              721/730 
  Installing : rng-tools-6.3.1-3.el7.x86_64                             722/730 
  Installing : abrt-console-notification-2.1.11-52.el7.centos.x86_64    723/730 
  Installing : elfutils-libelf-devel-0.172-2.el7.x86_64                 724/730 
  Installing : rsync-3.1.2-4.el7.x86_64                                 725/730 
  Installing : ncurses-libs-5.9-14.20130511.el7_4.i686                  726/730 
  Cleanup    : 7:device-mapper-libs-1.02.149-8.el7.x86_64               727/730 
  Cleanup    : 7:device-mapper-1.02.149-8.el7.x86_64                    728/730 
  Cleanup    : systemd-219-62.el7.x86_64                                729/730 
  Cleanup    : systemd-libs-219-62.el7.x86_64                           730/730 
No '/dev/log' or 'logger' included for syslog logging
findmnt: can't read (null): No such file or directory
findmnt: can't read (null): No such file or directory
No '/dev/log' or 'logger' included for syslog logging
  Verifying  : device-mapper-persistent-data-0.7.3-3.el7.x86_64           1/730 
  Verifying  : libXext-1.3.3-3.el7.x86_64                                 2/730 
  Verifying  : 1:xorg-x11-font-utils-7.5-21.el7.x86_64                    3/730 
  Verifying  : perl-HTTP-Tiny-0.033-3.el7.noarch                          4/730 
  Verifying  : libXrender-0.9.10-1.el7.x86_64                             5/730 
  Verifying  : perl-Carp-Clan-6.04-10.el7.noarch                          6/730 
  Verifying  : xz-libs-5.2.2-1.el7.i686                                   7/730 
  Verifying  : libreport-plugin-mantisbt-2.1.11-42.el7.centos.x86_64      8/730 
  Verifying  : OpenIPMI-2.0.23-2.el7.x86_64                               9/730 
  Verifying  : perl-Locale-Maketext-1.23-3.el7.noarch                    10/730 
  Verifying  : 1:compat-glibc-headers-2.12-4.el7.centos.x86_64           11/730 
  Verifying  : libstoragemgmt-1.6.2-4.el7.x86_64                         12/730 
  Verifying  : pango-1.42.4-1.el7.x86_64                                 13/730 
  Verifying  : perl-XML-Dumper-0.81-17.el7.noarch                        14/730 
  Verifying  : sos-3.6-9.el7.centos.noarch                               15/730 
  Verifying  : libdrm-2.4.91-3.el7.x86_64                                16/730 
  Verifying  : crash-trace-command-2.0-14.el7.x86_64                     17/730 
  Verifying  : abrt-retrace-client-2.1.11-52.el7.centos.x86_64           18/730 
  Verifying  : openjpeg-libs-1.5.1-18.el7.x86_64                         19/730 
  Verifying  : perl-Sys-Syslog-0.33-3.el7.x86_64                         20/730 
  Verifying  : c-ares-1.10.0-3.el7.x86_64                                21/730 
  Verifying  : gdb-7.6.1-114.el7.x86_64                                  22/730 
  Verifying  : perl-Crypt-SSLeay-0.64-5.el7.x86_64                       23/730 
  Verifying  : kernel-3.10.0-957.el7.x86_64                              24/730 
  Verifying  : perl-IO-stringy-2.110-22.el7.noarch                       25/730 
  Verifying  : boost-context-1.53.0-27.el7.x86_64                        26/730 
  Verifying  : libtalloc-2.1.13-1.el7.x86_64                             27/730 
  Verifying  : libconfig-1.4.9-5.el7.x86_64                              28/730 
  Verifying  : fipscheck-1.4.1-6.el7.x86_64                              29/730 
  Verifying  : libxml2-2.9.1-6.el7_2.3.i686                              30/730 
  Verifying  : dejavu-sans-fonts-2.33-6.el7.noarch                       31/730 
  Verifying  : 1:make-3.82-23.el7.x86_64                                 32/730 
  Verifying  : mesa-libglapi-18.0.5-3.el7.x86_64                         33/730 
  Verifying  : perl-File-Temp-0.23.01-3.el7.noarch                       34/730 
  Verifying  : 1:perl-IPC-Cmd-0.80-4.el7.noarch                          35/730 
  Verifying  : libpath_utils-0.2.1-32.el7.x86_64                         36/730 
  Verifying  : perl-Net-HTTP-6.06-2.el7.noarch                           37/730 
  Verifying  : tcsh-6.18.01-15.el7.x86_64                                38/730 
  Verifying  : libnl-1.1.4-3.el7.x86_64                                  39/730 
  Verifying  : perl-WWW-RobotRules-6.02-5.el7.noarch                     40/730 
  Verifying  : python-pyudev-0.15-9.el7.noarch                           41/730 
  Verifying  : libtar-1.2.11-29.el7.x86_64                               42/730 
  Verifying  : qpdf-libs-5.0.1-3.el7.x86_64                              43/730 
  Verifying  : alsa-firmware-1.0.28-2.el7.noarch                         44/730 
  Verifying  : perl-XML-Grove-0.46alpha-52.el7.noarch                    45/730 
  Verifying  : compat-exiv2-023-0.23-2.el7.x86_64                        46/730 
  Verifying  : words-3.0-22.el7.noarch                                   47/730 
  Verifying  : python-augeas-0.5.0-2.el7.noarch                          48/730 
  Verifying  : sgpio-1.2.0.10-13.el7.x86_64                              49/730 
  Verifying  : iwl6050-firmware-41.28.5.1-69.el7.noarch                  50/730 
  Verifying  : boost-graph-1.53.0-27.el7.x86_64                          51/730 
  Verifying  : OpenIPMI-modalias-2.0.23-2.el7.x86_64                     52/730 
  Verifying  : perl-JSON-PP-2.27202-2.el7.noarch                         53/730 
  Verifying  : perl-CPAN-Meta-2.120921-5.el7.noarch                      54/730 
  Verifying  : libbasicobjects-0.1.1-32.el7.x86_64                       55/730 
  Verifying  : rubygem-io-console-0.4.2-33.el7_4.x86_64                  56/730 
  Verifying  : slang-2.2.4-11.el7.x86_64                                 57/730 
  Verifying  : perl-Env-1.04-2.el7.noarch                                58/730 
  Verifying  : 1:bash-completion-2.1-6.el7.noarch                        59/730 
  Verifying  : tcp_wrappers-7.6-77.el7.x86_64                            60/730 
  Verifying  : perl-Scalar-List-Utils-1.27-248.el7.x86_64                61/730 
  Verifying  : libldb-1.3.4-1.el7.x86_64                                 62/730 
  Verifying  : poppler-utils-0.26.5-20.el7.x86_64                        63/730 
  Verifying  : xorg-x11-utils-7.5-23.el7.x86_64                          64/730 
  Verifying  : libXvMC-1.0.10-1.el7.x86_64                               65/730 
  Verifying  : iwl3945-firmware-15.32.2.9-69.el7.noarch                  66/730 
  Verifying  : lshw-B.02.18-12.el7.x86_64                                67/730 
  Verifying  : perl-HTML-Format-2.10-7.el7.noarch                        68/730 
  Verifying  : fprintd-pam-0.8.1-2.el7.x86_64                            69/730 
  Verifying  : 2:mtr-0.85-7.el7.x86_64                                   70/730 
  Verifying  : gsm-1.0.13-11.el7.x86_64                                  71/730 
  Verifying  : rng-tools-6.3.1-3.el7.x86_64                              72/730 
  Verifying  : xterm-295-3.el7.x86_64                                    73/730 
  Verifying  : usb_modeswitch-2.5.1-1.el7.x86_64                         74/730 
  Verifying  : libmpc-1.0.1-3.el7.x86_64                                 75/730 
  Verifying  : libref_array-0.1.5-32.el7.x86_64                          76/730 
  Verifying  : iwl3160-firmware-22.0.7.0-69.el7.noarch                   77/730 
  Verifying  : python-kmod-0.9-4.el7.x86_64                              78/730 
  Verifying  : perl-CPANPLUS-0.91.38-4.el7.noarch                        79/730 
  Verifying  : libnfsidmap-0.25-19.el7.x86_64                            80/730 
  Verifying  : 1:libglvnd-egl-1.0.1-0.8.git5baa1e5.el7.x86_64            81/730 
  Verifying  : jasper-libs-1.900.1-33.el7.x86_64                         82/730 
  Verifying  : perl-threads-1.87-4.el7.x86_64                            83/730 
  Verifying  : libX11-common-1.6.5-2.el7.noarch                          84/730 
  Verifying  : abrt-addon-python-2.1.11-52.el7.centos.x86_64             85/730 
  Verifying  : libgfortran-4.8.5-36.el7.x86_64                           86/730 
  Verifying  : mozjs17-17.0.0-20.el7.x86_64                              87/730 
  Verifying  : 1:compat-glibc-2.12-4.el7.centos.x86_64                   88/730 
  Verifying  : boost-atomic-1.53.0-27.el7.x86_64                         89/730 
  Verifying  : iwl7260-firmware-22.0.7.0-69.el7.noarch                   90/730 
  Verifying  : elfutils-libelf-devel-0.172-2.el7.x86_64                  91/730 
  Verifying  : alsa-tools-firmware-1.1.0-1.el7.x86_64                    92/730 
  Verifying  : pinfo-0.6.10-9.el7.x86_64                                 93/730 
  Verifying  : firewalld-filesystem-0.5.3-5.el7.noarch                   94/730 
  Verifying  : 1:libvorbis-1.3.3-8.el7.1.x86_64                          95/730 
  Verifying  : gdk-pixbuf2-2.36.12-3.el7.x86_64                          96/730 
  Verifying  : perl-Business-ISBN-2.06-2.el7.noarch                      97/730 
  Verifying  : boost-regex-1.53.0-27.el7.x86_64                          98/730 
  Verifying  : perl-threads-shared-1.43-6.el7.x86_64                     99/730 
  Verifying  : iwl100-firmware-39.31.5.1-69.el7.noarch                  100/730 
  Verifying  : perl-ExtUtils-Manifest-1.61-244.el7.noarch               101/730 
  Verifying  : libseccomp-2.3.1-3.el7.x86_64                            102/730 
  Verifying  : zlib-devel-1.2.7-18.el7.x86_64                           103/730 
  Verifying  : libreport-plugin-ureport-2.1.11-42.el7.centos.x86_64     104/730 
  Verifying  : cups-filters-libs-1.0.35-22.el7.x86_64                   105/730 
  Verifying  : perl-Compress-Raw-Bzip2-2.061-3.el7.x86_64               106/730 
  Verifying  : perl-HTML-Parser-3.71-4.el7.x86_64                       107/730 
  Verifying  : OpenIPMI-libs-2.0.23-2.el7.x86_64                        108/730 
  Verifying  : perl-Perl-OSType-1.003-3.el7.noarch                      109/730 
  Verifying  : biosdevname-0.7.3-1.el7.x86_64                           110/730 
  Verifying  : perl-Pod-Usage-1.63-3.el7.noarch                         111/730 
  Verifying  : 1:perl-Parse-CPAN-Meta-1.4404-5.el7.noarch               112/730 
  Verifying  : 1:xorg-x11-xauth-1.0.9-1.el7.x86_64                      113/730 
  Verifying  : 14:tcpdump-4.9.2-3.el7.x86_64                            114/730 
  Verifying  : libgcc-4.8.5-36.el7.i686                                 115/730 
  Verifying  : pygobject2-2.28.6-11.el7.x86_64                          116/730 
  Verifying  : perl-Log-Message-Simple-0.10-2.el7.noarch                117/730 
  Verifying  : 4:perl-devel-5.16.3-293.el7.x86_64                       118/730 
  Verifying  : kbd-legacy-1.15.5-15.el7.noarch                          119/730 
  Verifying  : ltrace-0.7.91-15.el7.x86_64                              120/730 
  Verifying  : urw-fonts-2.4-16.el7.noarch                              121/730 
  Verifying  : libevent-2.0.21-4.el7.x86_64                             122/730 
  Verifying  : screen-4.1.0-0.25.20120314git3c2946.el7.x86_64           123/730 
  Verifying  : usb_modeswitch-data-20170806-1.el7.noarch                124/730 
  Verifying  : 1:net-snmp-libs-5.7.2-48.el7_8.x86_64                    125/730 
  Verifying  : perl-IO-HTML-1.00-2.el7.noarch                           126/730 
  Verifying  : libyaml-0.1.4-11.el7_0.x86_64                            127/730 
  Verifying  : fprintd-0.8.1-2.el7.x86_64                               128/730 
  Verifying  : xorg-x11-server-Xorg-1.20.1-3.el7.x86_64                 129/730 
  Verifying  : libnl3-3.2.28-4.el7.x86_64                               130/730 
  Verifying  : 1:perl-HTML-Tree-5.03-2.el7.noarch                       131/730 
  Verifying  : perl-Proc-Daemon-0.19-1.el7.noarch                       132/730 
  Verifying  : perl-Archive-Tar-1.92-2.el7.noarch                       133/730 
  Verifying  : perl-XML-SAX-Base-1.08-7.el7.noarch                      134/730 
  Verifying  : 2:ethtool-4.8-9.el7.x86_64                               135/730 
  Verifying  : sg3_utils-libs-1.37-17.el7.x86_64                        136/730 
  Verifying  : sendmail-cf-8.14.7-5.el7.noarch                          137/730 
  Verifying  : libXinerama-1.1.3-2.1.el7.x86_64                         138/730 
  Verifying  : linux-firmware-20180911-69.git85c5d90.el7.noarch         139/730 
  Verifying  : libreport-plugin-mailx-2.1.11-42.el7.centos.x86_64       140/730 
  Verifying  : gettext-0.19.8.1-2.el7.x86_64                            141/730 
  Verifying  : 1:perl-Archive-Extract-0.68-3.el7.noarch                 142/730 
  Verifying  : crash-gcore-command-1.3.1-0.el7.x86_64                   143/730 
  Verifying  : plymouth-scripts-0.8.9-0.31.20140113.el7.centos.x86_64   144/730 
  Verifying  : 3:ypbind-1.37.1-9.el7.x86_64                             145/730 
  Verifying  : libmcrypt-2.5.8-13.el7.x86_64                            146/730 
  Verifying  : gtk2-2.24.31-1.el7.x86_64                                147/730 
  Verifying  : pyparsing-1.5.6-9.el7.noarch                             148/730 
  Verifying  : centos-logos-70.0.6-3.el7.centos.noarch                  149/730 
  Verifying  : xorg-x11-drv-dummy-0.3.7-1.el7.1.x86_64                  150/730 
  Verifying  : fribidi-1.0.2-1.el7.x86_64                               151/730 
  Verifying  : perl-XML-NamespaceSupport-1.11-10.el7.noarch             152/730 
  Verifying  : boost-random-1.53.0-27.el7.x86_64                        153/730 
  Verifying  : python-slip-dbus-0.4.0-4.el7.noarch                      154/730 
  Verifying  : device-mapper-multipath-0.4.9-123.el7.x86_64             155/730 
  Verifying  : systemd-python-219-73.el7_8.5.x86_64                     156/730 
  Verifying  : libusbx-1.0.21-1.el7.x86_64                              157/730 
  Verifying  : flac-libs-1.3.0-5.el7_1.x86_64                           158/730 
  Verifying  : usbutils-007-5.el7.x86_64                                159/730 
  Verifying  : dracut-network-033-554.el7.x86_64                        160/730 
  Verifying  : 1:nfs-utils-1.3.0-0.61.el7.x86_64                        161/730 
  Verifying  : 1:librados2-10.2.5-4.el7.x86_64                          162/730 
  Verifying  : python-javapackages-3.4.1-11.el7.noarch                  163/730 
  Verifying  : 1:perl-Log-Message-0.08-3.el7.noarch                     164/730 
  Verifying  : python-urwid-1.1.1-3.el7.x86_64                          165/730 
  Verifying  : strace-4.12-9.el7.x86_64                                 166/730 
  Verifying  : e2fsprogs-1.42.9-13.el7.x86_64                           167/730 
  Verifying  : GConf2-3.2.6-8.el7.x86_64                                168/730 
  Verifying  : polkit-0.112-18.el7.x86_64                               169/730 
  Verifying  : glibc-devel-2.17-260.el7.x86_64                          170/730 
  Verifying  : perl-podlators-2.5.1-3.el7.noarch                        171/730 
  Verifying  : perl-Net-SSLeay-1.55-6.el7.x86_64                        172/730 
  Verifying  : 4:perl-5.16.3-293.el7.x86_64                             173/730 
  Verifying  : perl-Bit-Vector-7.3-3.el7.x86_64                         174/730 
  Verifying  : ps_mem-3.1-7.el7.noarch                                  175/730 
  Verifying  : man-pages-3.53-5.el7.noarch                              176/730 
  Verifying  : dracut-config-rescue-033-554.el7.x86_64                  177/730 
  Verifying  : xorg-x11-drv-void-1.4.1-2.el7.1.x86_64                   178/730 
  Verifying  : abrt-libs-2.1.11-52.el7.centos.x86_64                    179/730 
  Verifying  : perl-Convert-ASN1-0.26-4.el7.noarch                      180/730 
  Verifying  : libXi-1.7.9-1.el7.x86_64                                 181/730 
  Verifying  : 2:postfix-2.10.1-7.el7.x86_64                            182/730 
  Verifying  : 2:nmap-6.40-16.el7.x86_64                                183/730 
  Verifying  : libdb-devel-5.3.21-24.el7.x86_64                         184/730 
  Verifying  : hesiod-3.2.1-3.el7.x86_64                                185/730 
  Verifying  : python-lxml-3.2.1-4.el7.x86_64                           186/730 
  Verifying  : 2:libpng-1.5.13-7.el7_2.x86_64                           187/730 
  Verifying  : sysvinit-tools-2.88-14.dsf.el7.x86_64                    188/730 
  Verifying  : glibc-2.17-260.el7.i686                                  189/730 
  Verifying  : python-ethtool-0.8-7.el7.x86_64                          190/730 
  Verifying  : mesa-libxatracker-18.0.5-3.el7.x86_64                    191/730 
  Verifying  : ruby-libs-2.0.0.648-33.el7_4.x86_64                      192/730 
  Verifying  : abrt-addon-xorg-2.1.11-52.el7.centos.x86_64              193/730 
  Verifying  : motif-2.3.4-14.el7_5.x86_64                              194/730 
  Verifying  : zlib-1.2.7-18.el7.i686                                   195/730 
  Verifying  : groff-base-1.22.2-8.el7.x86_64                           196/730 
  Verifying  : libpng12-1.2.50-10.el7.x86_64                            197/730 
  Verifying  : iwl6000-firmware-9.221.4.1-69.el7.noarch                 198/730 
  Verifying  : tmpwatch-2.11-5.el7.x86_64                               199/730 
  Verifying  : 1:dmidecode-3.1-2.el7.x86_64                             200/730 
  Verifying  : perl-DBI-1.627-4.el7.x86_64                              201/730 
  Verifying  : libXpm-3.5.12-1.el7.x86_64                               202/730 
  Verifying  : libXp-1.0.2-2.1.el7.x86_64                               203/730 
  Verifying  : file-5.11-35.el7.x86_64                                  204/730 
  Verifying  : policycoreutils-2.5-29.el7.x86_64                        205/730 
  Verifying  : libss-1.42.9-13.el7.x86_64                               206/730 
  Verifying  : perl-Data-Dumper-2.145-3.el7.x86_64                      207/730 
  Verifying  : logrotate-3.8.6-17.el7.x86_64                            208/730 
  Verifying  : compat-libcap1-1.10-7.el7.x86_64                         209/730 
  Verifying  : perl-DBIx-Simple-1.35-7.el7.noarch                       210/730 
  Verifying  : iwl2000-firmware-18.168.6.1-69.el7.noarch                211/730 
  Verifying  : python-decorator-3.4.0-3.el7.noarch                      212/730 
  Verifying  : libselinux-python-2.5-14.1.el7.x86_64                    213/730 
  Verifying  : perl-File-CheckTree-4.42-3.el7.noarch                    214/730 
  Verifying  : libnfnetlink-1.0.1-4.el7.x86_64                          215/730 
  Verifying  : boost-chrono-1.53.0-27.el7.x86_64                        216/730 
  Verifying  : libXau-1.0.8-2.1.el7.x86_64                              217/730 
  Verifying  : 1:perl-Digest-SHA-5.85-4.el7.x86_64                      218/730 
  Verifying  : abrt-python-2.1.11-52.el7.centos.x86_64                  219/730 
  Verifying  : cyrus-sasl-2.1.26-23.el7.x86_64                          220/730 
  Verifying  : perl-File-Path-2.09-2.el7.noarch                         221/730 
  Verifying  : pciutils-3.5.1-3.el7.x86_64                              222/730 
  Verifying  : abrt-dbus-2.1.11-52.el7.centos.x86_64                    223/730 
  Verifying  : elfutils-0.172-2.el7.x86_64                              224/730 
  Verifying  : ebtables-2.0.10-16.el7.x86_64                            225/730 
  Verifying  : samba-common-4.8.3-4.el7.noarch                          226/730 
  Verifying  : boost-system-1.53.0-27.el7.x86_64                        227/730 
  Verifying  : libICE-1.0.9-9.el7.x86_64                                228/730 
  Verifying  : plymouth-core-libs-0.8.9-0.31.20140113.el7.centos.x86_   229/730 
  Verifying  : blktrace-1.0.5-8.el7.x86_64                              230/730 
  Verifying  : autogen-libopts-5.18-5.el7.x86_64                        231/730 
  Verifying  : perl-ExtUtils-Install-1.58-293.el7.noarch                232/730 
  Verifying  : ghostscript-cups-9.07-31.el7.x86_64                      233/730 
  Verifying  : perl-Proc-ProcessTable-0.48-1.el7.x86_64                 234/730 
  Verifying  : perl-XML-Parser-2.41-10.el7.x86_64                       235/730 
  Verifying  : cronie-anacron-1.4.11-19.el7.x86_64                      236/730 
  Verifying  : perl-ExtUtils-MakeMaker-6.68-3.el7.noarch                237/730 
  Verifying  : 1:cups-filesystem-1.6.3-35.el7.noarch                    238/730 
  Verifying  : compat-libgfortran-41-4.1.2-44.el7.x86_64                239/730 
  Verifying  : 7:device-mapper-event-libs-1.02.164-7.el7_8.1.x86_64     240/730 
  Verifying  : btrfs-progs-4.9.1-1.el7.x86_64                           241/730 
  Verifying  : wireshark-1.10.14-16.el7.x86_64                          242/730 
  Verifying  : abrt-addon-pstoreoops-2.1.11-52.el7.centos.x86_64        243/730 
  Verifying  : dyninst-9.3.1-2.el7.x86_64                               244/730 
  Verifying  : cyrus-sasl-plain-2.1.26-23.el7.x86_64                    245/730 
  Verifying  : boost-iostreams-1.53.0-27.el7.x86_64                     246/730 
  Verifying  : psmisc-22.20-15.el7.x86_64                               247/730 
  Verifying  : 1:perl-Locale-Maketext-Simple-0.21-293.el7.noarch        248/730 
  Verifying  : unzip-6.0-19.el7.x86_64                                  249/730 
  Verifying  : perl-Sys-MemInfo-0.91-7.el7.x86_64                       250/730 
  Verifying  : libmodman-2.0.1-8.el7.x86_64                             251/730 
  Verifying  : perl-Pod-Checker-1.60-2.el7.noarch                       252/730 
  Verifying  : perl-Term-UI-0.36-2.el7.noarch                           253/730 
  Verifying  : 1:perl-XML-LibXML-2.0018-5.el7.x86_64                    254/730 
  Verifying  : rpcbind-0.2.0-47.el7.x86_64                              255/730 
  Verifying  : 7:device-mapper-1.02.164-7.el7_8.1.x86_64                256/730 
  Verifying  : 1:perl-FCGI-0.74-8.el7.x86_64                            257/730 
  Verifying  : xorg-x11-drv-vesa-2.4.0-1.el7.x86_64                     258/730 
  Verifying  : python-dmidecode-3.12.2-3.el7.x86_64                     259/730 
  Verifying  : jansson-2.10-1.el7.x86_64                                260/730 
  Verifying  : python-linux-procfs-0.4.9-4.el7.noarch                   261/730 
  Verifying  : libselinux-utils-2.5-14.1.el7.x86_64                     262/730 
  Verifying  : python-configobj-4.7.2-7.el7.noarch                      263/730 
  Verifying  : perl-File-Fetch-0.42-2.el7.noarch                        264/730 
  Verifying  : samba-common-libs-4.8.3-4.el7.x86_64                     265/730 
  Verifying  : 1:liberation-fonts-common-1.07.2-16.el7.noarch           266/730 
  Verifying  : perl-Getopt-Long-2.40-3.el7.noarch                       267/730 
  Verifying  : systemd-219-73.el7_8.5.x86_64                            268/730 
  Verifying  : nano-2.3.1-10.el7.x86_64                                 269/730 
  Verifying  : perl-Digest-MD5-2.52-3.el7.x86_64                        270/730 
  Verifying  : perl-libwww-perl-6.05-2.el7.noarch                       271/730 
  Verifying  : rubygem-abrt-0.3.0-1.el7.noarch                          272/730 
  Verifying  : libtiff-4.0.3-27.el7_3.x86_64                            273/730 
  Verifying  : fontconfig-2.13.0-4.3.el7.x86_64                         274/730 
  Verifying  : 1:iwl1000-firmware-39.31.5.1-69.el7.noarch               275/730 
  Verifying  : libXaw-1.0.13-4.el7.x86_64                               276/730 
  Verifying  : crontabs-1.11-6.20121102git.el7.noarch                   277/730 
  Verifying  : perl-Storable-2.45-3.el7.x86_64                          278/730 
  Verifying  : boost-serialization-1.53.0-27.el7.x86_64                 279/730 
  Verifying  : iwl5150-firmware-8.24.2.2-69.el7.noarch                  280/730 
  Verifying  : libwayland-client-1.15.0-1.el7.x86_64                    281/730 
  Verifying  : mesa-private-llvm-3.9.1-3.el7.x86_64                     282/730 
  Verifying  : 4:perl-macros-5.16.3-293.el7.x86_64                      283/730 
  Verifying  : ttmkfdir-3.0.9-42.el7.x86_64                             284/730 
  Verifying  : iw-4.3-2.el7.x86_64                                      285/730 
  Verifying  : snappy-1.1.0-3.el7.x86_64                                286/730 
  Verifying  : copy-jdk-configs-3.3-10.el7_5.noarch                     287/730 
  Verifying  : libfastjson-0.99.4-3.el7.x86_64                          288/730 
  Verifying  : perl-HTTP-Message-6.06-6.el7.noarch                      289/730 
  Verifying  : sg3_utils-1.37-17.el7.x86_64                             290/730 
  Verifying  : libreport-2.1.11-42.el7.centos.x86_64                    291/730 
  Verifying  : 32:bind-libs-lite-9.9.4-72.el7.x86_64                    292/730 
  Verifying  : 1:openssl-1.0.2k-16.el7.x86_64                           293/730 
  Verifying  : mtools-4.0.18-5.el7.x86_64                               294/730 
  Verifying  : boost-program-options-1.53.0-27.el7.x86_64               295/730 
  Verifying  : xmlrpc-c-client-1.32.5-1905.svn2451.el7.x86_64           296/730 
  Verifying  : ksh-20120801-139.el7.x86_64                              297/730 
  Verifying  : harfbuzz-1.7.5-2.el7.x86_64                              298/730 
  Verifying  : iwl6000g2b-firmware-17.168.5.2-69.el7.noarch             299/730 
  Verifying  : kbd-1.15.5-15.el7.x86_64                                 300/730 
  Verifying  : perl-HTTP-Cookies-6.01-5.el7.noarch                      301/730 
  Verifying  : perl-HTTP-Negotiate-6.01-5.el7.noarch                    302/730 
  Verifying  : libXrandr-1.5.1-2.el7.x86_64                             303/730 
  Verifying  : atk-2.28.1-1.el7.x86_64                                  304/730 
  Verifying  : python-firewall-0.5.3-5.el7.noarch                       305/730 
  Verifying  : python-slip-0.4.0-4.el7.noarch                           306/730 
  Verifying  : rubygem-rdoc-4.0.0-33.el7_4.noarch                       307/730 
  Verifying  : perl-Text-Unidecode-0.04-20.el7.noarch                   308/730 
  Verifying  : lsscsi-0.27-6.el7.x86_64                                 309/730 
  Verifying  : 1:perl-Object-Accessor-0.42-293.el7.noarch               310/730 
  Verifying  : abrt-console-notification-2.1.11-52.el7.centos.x86_64    311/730 
  Verifying  : abrt-cli-2.1.11-52.el7.centos.x86_64                     312/730 
  Verifying  : xorg-x11-drv-qxl-0.1.5-4.el7.1.x86_64                    313/730 
  Verifying  : openssh-clients-7.4p1-16.el7.x86_64                      314/730 
  Verifying  : perl-Filter-1.49-3.el7.x86_64                            315/730 
  Verifying  : iscsi-initiator-utils-6.2.0.874-10.el7.x86_64            316/730 
  Verifying  : perl-XML-Simple-2.20-5.el7.noarch                        317/730 
  Verifying  : xorg-x11-drivers-7.7-6.el7.x86_64                        318/730 
  Verifying  : libstoragemgmt-python-1.6.2-4.el7.noarch                 319/730 
  Verifying  : 1:perl-Params-Check-0.38-2.el7.noarch                    320/730 
  Verifying  : perl-Exporter-5.68-3.el7.noarch                          321/730 
  Verifying  : augeas-libs-1.4.0-9.el7_7.1.x86_64                       322/730 
  Verifying  : xorg-x11-server-common-1.20.1-3.el7.x86_64               323/730 
  Verifying  : authconfig-6.2.8-30.el7.x86_64                           324/730 
  Verifying  : iproute-4.11.0-14.el7.x86_64                             325/730 
  Verifying  : pciutils-libs-3.5.1-3.el7.x86_64                         326/730 
  Verifying  : python-schedutils-0.4-6.el7.x86_64                       327/730 
  Verifying  : compat-db-headers-4.7.25-28.el7.noarch                   328/730 
  Verifying  : libreport-python-2.1.11-42.el7.centos.x86_64             329/730 
  Verifying  : xfsprogs-4.5.0-18.el7.x86_64                             330/730 
  Verifying  : iwl135-firmware-18.168.6.1-69.el7.noarch                 331/730 
  Verifying  : libfprint-0.8.2-1.el7.x86_64                             332/730 
  Verifying  : dejavu-fonts-common-2.33-6.el7.noarch                    333/730 
  Verifying  : 7:device-mapper-libs-1.02.164-7.el7_8.1.x86_64           334/730 
  Verifying  : libvdpau-1.1.1-3.el7.x86_64                              335/730 
  Verifying  : 1:libglvnd-1.0.1-0.8.git5baa1e5.el7.x86_64               336/730 
  Verifying  : setuptool-1.19.11-8.el7.x86_64                           337/730 
  Verifying  : python-six-1.9.0-2.el7.noarch                            338/730 
  Verifying  : unixODBC-2.3.1-11.el7.x86_64                             339/730 
  Verifying  : net-tools-2.0-0.24.20131004git.el7.x86_64                340/730 
  Verifying  : xorg-x11-fonts-Type1-7.5-9.el7.noarch                    341/730 
  Verifying  : perl-Parse-RecDescent-1.967009-5.el7.noarch              342/730 
  Verifying  : libverto-libevent-0.2.5-4.el7.x86_64                     343/730 
  Verifying  : libcollection-0.7.0-32.el7.x86_64                        344/730 
  Verifying  : efibootmgr-17-2.el7.x86_64                               345/730 
  Verifying  : ftp-0.17-67.el7.x86_64                                   346/730 
  Verifying  : poppler-data-0.4.6-3.el7.noarch                          347/730 
  Verifying  : 1:cups-client-1.6.3-35.el7.x86_64                        348/730 
  Verifying  : 1:libglvnd-opengl-1.0.1-0.8.git5baa1e5.el7.x86_64        349/730 
  Verifying  : mt-st-1.1-14.el7.x86_64                                  350/730 
  Verifying  : systemd-sysv-219-73.el7_8.5.x86_64                       351/730 
  Verifying  : lcms2-2.6-3.el7.x86_64                                   352/730 
  Verifying  : zip-3.0-11.el7.x86_64                                    353/730 
  Verifying  : gdisk-0.8.10-2.el7.x86_64                                354/730 
  Verifying  : llvm-private-6.0.1-2.el7.x86_64                          355/730 
  Verifying  : os-prober-1.58-9.el7.x86_64                              356/730 
  Verifying  : kpatch-0.6.1-1.el7.noarch                                357/730 
  Verifying  : boost-python-1.53.0-27.el7.x86_64                        358/730 
  Verifying  : fipscheck-lib-1.4.1-6.el7.x86_64                         359/730 
  Verifying  : rubygems-2.0.14.1-33.el7_4.noarch                        360/730 
  Verifying  : stix-fonts-1.1.0-5.el7.noarch                            361/730 
  Verifying  : ganglia-gmond-python-3.7.2-2.el7.x86_64                  362/730 
  Verifying  : libwayland-server-1.15.0-1.el7.x86_64                    363/730 
  Verifying  : libdwarf-20130207-4.el7.x86_64                           364/730 
  Verifying  : 1:perl-Module-Loaded-0.08-293.el7.noarch                 365/730 
  Verifying  : nettle-2.7.1-8.el7.x86_64                                366/730 
  Verifying  : mtdev-1.1.5-5.el7.x86_64                                 367/730 
  Verifying  : trace-cmd-2.6.0-10.el7.x86_64                            368/730 
  Verifying  : kernel-devel-3.10.0-957.el7.x86_64                       369/730 
  Verifying  : GeoIP-1.5.0-13.el7.x86_64                                370/730 
  Verifying  : firewalld-0.5.3-5.el7.noarch                             371/730 
  Verifying  : lapack-3.4.2-8.el7.x86_64                                372/730 
  Verifying  : libtool-ltdl-2.4.2-22.el7_3.x86_64                       373/730 
  Verifying  : perl-IO-Socket-SSL-1.94-7.el7.noarch                     374/730 
  Verifying  : 12:dhcp-libs-4.2.5-68.el7.centos.1.x86_64                375/730 
  Verifying  : 3:mcelog-144-9.94d853b2ea81.el7.x86_64                   376/730 
  Verifying  : pixman-0.34.0-1.el7.x86_64                               377/730 
  Verifying  : boost-signals-1.53.0-27.el7.x86_64                       378/730 
  Verifying  : libtevent-0.9.36-1.el7.x86_64                            379/730 
  Verifying  : perl-IO-Socket-IP-0.21-5.el7.noarch                      380/730 
  Verifying  : cifs-utils-6.2-10.el7.x86_64                             381/730 
  Verifying  : perl-libxml-perl-0.08-19.el7.noarch                      382/730 
  Verifying  : syslinux-4.05-15.el7.x86_64                              383/730 
  Verifying  : yajl-2.0.4-4.el7.x86_64                                  384/730 
  Verifying  : 2:nmap-ncat-6.40-16.el7.x86_64                           385/730 
  Verifying  : apr-1.4.8-3.el7_4.1.x86_64                               386/730 
  Verifying  : xorg-x11-drv-fbdev-0.5.0-1.el7.x86_64                    387/730 
  Verifying  : libsmi-0.4.8-13.el7.x86_64                               388/730 
  Verifying  : perl-XML-Twig-3.44-2.el7.noarch                          389/730 
  Verifying  : openssh-7.4p1-16.el7.x86_64                              390/730 
  Verifying  : boost-timer-1.53.0-27.el7.x86_64                         391/730 
  Verifying  : ipset-6.38-2.el7.x86_64                                  392/730 
  Verifying  : libXxf86dga-1.1.4-2.1.el7.x86_64                         393/730 
  Verifying  : libsysfs-2.1.0-16.el7.x86_64                             394/730 
  Verifying  : boost-locale-1.53.0-27.el7.x86_64                        395/730 
  Verifying  : cgdcbxd-1.0.2-7.el7.x86_64                               396/730 
  Verifying  : perl-Text-ParseWords-3.29-4.el7.noarch                   397/730 
  Verifying  : poppler-0.26.5-20.el7.x86_64                             398/730 
  Verifying  : 4:perl-libs-5.16.3-293.el7.x86_64                        399/730 
  Verifying  : time-1.7-45.el7.x86_64                                   400/730 
  Verifying  : rsyslog-8.24.0-34.el7.x86_64                             401/730 
  Verifying  : libdmx-1.1.3-3.el7.x86_64                                402/730 
  Verifying  : logwatch-7.4.0-35.20130522svn140.el7_5.noarch            403/730 
  Verifying  : systemtap-runtime-3.3-3.el7.x86_64                       404/730 
  Verifying  : perl-B-Lint-1.17-3.el7.noarch                            405/730 
  Verifying  : 4:perl-Time-HiRes-1.9725-3.el7.x86_64                    406/730 
  Verifying  : openssh-server-7.4p1-16.el7.x86_64                       407/730 
  Verifying  : xorg-x11-drv-vmmouse-13.1.0-1.el7.1.x86_64               408/730 
  Verifying  : 2:perl-Module-Build-0.40.05-2.el7.noarch                 409/730 
  Verifying  : 2:ivtv-firmware-20080701-26.el7.noarch                   410/730 
  Verifying  : sysfsutils-2.1.0-16.el7.x86_64                           411/730 
  Verifying  : perl-Net-IP-1.26-4.el7.noarch                            412/730 
  Verifying  : aic94xx-firmware-30-6.el7.noarch                         413/730 
  Verifying  : perl-CPAN-Meta-Requirements-2.122-7.el7.noarch           414/730 
  Verifying  : iwl7265-firmware-22.0.7.0-69.el7.noarch                  415/730 
  Verifying  : mdadm-4.1-rc1_2.el7.x86_64                               416/730 
  Verifying  : xorg-x11-server-utils-7.7-20.el7.x86_64                  417/730 
  Verifying  : rfkill-0.4-10.el7.x86_64                                 418/730 
  Verifying  : mesa-libEGL-18.0.5-3.el7.x86_64                          419/730 
  Verifying  : dosfstools-3.0.20-10.el7.x86_64                          420/730 
  Verifying  : 12:dhcp-common-4.2.5-68.el7.centos.1.x86_64              421/730 
  Verifying  : samba-client-libs-4.8.3-4.el7.x86_64                     422/730 
  Verifying  : lm_sensors-libs-3.4.0-6.20160601gitf9185e5.el7.x86_64    423/730 
  Verifying  : yp-tools-2.14-5.el7.x86_64                               424/730 
  Verifying  : libXfont2-2.0.3-1.el7.x86_64                             425/730 
  Verifying  : bridge-utils-1.5-9.el7.x86_64                            426/730 
  Verifying  : compat-db47-4.7.25-28.el7.x86_64                         427/730 
  Verifying  : libXmu-1.1.2-2.el7.x86_64                                428/730 
  Verifying  : attr-2.4.46-13.el7.x86_64                                429/730 
  Verifying  : perl-Encode-2.51-7.el7.x86_64                            430/730 
  Verifying  : ghostscript-fonts-5.50-32.el7.noarch                     431/730 
  Verifying  : xfsdump-3.1.7-1.el7.x86_64                               432/730 
  Verifying  : kexec-tools-2.0.15-21.el7.x86_64                         433/730 
  Verifying  : ruby-irb-2.0.0.648-33.el7_4.noarch                       434/730 
  Verifying  : xorg-x11-drv-wacom-0.36.1-1.el7.x86_64                   435/730 
  Verifying  : device-mapper-multipath-libs-0.4.9-123.el7.x86_64        436/730 
  Verifying  : xorg-x11-xbitmaps-1.1.1-6.el7.noarch                     437/730 
  Verifying  : nfs4-acl-tools-0.3.3-19.el7.x86_64                       438/730 
  Verifying  : libXfixes-5.0.3-1.el7.x86_64                             439/730 
  Verifying  : libsndfile-1.0.25-10.el7.x86_64                          440/730 
  Verifying  : systemtap-sdt-devel-3.3-3.el7.x86_64                     441/730 
  Verifying  : grubby-8.28-25.el7.x86_64                                442/730 
  Verifying  : which-2.20-7.el7.x86_64                                  443/730 
  Verifying  : mailcap-2.1.41-2.el7.noarch                              444/730 
  Verifying  : rsync-3.1.2-4.el7.x86_64                                 445/730 
  Verifying  : 1:mariadb-libs-5.5.60-1.el7_5.x86_64                     446/730 
  Verifying  : tcp_wrappers-libs-7.6-77.el7.x86_64                      447/730 
  Verifying  : libXcursor-1.1.15-1.el7.x86_64                           448/730 
  Verifying  : libXxf86misc-1.0.3-7.1.el7.x86_64                        449/730 
  Verifying  : 1:tcl-8.5.13-8.el7.x86_64                                450/730 
  Verifying  : lzo-2.06-8.el7.x86_64                                    451/730 
  Verifying  : m4-1.4.16-10.el7.x86_64                                  452/730 
  Verifying  : initscripts-9.49.46-1.el7.x86_64                         453/730 
  Verifying  : fontpackages-filesystem-1.44-8.el7.noarch                454/730 
  Verifying  : gettext-libs-0.19.8.1-2.el7.x86_64                       455/730 
  Verifying  : dmraid-events-1.0.0.rc16-28.el7.x86_64                   456/730 
  Verifying  : avahi-libs-0.6.31-19.el7.x86_64                          457/730 
  Verifying  : crash-ptdump-command-1.0.3-2.el7.x86_64                  458/730 
  Verifying  : libcroco-0.6.12-4.el7.x86_64                             459/730 
  Verifying  : libXcomposite-0.4.4-4.1.el7.x86_64                       460/730 
  Verifying  : procmail-3.22-36.el7_4.1.x86_64                          461/730 
  Verifying  : perl-Test-Harness-3.28-3.el7.noarch                      462/730 
  Verifying  : 1:cups-1.6.3-35.el7.x86_64                               463/730 
  Verifying  : 1:perl-Module-Pluggable-4.8-3.el7.noarch                 464/730 
  Verifying  : wget-1.14-18.el7.x86_64                                  465/730 
  Verifying  : kernel-headers-3.10.0-957.el7.x86_64                     466/730 
  Verifying  : newt-python-0.52.15-4.el7.x86_64                         467/730 
  Verifying  : pm-utils-1.4.1-27.el7.x86_64                             468/730 
  Verifying  : crash-7.2.3-8.el7.x86_64                                 469/730 
  Verifying  : perl-Spreadsheet-WriteExcel-2.40-1.el7.noarch            470/730 
  Verifying  : numactl-libs-2.0.9-7.el7.x86_64                          471/730 
  Verifying  : perl-Business-ISBN-Data-20120719.001-2.el7.noarch        472/730 
  Verifying  : libpipeline-1.2.3-3.el7.x86_64                           473/730 
  Verifying  : xorg-x11-drv-ati-19.0.1-3.el7_7.x86_64                   474/730 
  Verifying  : libpfm-4.7.0-10.el7.x86_64                               475/730 
  Verifying  : libicu-50.1.2-17.el7.x86_64                              476/730 
  Verifying  : 1:tk-8.5.13-6.el7.x86_64                                 477/730 
  Verifying  : libxslt-1.1.28-5.el7.x86_64                              478/730 
  Verifying  : gssproxy-0.7.0-21.el7.x86_64                             479/730 
  Verifying  : lldpad-1.0.1-3.git036e314.el7.x86_64                     480/730 
  Verifying  : libreport-plugin-rhtsupport-2.1.11-42.el7.centos.x86_6   481/730 
  Verifying  : boost-wave-1.53.0-27.el7.x86_64                          482/730 
  Verifying  : nss-softokn-freebl-3.36.0-5.el7_5.i686                   483/730 
  Verifying  : ncurses-libs-5.9-14.20130511.el7_4.i686                  484/730 
  Verifying  : 14:libpcap-1.5.3-11.el7.x86_64                           485/730 
  Verifying  : usermode-1.111-5.el7.x86_64                              486/730 
  Verifying  : perl-PlRPC-0.2020-14.el7.noarch                          487/730 
  Verifying  : iptables-1.4.21-28.el7.x86_64                            488/730 
  Verifying  : compat-libtiff3-3.9.4-11.el7.x86_64                      489/730 
  Verifying  : libxshmfence-1.2-1.el7.x86_64                            490/730 
  Verifying  : ganglia-gmond-3.7.2-2.el7.x86_64                         491/730 
  Verifying  : 1:perl-Module-Load-0.24-3.el7.noarch                     492/730 
  Verifying  : libSM-1.2.2-2.el7.x86_64                                 493/730 
  Verifying  : xcb-util-0.4.0-2.el7.x86_64                              494/730 
  Verifying  : systemd-libs-219-73.el7_8.5.x86_64                       495/730 
  Verifying  : xorg-x11-drv-intel-2.99.917-28.20180530.el7.x86_64       496/730 
  Verifying  : libtirpc-0.2.4-0.15.el7.x86_64                           497/730 
  Verifying  : perl-local-lib-1.008010-4.el7.noarch                     498/730 
  Verifying  : blas-3.4.2-8.el7.x86_64                                  499/730 
  Verifying  : iwl2030-firmware-18.168.6.1-69.el7.noarch                500/730 
  Verifying  : perl-XML-Simple-DTDReader-0.04-16.el7.noarch             501/730 
  Verifying  : perl-Date-Manip-6.41-2.el7.noarch                        502/730 
  Verifying  : libXxf86vm-1.1.4-1.el7.x86_64                            503/730 
  Verifying  : lsof-4.87-6.el7.x86_64                                   504/730 
  Verifying  : perl-constant-1.27-2.el7.noarch                          505/730 
  Verifying  : 1:emacs-filesystem-24.3-22.el7.noarch                    506/730 
  Verifying  : python2-futures-3.1.1-5.el7.noarch                       507/730 
  Verifying  : 12:dhclient-4.2.5-68.el7.centos.1.x86_64                 508/730 
  Verifying  : rubygem-bigdecimal-1.2.0-33.el7_4.x86_64                 509/730 
  Verifying  : targetcli-2.1.fb46-7.el7.noarch                          510/730 
  Verifying  : gtk-update-icon-cache-3.22.30-3.el7.x86_64               511/730 
  Verifying  : audit-2.8.4-4.el7.x86_64                                 512/730 
  Verifying  : iscsi-initiator-utils-iscsiuio-6.2.0.874-10.el7.x86_64   513/730 
  Verifying  : alsa-lib-1.1.6-2.el7.x86_64                              514/730 
  Verifying  : 1:perl-Pod-Simple-3.28-4.el7.noarch                      515/730 
  Verifying  : xorg-x11-xkb-utils-7.7-14.el7.x86_64                     516/730 
  Verifying  : boost-test-1.53.0-27.el7.x86_64                          517/730 
  Verifying  : perl-Encode-Locale-1.03-5.el7.noarch                     518/730 
  Verifying  : 1:perl-Pod-Escapes-1.04-293.el7.noarch                   519/730 
  Verifying  : perl-Mozilla-CA-20130114-5.el7.noarch                    520/730 
  Verifying  : libreport-cli-2.1.11-42.el7.centos.x86_64                521/730 
  Verifying  : 1:quota-nls-4.01-17.el7.noarch                           522/730 
  Verifying  : 3:perl-version-0.99.07-3.el7.x86_64                      523/730 
  Verifying  : libquadmath-4.8.5-36.el7.x86_64                          524/730 
  Verifying  : libX11-1.6.5-2.el7.x86_64                                525/730 
  Verifying  : libreport-centos-2.1.11-42.el7.centos.x86_64             526/730 
  Verifying  : xdg-utils-1.1.0-0.17.20120809git.el7.noarch              527/730 
  Verifying  : boost-1.53.0-27.el7.x86_64                               528/730 
  Verifying  : perl-File-Listing-6.04-7.el7.noarch                      529/730 
  Verifying  : perl-Digest-1.17-245.el7.noarch                          530/730 
  Verifying  : perl-XML-SAX-0.99-9.el7.noarch                           531/730 
  Verifying  : ruby-2.0.0.648-33.el7_4.x86_64                           532/730 
  Verifying  : psacct-6.6.1-13.el7.x86_64                               533/730 
  Verifying  : libXdmcp-1.1.2-6.el7.x86_64                              534/730 
  Verifying  : boost-math-1.53.0-27.el7.x86_64                          535/730 
  Verifying  : 2:rmt-1.5.2-13.el7.x86_64                                536/730 
  Verifying  : dmraid-1.0.0.rc16-28.el7.x86_64                          537/730 
  Verifying  : glibc-headers-2.17-260.el7.x86_64                        538/730 
  Verifying  : sendmail-8.14.7-5.el7.x86_64                             539/730 
  Verifying  : 3:irqbalance-1.0.7-11.el7.x86_64                         540/730 
  Verifying  : perl-Pod-Parser-1.61-2.el7.noarch                        541/730 
  Verifying  : crda-3.18_2018.05.31-4.el7.x86_64                        542/730 
  Verifying  : 7:device-mapper-event-1.02.164-7.el7_8.1.x86_64          543/730 
  Verifying  : abrt-tui-2.1.11-52.el7.centos.x86_64                     544/730 
  Verifying  : 1:perl-Module-CoreList-2.76.02-293.el7.noarch            545/730 
  Verifying  : freetype-2.8-12.el7.x86_64                               546/730 
  Verifying  : efivar-libs-36-11.el7.x86_64                             547/730 
  Verifying  : bc-1.06.95-13.el7.x86_64                                 548/730 
  Verifying  : perl-Test-Simple-0.98-243.el7.noarch                     549/730 
  Verifying  : perl-LWP-MediaTypes-6.02-2.el7.noarch                    550/730 
  Verifying  : perl-Date-Calc-6.3-14.el7.noarch                         551/730 
  Verifying  : virt-what-1.18-4.el7.x86_64                              552/730 
  Verifying  : ghostscript-9.07-31.el7.x86_64                           553/730 
  Verifying  : satyr-0.13-15.el7.x86_64                                 554/730 
  Verifying  : mesa-libgbm-18.0.5-3.el7.x86_64                          555/730 
  Verifying  : abrt-2.1.11-52.el7.centos.x86_64                         556/730 
  Verifying  : iwl6000g2a-firmware-17.168.5.3-69.el7.noarch             557/730 
  Verifying  : boost-thread-1.53.0-27.el7.x86_64                        558/730 
  Verifying  : gpm-libs-1.20.7-5.el7.x86_64                             559/730 
  Verifying  : desktop-file-utils-0.23-1.el7.x86_64                     560/730 
  Verifying  : perl-Time-Local-1.2300-2.el7.noarch                      561/730 
  Verifying  : cairo-1.15.12-3.el7.x86_64                               562/730 
  Verifying  : lksctp-tools-1.0.17-2.el7.x86_64                         563/730 
  Verifying  : perl-Socket-2.010-4.el7.x86_64                           564/730 
  Verifying  : parted-3.1-29.el7.x86_64                                 565/730 
  Verifying  : boost-date-time-1.53.0-27.el7.x86_64                     566/730 
  Verifying  : libgomp-4.8.5-36.el7.x86_64                              567/730 
  Verifying  : perl-autodie-2.16-2.el7.noarch                           568/730 
  Verifying  : at-3.1.13-24.el7.x86_64                                  569/730 
  Verifying  : xorg-x11-drv-vmware-13.2.1-1.el7.1.x86_64                570/730 
  Verifying  : 1:liberation-mono-fonts-1.07.2-16.el7.noarch             571/730 
  Verifying  : pcsc-lite-libs-1.8.8-8.el7.x86_64                        572/730 
  Verifying  : libconfuse-2.7-7.el7.x86_64                              573/730 
  Verifying  : 1:autofs-5.0.7-99.el7.x86_64                             574/730 
  Verifying  : e2fsprogs-libs-1.42.9-13.el7.x86_64                      575/730 
  Verifying  : cups-filters-1.0.35-22.el7.x86_64                        576/730 
  Verifying  : 1:python-configshell-1.1.fb23-5.el7.noarch               577/730 
  Verifying  : libreport-filesystem-2.1.11-42.el7.centos.x86_64         578/730 
  Verifying  : libedit-3.0-12.20121213cvs.el7.x86_64                    579/730 
  Verifying  : vulkan-filesystem-1.1.73.0-1.el7.noarch                  580/730 
  Verifying  : 1:compat-openldap-2.3.43-5.el7.x86_64                    581/730 
  Verifying  : setserial-2.17-33.el7.x86_64                             582/730 
  Verifying  : perl-Text-Soundex-3.04-4.el7.x86_64                      583/730 
  Verifying  : libpciaccess-0.14-1.el7.x86_64                           584/730 
  Verifying  : libcgroup-0.41-20.el7.x86_64                             585/730 
  Verifying  : 1:smartmontools-6.5-1.el7.x86_64                         586/730 
  Verifying  : openssl098e-0.9.8e-29.el7.centos.3.x86_64                587/730 
  Verifying  : giflib-4.1.6-9.el7.x86_64                                588/730 
  Verifying  : perl-Version-Requirements-0.101022-244.el7.noarch        589/730 
  Verifying  : rubygem-psych-2.0.0-33.el7_4.x86_64                      590/730 
  Verifying  : libcgroup-tools-0.41-20.el7.x86_64                       591/730 
  Verifying  : abrt-addon-vmcore-2.1.11-52.el7.centos.x86_64            592/730 
  Verifying  : kbd-misc-1.15.5-15.el7.noarch                            593/730 
  Verifying  : perl-OLE-Storage_Lite-0.19-9.el7.noarch                  594/730 
  Verifying  : libxkbfile-1.0.9-3.el7.x86_64                            595/730 
  Verifying  : bzip2-1.0.6-13.el7.x86_64                                596/730 
  Verifying  : hwdata-0.252-9.1.el7.x86_64                              597/730 
  Verifying  : rasdaemon-0.4.1-33.1.el7_5.x86_64                        598/730 
  Verifying  : 1:perl-Package-Constants-0.02-293.el7.noarch             599/730 
  Verifying  : libXtst-1.2.3-1.el7.x86_64                               600/730 
  Verifying  : ledmon-0.90-1.el7.x86_64                                 601/730 
  Verifying  : 1:perl-ExtUtils-CBuilder-0.28.2.6-293.el7.noarch         602/730 
  Verifying  : xorg-x11-drv-evdev-2.10.6-1.el7.x86_64                   603/730 
  Verifying  : 1:perl-ExtUtils-ParseXS-3.18-3.el7.noarch                604/730 
  Verifying  : iwl105-firmware-18.168.6.1-69.el7.noarch                 605/730 
  Verifying  : pulseaudio-libs-10.0-5.el7.x86_64                        606/730 
  Verifying  : latrace-0.5.11-6.1.el7.x86_64                            607/730 
  Verifying  : 2:libogg-1.3.0-7.el7.x86_64                              608/730 
  Verifying  : 1:perl-IO-Zlib-1.10-293.el7.noarch                       609/730 
  Verifying  : javapackages-tools-3.4.1-11.el7.noarch                   610/730 
  Verifying  : sudo-1.8.23-3.el7.x86_64                                 611/730 
  Verifying  : centos-indexhtml-7-9.el7.centos.noarch                   612/730 
  Verifying  : perl-HTML-Tagset-3.20-15.el7.noarch                      613/730 
  Verifying  : ganglia-3.7.2-2.el7.x86_64                               614/730 
  Verifying  : perl-DB_File-1.830-6.el7.x86_64                          615/730 
  Verifying  : memstomp-0.1.4-11.el7.x86_64                             616/730 
  Verifying  : perl-Locale-Codes-3.26-2.el7.noarch                      617/730 
  Verifying  : python-rtslib-2.1.fb63-13.el7.noarch                     618/730 
  Verifying  : graphite2-1.3.10-1.el7_3.x86_64                          619/730 
  Verifying  : keyutils-1.5.8-3.el7.x86_64                              620/730 
  Verifying  : plymouth-0.8.9-0.31.20140113.el7.centos.x86_64           621/730 
  Verifying  : ed-1.9-4.el7.x86_64                                      622/730 
  Verifying  : libstoragemgmt-python-clibs-1.6.2-4.el7.x86_64           623/730 
  Verifying  : polkit-pkla-compat-0.1-4.el7.x86_64                      624/730 
  Verifying  : freeglut-3.0.0-8.el7.x86_64                              625/730 
  Verifying  : perl-URI-1.60-9.el7.noarch                               626/730 
  Verifying  : fxload-2002_04_11-16.el7.x86_64                          627/730 
  Verifying  : libreport-web-2.1.11-42.el7.centos.x86_64                628/730 
  Verifying  : xorg-x11-drv-v4l-0.2.0-49.el7.x86_64                     629/730 
  Verifying  : dos2unix-6.0.3-7.el7.x86_64                              630/730 
  Verifying  : libmnl-1.0.3-7.el7.x86_64                                631/730 
  Verifying  : trousers-0.3.14-2.el7.x86_64                             632/730 
  Verifying  : libXv-1.0.11-1.el7.x86_64                                633/730 
  Verifying  : 1:libglvnd-glx-1.0.1-0.8.git5baa1e5.el7.x86_64           634/730 
  Verifying  : libunistring-0.9.3-9.el7.x86_64                          635/730 
  Verifying  : mesa-libGL-18.0.5-3.el7.x86_64                           636/730 
  Verifying  : perl-DBD-SQLite-1.39-3.el7.x86_64                        637/730 
  Verifying  : prelink-0.5.0-9.el7.x86_64                               638/730 
  Verifying  : gnutls-3.3.29-8.el7.x86_64                               639/730 
  Verifying  : libdaemon-0.14-7.el7.x86_64                              640/730 
  Verifying  : gdbm-devel-1.10-8.el7.x86_64                             641/730 
  Verifying  : perl-CPAN-Meta-YAML-0.008-14.el7.noarch                  642/730 
  Verifying  : libjpeg-turbo-1.2.90-6.el7.x86_64                        643/730 
  Verifying  : hicolor-icon-theme-0.12-7.el7.noarch                     644/730 
  Verifying  : 1:perl-parent-0.225-244.el7.noarch                       645/730 
  Verifying  : perl-Module-Load-Conditional-0.54-3.el7.noarch           646/730 
  Verifying  : ntp-4.2.6p5-28.el7.centos.x86_64                         647/730 
  Verifying  : perl-Pod-LaTeX-0.61-2.el7.noarch                         648/730 
  Verifying  : 1:valgrind-3.13.0-13.el7.x86_64                          649/730 
  Verifying  : boost-filesystem-1.53.0-27.el7.x86_64                    650/730 
  Verifying  : mlocate-0.26-8.el7.x86_64                                651/730 
  Verifying  : perl-Carp-1.26-244.el7.noarch                            652/730 
  Verifying  : portreserve-0.0.5-11.el7.x86_64                          653/730 
  Verifying  : numactl-2.0.9-7.el7.x86_64                               654/730 
  Verifying  : ntpdate-4.2.6p5-28.el7.centos.x86_64                     655/730 
  Verifying  : iwl4965-firmware-228.61.2.24-69.el7.noarch               656/730 
  Verifying  : tftp-5.2-22.el7.x86_64                                   657/730 
  Verifying  : cronie-1.4.11-19.el7.x86_64                              658/730 
  Verifying  : iwl5000-firmware-8.83.5.1_1-69.el7.noarch                659/730 
  Verifying  : chrony-3.2-2.el7.x86_64                                  660/730 
  Verifying  : abrt-addon-kerneloops-2.1.11-52.el7.centos.x86_64        661/730 
  Verifying  : libestr-0.1.9-2.el7.x86_64                               662/730 
  Verifying  : patch-2.7.1-10.el7_5.x86_64                              663/730 
  Verifying  : perl-HTTP-Daemon-6.01-8.el7.noarch                       664/730 
  Verifying  : 1:quota-4.01-17.el7.x86_64                               665/730 
  Verifying  : libXfont-1.5.4-1.el7.x86_64                              666/730 
  Verifying  : libaio-0.3.109-13.el7.x86_64                             667/730 
  Verifying  : 1:perl-TimeDate-2.30-2.el7.noarch                        668/730 
  Verifying  : mpfr-3.1.1-4.el7.x86_64                                  669/730 
  Verifying  : perl-Sys-CPU-0.54-4.el7.x86_64                           670/730 
  Verifying  : libXdamage-1.1.4-4.1.el7.x86_64                          671/730 
  Verifying  : man-pages-overrides-7.6.2-1.el7.x86_64                   672/730 
  Verifying  : xmlrpc-c-1.32.5-1905.svn2451.el7.x86_64                  673/730 
  Verifying  : mailx-12.5-19.el7.x86_64                                 674/730 
  Verifying  : perl-Module-Metadata-1.000018-2.el7.noarch               675/730 
  Verifying  : less-458-9.el7.x86_64                                    676/730 
  Verifying  : perl-Font-AFM-1.20-13.el7.noarch                         677/730 
  Verifying  : glx-utils-8.3.0-10.el7.x86_64                            678/730 
  Verifying  : rubygem-json-1.7.7-33.el7_4.x86_64                       679/730 
  Verifying  : libwbclient-4.8.3-4.el7.x86_64                           680/730 
  Verifying  : perl-IO-Compress-2.061-2.el7.noarch                      681/730 
  Verifying  : xkeyboard-config-2.24-1.el7.noarch                       682/730 
  Verifying  : perl-PathTools-3.40-5.el7.x86_64                         683/730 
  Verifying  : libnetfilter_conntrack-1.0.6-1.el7_3.x86_64              684/730 
  Verifying  : abrt-addon-ccpp-2.1.11-52.el7.centos.x86_64              685/730 
  Verifying  : libXt-1.1.5-3.el7.x86_64                                 686/730 
  Verifying  : iprutils-2.4.16.1-1.el7.x86_64                           687/730 
  Verifying  : xorg-x11-xinit-1.3.4-2.el7.x86_64                        688/730 
  Verifying  : libasyncns-0.8-7.el7.x86_64                              689/730 
  Verifying  : perl-Net-Daemon-0.48-5.el7.noarch                        690/730 
  Verifying  : 3:traceroute-2.0.22-2.el7.x86_64                         691/730 
  Verifying  : cryptsetup-2.0.3-3.el7.x86_64                            692/730 
  Verifying  : avahi-glib-0.6.31-19.el7.x86_64                          693/730 
  Verifying  : newt-0.52.15-4.el7.x86_64                                694/730 
  Verifying  : compat-libf2c-34-3.4.6-32.el7.x86_64                     695/730 
  Verifying  : perl-Thread-Queue-3.02-2.el7.noarch                      696/730 
  Verifying  : perl-HTTP-Date-6.02-8.el7.noarch                         697/730 
  Verifying  : libstdc++-4.8.5-36.el7.i686                              698/730 
  Verifying  : libthai-0.1.14-9.el7.x86_64                              699/730 
  Verifying  : libxcb-1.13-1.el7.x86_64                                 700/730 
  Verifying  : libXft-2.3.2-2.el7.x86_64                                701/730 
  Verifying  : ntsysv-1.7.4-1.el7.x86_64                                702/730 
  Verifying  : man-db-2.6.3-11.el7.x86_64                               703/730 
  Verifying  : libevdev-1.5.6-1.el7.x86_64                              704/730 
  Verifying  : libini_config-1.3.1-32.el7.x86_64                        705/730 
  Verifying  : 1:libglvnd-gles-1.0.1-0.8.git5baa1e5.el7.x86_64          706/730 
  Verifying  : libepoxy-1.5.2-1.el7.x86_64                              707/730 
  Verifying  : libtdb-1.3.15-1.el7.x86_64                               708/730 
  Verifying  : perl-Net-LibIDN-0.12-15.el7.x86_64                       709/730 
  Verifying  : xorg-x11-drv-synaptics-1.9.0-2.el7.x86_64                710/730 
  Verifying  : 1:perl-Compress-Raw-Zlib-2.061-4.el7.x86_64              711/730 
  Verifying  : libnl3-cli-3.2.28-4.el7.x86_64                           712/730 
  Verifying  : 1:xorg-x11-drv-nouveau-1.0.15-1.el7.x86_64               713/730 
  Verifying  : jbigkit-libs-2.0-11.el7.x86_64                           714/730 
  Verifying  : perl-CPANPLUS-Dist-Build-0.70-3.el7.noarch               715/730 
  Verifying  : libproxy-0.4.11-11.el7.x86_64                            716/730 
  Verifying  : 1:cups-libs-1.6.3-35.el7.x86_64                          717/730 
  Verifying  : perl-CGI-3.63-4.el7.noarch                               718/730 
  Verifying  : scl-utils-20130529-19.el7.x86_64                         719/730 
  Verifying  : perl-Pod-Perldoc-3.20-4.el7.noarch                       720/730 
  Verifying  : ipmitool-1.8.18-7.el7.x86_64                             721/730 
  Verifying  : libarchive-3.1.2-10.el7_2.x86_64                         722/730 
  Verifying  : papi-5.2.0-26.el7.x86_64                                 723/730 
  Verifying  : uuid-1.6.2-26.el7.x86_64                                 724/730 
  Verifying  : ipset-libs-6.38-2.el7.x86_64                             725/730 
  Verifying  : libfontenc-1.1.3-3.el7.x86_64                            726/730 
  Verifying  : systemd-libs-219-62.el7.x86_64                           727/730 
  Verifying  : 7:device-mapper-1.02.149-8.el7.x86_64                    728/730 
  Verifying  : 7:device-mapper-libs-1.02.149-8.el7.x86_64               729/730 
  Verifying  : systemd-219-62.el7.x86_64                                730/730 

Installed:
  GConf2.x86_64 0:3.2.6-8.el7                                                   
  GeoIP.x86_64 0:1.5.0-13.el7                                                   
  OpenIPMI.x86_64 0:2.0.23-2.el7                                                
  OpenIPMI-libs.x86_64 0:2.0.23-2.el7                                           
  OpenIPMI-modalias.x86_64 0:2.0.23-2.el7                                       
  abrt.x86_64 0:2.1.11-52.el7.centos                                            
  abrt-addon-ccpp.x86_64 0:2.1.11-52.el7.centos                                 
  abrt-addon-kerneloops.x86_64 0:2.1.11-52.el7.centos                           
  abrt-addon-pstoreoops.x86_64 0:2.1.11-52.el7.centos                           
  abrt-addon-python.x86_64 0:2.1.11-52.el7.centos                               
  abrt-addon-vmcore.x86_64 0:2.1.11-52.el7.centos                               
  abrt-addon-xorg.x86_64 0:2.1.11-52.el7.centos                                 
  abrt-cli.x86_64 0:2.1.11-52.el7.centos                                        
  abrt-console-notification.x86_64 0:2.1.11-52.el7.centos                       
  abrt-dbus.x86_64 0:2.1.11-52.el7.centos                                       
  abrt-libs.x86_64 0:2.1.11-52.el7.centos                                       
  abrt-python.x86_64 0:2.1.11-52.el7.centos                                     
  abrt-retrace-client.x86_64 0:2.1.11-52.el7.centos                             
  abrt-tui.x86_64 0:2.1.11-52.el7.centos                                        
  aic94xx-firmware.noarch 0:30-6.el7                                            
  alsa-firmware.noarch 0:1.0.28-2.el7                                           
  alsa-lib.x86_64 0:1.1.6-2.el7                                                 
  alsa-tools-firmware.x86_64 0:1.1.0-1.el7                                      
  apr.x86_64 0:1.4.8-3.el7_4.1                                                  
  at.x86_64 0:3.1.13-24.el7                                                     
  atk.x86_64 0:2.28.1-1.el7                                                     
  attr.x86_64 0:2.4.46-13.el7                                                   
  audit.x86_64 0:2.8.4-4.el7                                                    
  authconfig.x86_64 0:6.2.8-30.el7                                              
  autofs.x86_64 1:5.0.7-99.el7                                                  
  autogen-libopts.x86_64 0:5.18-5.el7                                           
  avahi-glib.x86_64 0:0.6.31-19.el7                                             
  avahi-libs.x86_64 0:0.6.31-19.el7                                             
  bash-completion.noarch 1:2.1-6.el7                                            
  bc.x86_64 0:1.06.95-13.el7                                                    
  biosdevname.x86_64 0:0.7.3-1.el7                                              
  blas.x86_64 0:3.4.2-8.el7                                                     
  blktrace.x86_64 0:1.0.5-8.el7                                                 
  boost.x86_64 0:1.53.0-27.el7                                                  
  boost-atomic.x86_64 0:1.53.0-27.el7                                           
  boost-chrono.x86_64 0:1.53.0-27.el7                                           
  boost-context.x86_64 0:1.53.0-27.el7                                          
  boost-date-time.x86_64 0:1.53.0-27.el7                                        
  boost-filesystem.x86_64 0:1.53.0-27.el7                                       
  boost-graph.x86_64 0:1.53.0-27.el7                                            
  boost-iostreams.x86_64 0:1.53.0-27.el7                                        
  boost-locale.x86_64 0:1.53.0-27.el7                                           
  boost-math.x86_64 0:1.53.0-27.el7                                             
  boost-program-options.x86_64 0:1.53.0-27.el7                                  
  boost-python.x86_64 0:1.53.0-27.el7                                           
  boost-random.x86_64 0:1.53.0-27.el7                                           
  boost-regex.x86_64 0:1.53.0-27.el7                                            
  boost-serialization.x86_64 0:1.53.0-27.el7                                    
  boost-signals.x86_64 0:1.53.0-27.el7                                          
  boost-system.x86_64 0:1.53.0-27.el7                                           
  boost-test.x86_64 0:1.53.0-27.el7                                             
  boost-thread.x86_64 0:1.53.0-27.el7                                           
  boost-timer.x86_64 0:1.53.0-27.el7                                            
  boost-wave.x86_64 0:1.53.0-27.el7                                             
  bridge-utils.x86_64 0:1.5-9.el7                                               
  btrfs-progs.x86_64 0:4.9.1-1.el7                                              
  bzip2.x86_64 0:1.0.6-13.el7                                                   
  c-ares.x86_64 0:1.10.0-3.el7                                                  
  cairo.x86_64 0:1.15.12-3.el7                                                  
  centos-indexhtml.noarch 0:7-9.el7.centos                                      
  centos-logos.noarch 0:70.0.6-3.el7.centos                                     
  cgdcbxd.x86_64 0:1.0.2-7.el7                                                  
  chrony.x86_64 0:3.2-2.el7                                                     
  cifs-utils.x86_64 0:6.2-10.el7                                                
  compat-db-headers.noarch 0:4.7.25-28.el7                                      
  compat-db47.x86_64 0:4.7.25-28.el7                                            
  compat-exiv2-023.x86_64 0:0.23-2.el7                                          
  compat-glibc.x86_64 1:2.12-4.el7.centos                                       
  compat-glibc-headers.x86_64 1:2.12-4.el7.centos                               
  compat-libcap1.x86_64 0:1.10-7.el7                                            
  compat-libf2c-34.x86_64 0:3.4.6-32.el7                                        
  compat-libgfortran-41.x86_64 0:4.1.2-44.el7                                   
  compat-libtiff3.x86_64 0:3.9.4-11.el7                                         
  compat-openldap.x86_64 1:2.3.43-5.el7                                         
  copy-jdk-configs.noarch 0:3.3-10.el7_5                                        
  crash.x86_64 0:7.2.3-8.el7                                                    
  crash-gcore-command.x86_64 0:1.3.1-0.el7                                      
  crash-ptdump-command.x86_64 0:1.0.3-2.el7                                     
  crash-trace-command.x86_64 0:2.0-14.el7                                       
  crda.x86_64 0:3.18_2018.05.31-4.el7                                           
  crontabs.noarch 0:1.11-6.20121102git.el7                                      
  cryptsetup.x86_64 0:2.0.3-3.el7                                               
  cups.x86_64 1:1.6.3-35.el7                                                    
  cups-client.x86_64 1:1.6.3-35.el7                                             
  cups-filesystem.noarch 1:1.6.3-35.el7                                         
  cups-filters.x86_64 0:1.0.35-22.el7                                           
  cups-filters-libs.x86_64 0:1.0.35-22.el7                                      
  cups-libs.x86_64 1:1.6.3-35.el7                                               
  cyrus-sasl.x86_64 0:2.1.26-23.el7                                             
  cyrus-sasl-plain.x86_64 0:2.1.26-23.el7                                       
  dejavu-fonts-common.noarch 0:2.33-6.el7                                       
  dejavu-sans-fonts.noarch 0:2.33-6.el7                                         
  desktop-file-utils.x86_64 0:0.23-1.el7                                        
  device-mapper-multipath.x86_64 0:0.4.9-123.el7                                
  device-mapper-multipath-libs.x86_64 0:0.4.9-123.el7                           
  device-mapper-persistent-data.x86_64 0:0.7.3-3.el7                            
  dhclient.x86_64 12:4.2.5-68.el7.centos.1                                      
  dhcp-common.x86_64 12:4.2.5-68.el7.centos.1                                   
  dhcp-libs.x86_64 12:4.2.5-68.el7.centos.1                                     
  dmidecode.x86_64 1:3.1-2.el7                                                  
  dmraid.x86_64 0:1.0.0.rc16-28.el7                                             
  dmraid-events.x86_64 0:1.0.0.rc16-28.el7                                      
  dos2unix.x86_64 0:6.0.3-7.el7                                                 
  dosfstools.x86_64 0:3.0.20-10.el7                                             
  dracut-config-rescue.x86_64 0:033-554.el7                                     
  dracut-network.x86_64 0:033-554.el7                                           
  dyninst.x86_64 0:9.3.1-2.el7                                                  
  e2fsprogs.x86_64 0:1.42.9-13.el7                                              
  e2fsprogs-libs.x86_64 0:1.42.9-13.el7                                         
  ebtables.x86_64 0:2.0.10-16.el7                                               
  ed.x86_64 0:1.9-4.el7                                                         
  efibootmgr.x86_64 0:17-2.el7                                                  
  elfutils.x86_64 0:0.172-2.el7                                                 
  elfutils-libelf-devel.x86_64 0:0.172-2.el7                                    
  emacs-filesystem.noarch 1:24.3-22.el7                                         
  ethtool.x86_64 2:4.8-9.el7                                                    
  file.x86_64 0:5.11-35.el7                                                     
  fipscheck.x86_64 0:1.4.1-6.el7                                                
  fipscheck-lib.x86_64 0:1.4.1-6.el7                                            
  firewalld.noarch 0:0.5.3-5.el7                                                
  firewalld-filesystem.noarch 0:0.5.3-5.el7                                     
  flac-libs.x86_64 0:1.3.0-5.el7_1                                              
  fontconfig.x86_64 0:2.13.0-4.3.el7                                            
  fontpackages-filesystem.noarch 0:1.44-8.el7                                   
  fprintd.x86_64 0:0.8.1-2.el7                                                  
  fprintd-pam.x86_64 0:0.8.1-2.el7                                              
  freeglut.x86_64 0:3.0.0-8.el7                                                 
  fribidi.x86_64 0:1.0.2-1.el7                                                  
  ftp.x86_64 0:0.17-67.el7                                                      
  fxload.x86_64 0:2002_04_11-16.el7                                             
  ganglia.x86_64 0:3.7.2-2.el7                                                  
  ganglia-gmond.x86_64 0:3.7.2-2.el7                                            
  ganglia-gmond-python.x86_64 0:3.7.2-2.el7                                     
  gdb.x86_64 0:7.6.1-114.el7                                                    
  gdbm-devel.x86_64 0:1.10-8.el7                                                
  gdisk.x86_64 0:0.8.10-2.el7                                                   
  gdk-pixbuf2.x86_64 0:2.36.12-3.el7                                            
  gettext.x86_64 0:0.19.8.1-2.el7                                               
  gettext-libs.x86_64 0:0.19.8.1-2.el7                                          
  ghostscript-fonts.noarch 0:5.50-32.el7                                        
  giflib.x86_64 0:4.1.6-9.el7                                                   
  glx-utils.x86_64 0:8.3.0-10.el7                                               
  gpm-libs.x86_64 0:1.20.7-5.el7                                                
  graphite2.x86_64 0:1.3.10-1.el7_3                                             
  groff-base.x86_64 0:1.22.2-8.el7                                              
  grubby.x86_64 0:8.28-25.el7                                                   
  gsm.x86_64 0:1.0.13-11.el7                                                    
  gssproxy.x86_64 0:0.7.0-21.el7                                                
  gtk-update-icon-cache.x86_64 0:3.22.30-3.el7                                  
  gtk2.x86_64 0:2.24.31-1.el7                                                   
  harfbuzz.x86_64 0:1.7.5-2.el7                                                 
  hesiod.x86_64 0:3.2.1-3.el7                                                   
  hicolor-icon-theme.noarch 0:0.12-7.el7                                        
  hwdata.x86_64 0:0.252-9.1.el7                                                 
  initscripts.x86_64 0:9.49.46-1.el7                                            
  ipmitool.x86_64 0:1.8.18-7.el7                                                
  iprutils.x86_64 0:2.4.16.1-1.el7                                              
  iptables.x86_64 0:1.4.21-28.el7                                               
  irqbalance.x86_64 3:1.0.7-11.el7                                              
  iscsi-initiator-utils.x86_64 0:6.2.0.874-10.el7                               
  iscsi-initiator-utils-iscsiuio.x86_64 0:6.2.0.874-10.el7                      
  ivtv-firmware.noarch 2:20080701-26.el7                                        
  iw.x86_64 0:4.3-2.el7                                                         
  iwl100-firmware.noarch 0:39.31.5.1-69.el7                                     
  iwl1000-firmware.noarch 1:39.31.5.1-69.el7                                    
  iwl105-firmware.noarch 0:18.168.6.1-69.el7                                    
  iwl135-firmware.noarch 0:18.168.6.1-69.el7                                    
  iwl2000-firmware.noarch 0:18.168.6.1-69.el7                                   
  iwl2030-firmware.noarch 0:18.168.6.1-69.el7                                   
  iwl3160-firmware.noarch 0:22.0.7.0-69.el7                                     
  iwl3945-firmware.noarch 0:15.32.2.9-69.el7                                    
  iwl4965-firmware.noarch 0:228.61.2.24-69.el7                                  
  iwl5000-firmware.noarch 0:8.83.5.1_1-69.el7                                   
  iwl5150-firmware.noarch 0:8.24.2.2-69.el7                                     
  iwl6000-firmware.noarch 0:9.221.4.1-69.el7                                    
  iwl6000g2a-firmware.noarch 0:17.168.5.3-69.el7                                
  iwl6000g2b-firmware.noarch 0:17.168.5.2-69.el7                                
  iwl6050-firmware.noarch 0:41.28.5.1-69.el7                                    
  iwl7260-firmware.noarch 0:22.0.7.0-69.el7                                     
  iwl7265-firmware.noarch 0:22.0.7.0-69.el7                                     
  jansson.x86_64 0:2.10-1.el7                                                   
  jasper-libs.x86_64 0:1.900.1-33.el7                                           
  javapackages-tools.noarch 0:3.4.1-11.el7                                      
  jbigkit-libs.x86_64 0:2.0-11.el7                                              
  kbd.x86_64 0:1.15.5-15.el7                                                    
  kbd-legacy.noarch 0:1.15.5-15.el7                                             
  kbd-misc.noarch 0:1.15.5-15.el7                                               
  kernel.x86_64 0:3.10.0-957.el7                                                
  kernel-devel.x86_64 0:3.10.0-957.el7                                          
  keyutils.x86_64 0:1.5.8-3.el7                                                 
  kpatch.noarch 0:0.6.1-1.el7                                                   
  ksh.x86_64 0:20120801-139.el7                                                 
  lapack.x86_64 0:3.4.2-8.el7                                                   
  latrace.x86_64 0:0.5.11-6.1.el7                                               
  lcms2.x86_64 0:2.6-3.el7                                                      
  ledmon.x86_64 0:0.90-1.el7                                                    
  less.x86_64 0:458-9.el7                                                       
  libICE.x86_64 0:1.0.9-9.el7                                                   
  libSM.x86_64 0:1.2.2-2.el7                                                    
  libX11.x86_64 0:1.6.5-2.el7                                                   
  libX11-common.noarch 0:1.6.5-2.el7                                            
  libXau.x86_64 0:1.0.8-2.1.el7                                                 
  libXaw.x86_64 0:1.0.13-4.el7                                                  
  libXcomposite.x86_64 0:0.4.4-4.1.el7                                          
  libXcursor.x86_64 0:1.1.15-1.el7                                              
  libXdamage.x86_64 0:1.1.4-4.1.el7                                             
  libXdmcp.x86_64 0:1.1.2-6.el7                                                 
  libXext.x86_64 0:1.3.3-3.el7                                                  
  libXfixes.x86_64 0:5.0.3-1.el7                                                
  libXfont.x86_64 0:1.5.4-1.el7                                                 
  libXfont2.x86_64 0:2.0.3-1.el7                                                
  libXft.x86_64 0:2.3.2-2.el7                                                   
  libXi.x86_64 0:1.7.9-1.el7                                                    
  libXinerama.x86_64 0:1.1.3-2.1.el7                                            
  libXmu.x86_64 0:1.1.2-2.el7                                                   
  libXp.x86_64 0:1.0.2-2.1.el7                                                  
  libXpm.x86_64 0:3.5.12-1.el7                                                  
  libXrandr.x86_64 0:1.5.1-2.el7                                                
  libXrender.x86_64 0:0.9.10-1.el7                                              
  libXt.x86_64 0:1.1.5-3.el7                                                    
  libXtst.x86_64 0:1.2.3-1.el7                                                  
  libXv.x86_64 0:1.0.11-1.el7                                                   
  libXvMC.x86_64 0:1.0.10-1.el7                                                 
  libXxf86dga.x86_64 0:1.1.4-2.1.el7                                            
  libXxf86misc.x86_64 0:1.0.3-7.1.el7                                           
  libXxf86vm.x86_64 0:1.1.4-1.el7                                               
  libaio.x86_64 0:0.3.109-13.el7                                                
  libarchive.x86_64 0:3.1.2-10.el7_2                                            
  libasyncns.x86_64 0:0.8-7.el7                                                 
  libbasicobjects.x86_64 0:0.1.1-32.el7                                         
  libcgroup.x86_64 0:0.41-20.el7                                                
  libcgroup-tools.x86_64 0:0.41-20.el7                                          
  libcollection.x86_64 0:0.7.0-32.el7                                           
  libconfig.x86_64 0:1.4.9-5.el7                                                
  libconfuse.x86_64 0:2.7-7.el7                                                 
  libcroco.x86_64 0:0.6.12-4.el7                                                
  libdaemon.x86_64 0:0.14-7.el7                                                 
  libdb-devel.x86_64 0:5.3.21-24.el7                                            
  libdmx.x86_64 0:1.1.3-3.el7                                                   
  libdrm.x86_64 0:2.4.91-3.el7                                                  
  libdwarf.x86_64 0:20130207-4.el7                                              
  libedit.x86_64 0:3.0-12.20121213cvs.el7                                       
  libepoxy.x86_64 0:1.5.2-1.el7                                                 
  liberation-fonts-common.noarch 1:1.07.2-16.el7                                
  liberation-mono-fonts.noarch 1:1.07.2-16.el7                                  
  libestr.x86_64 0:0.1.9-2.el7                                                  
  libevdev.x86_64 0:1.5.6-1.el7                                                 
  libevent.x86_64 0:2.0.21-4.el7                                                
  libfastjson.x86_64 0:0.99.4-3.el7                                             
  libfontenc.x86_64 0:1.1.3-3.el7                                               
  libfprint.x86_64 0:0.8.2-1.el7                                                
  libglvnd.x86_64 1:1.0.1-0.8.git5baa1e5.el7                                    
  libglvnd-egl.x86_64 1:1.0.1-0.8.git5baa1e5.el7                                
  libglvnd-gles.x86_64 1:1.0.1-0.8.git5baa1e5.el7                               
  libglvnd-glx.x86_64 1:1.0.1-0.8.git5baa1e5.el7                                
  libglvnd-opengl.x86_64 1:1.0.1-0.8.git5baa1e5.el7                             
  libicu.x86_64 0:50.1.2-17.el7                                                 
  libini_config.x86_64 0:1.3.1-32.el7                                           
  libjpeg-turbo.x86_64 0:1.2.90-6.el7                                           
  libldb.x86_64 0:1.3.4-1.el7                                                   
  libmcrypt.x86_64 0:2.5.8-13.el7                                               
  libmnl.x86_64 0:1.0.3-7.el7                                                   
  libmodman.x86_64 0:2.0.1-8.el7                                                
  libmpc.x86_64 0:1.0.1-3.el7                                                   
  libnetfilter_conntrack.x86_64 0:1.0.6-1.el7_3                                 
  libnfnetlink.x86_64 0:1.0.1-4.el7                                             
  libnfsidmap.x86_64 0:0.25-19.el7                                              
  libnl.x86_64 0:1.1.4-3.el7                                                    
  libnl3.x86_64 0:3.2.28-4.el7                                                  
  libnl3-cli.x86_64 0:3.2.28-4.el7                                              
  libogg.x86_64 2:1.3.0-7.el7                                                   
  libpath_utils.x86_64 0:0.2.1-32.el7                                           
  libpcap.x86_64 14:1.5.3-11.el7                                                
  libpciaccess.x86_64 0:0.14-1.el7                                              
  libpfm.x86_64 0:4.7.0-10.el7                                                  
  libpipeline.x86_64 0:1.2.3-3.el7                                              
  libpng.x86_64 2:1.5.13-7.el7_2                                                
  libpng12.x86_64 0:1.2.50-10.el7                                               
  libproxy.x86_64 0:0.4.11-11.el7                                               
  librados2.x86_64 1:10.2.5-4.el7                                               
  libref_array.x86_64 0:0.1.5-32.el7                                            
  libreport.x86_64 0:2.1.11-42.el7.centos                                       
  libreport-centos.x86_64 0:2.1.11-42.el7.centos                                
  libreport-cli.x86_64 0:2.1.11-42.el7.centos                                   
  libreport-filesystem.x86_64 0:2.1.11-42.el7.centos                            
  libreport-plugin-mailx.x86_64 0:2.1.11-42.el7.centos                          
  libreport-plugin-mantisbt.x86_64 0:2.1.11-42.el7.centos                       
  libreport-plugin-rhtsupport.x86_64 0:2.1.11-42.el7.centos                     
  libreport-plugin-ureport.x86_64 0:2.1.11-42.el7.centos                        
  libreport-python.x86_64 0:2.1.11-42.el7.centos                                
  libreport-web.x86_64 0:2.1.11-42.el7.centos                                   
  libseccomp.x86_64 0:2.3.1-3.el7                                               
  libselinux-python.x86_64 0:2.5-14.1.el7                                       
  libselinux-utils.x86_64 0:2.5-14.1.el7                                        
  libsmi.x86_64 0:0.4.8-13.el7                                                  
  libsndfile.x86_64 0:1.0.25-10.el7                                             
  libss.x86_64 0:1.42.9-13.el7                                                  
  libstoragemgmt.x86_64 0:1.6.2-4.el7                                           
  libstoragemgmt-python.noarch 0:1.6.2-4.el7                                    
  libstoragemgmt-python-clibs.x86_64 0:1.6.2-4.el7                              
  libsysfs.x86_64 0:2.1.0-16.el7                                                
  libtalloc.x86_64 0:2.1.13-1.el7                                               
  libtar.x86_64 0:1.2.11-29.el7                                                 
  libtdb.x86_64 0:1.3.15-1.el7                                                  
  libtevent.x86_64 0:0.9.36-1.el7                                               
  libthai.x86_64 0:0.1.14-9.el7                                                 
  libtiff.x86_64 0:4.0.3-27.el7_3                                               
  libtirpc.x86_64 0:0.2.4-0.15.el7                                              
  libtool-ltdl.x86_64 0:2.4.2-22.el7_3                                          
  libunistring.x86_64 0:0.9.3-9.el7                                             
  libusbx.x86_64 0:1.0.21-1.el7                                                 
  libvdpau.x86_64 0:1.1.1-3.el7                                                 
  libverto-libevent.x86_64 0:0.2.5-4.el7                                        
  libvorbis.x86_64 1:1.3.3-8.el7.1                                              
  libwayland-client.x86_64 0:1.15.0-1.el7                                       
  libwayland-server.x86_64 0:1.15.0-1.el7                                       
  libxcb.x86_64 0:1.13-1.el7                                                    
  libxkbfile.x86_64 0:1.0.9-3.el7                                               
  libxml2.i686 0:2.9.1-6.el7_2.3                                                
  libxshmfence.x86_64 0:1.2-1.el7                                               
  libxslt.x86_64 0:1.1.28-5.el7                                                 
  libyaml.x86_64 0:0.1.4-11.el7_0                                               
  linux-firmware.noarch 0:20180911-69.git85c5d90.el7                            
  lksctp-tools.x86_64 0:1.0.17-2.el7                                            
  lldpad.x86_64 0:1.0.1-3.git036e314.el7                                        
  llvm-private.x86_64 0:6.0.1-2.el7                                             
  lm_sensors-libs.x86_64 0:3.4.0-6.20160601gitf9185e5.el7                       
  logrotate.x86_64 0:3.8.6-17.el7                                               
  logwatch.noarch 0:7.4.0-35.20130522svn140.el7_5                               
  lshw.x86_64 0:B.02.18-12.el7                                                  
  lsof.x86_64 0:4.87-6.el7                                                      
  lsscsi.x86_64 0:0.27-6.el7                                                    
  ltrace.x86_64 0:0.7.91-15.el7                                                 
  lzo.x86_64 0:2.06-8.el7                                                       
  m4.x86_64 0:1.4.16-10.el7                                                     
  mailcap.noarch 0:2.1.41-2.el7                                                 
  mailx.x86_64 0:12.5-19.el7                                                    
  make.x86_64 1:3.82-23.el7                                                     
  man-db.x86_64 0:2.6.3-11.el7                                                  
  man-pages.noarch 0:3.53-5.el7                                                 
  man-pages-overrides.x86_64 0:7.6.2-1.el7                                      
  mariadb-libs.x86_64 1:5.5.60-1.el7_5                                          
  mcelog.x86_64 3:144-9.94d853b2ea81.el7                                        
  mdadm.x86_64 0:4.1-rc1_2.el7                                                  
  memstomp.x86_64 0:0.1.4-11.el7                                                
  mesa-private-llvm.x86_64 0:3.9.1-3.el7                                        
  mlocate.x86_64 0:0.26-8.el7                                                   
  motif.x86_64 0:2.3.4-14.el7_5                                                 
  mozjs17.x86_64 0:17.0.0-20.el7                                                
  mpfr.x86_64 0:3.1.1-4.el7                                                     
  mt-st.x86_64 0:1.1-14.el7                                                     
  mtdev.x86_64 0:1.1.5-5.el7                                                    
  mtools.x86_64 0:4.0.18-5.el7                                                  
  mtr.x86_64 2:0.85-7.el7                                                       
  nano.x86_64 0:2.3.1-10.el7                                                    
  ncurses-libs.i686 0:5.9-14.20130511.el7_4                                     
  net-tools.x86_64 0:2.0-0.24.20131004git.el7                                   
  nettle.x86_64 0:2.7.1-8.el7                                                   
  newt.x86_64 0:0.52.15-4.el7                                                   
  newt-python.x86_64 0:0.52.15-4.el7                                            
  nfs-utils.x86_64 1:1.3.0-0.61.el7                                             
  nfs4-acl-tools.x86_64 0:0.3.3-19.el7                                          
  nmap.x86_64 2:6.40-16.el7                                                     
  nmap-ncat.x86_64 2:6.40-16.el7                                                
  nss-softokn-freebl.i686 0:3.36.0-5.el7_5                                      
  ntp.x86_64 0:4.2.6p5-28.el7.centos                                            
  ntpdate.x86_64 0:4.2.6p5-28.el7.centos                                        
  ntsysv.x86_64 0:1.7.4-1.el7                                                   
  numactl.x86_64 0:2.0.9-7.el7                                                  
  numactl-libs.x86_64 0:2.0.9-7.el7                                             
  openjpeg-libs.x86_64 0:1.5.1-18.el7                                           
  openssh.x86_64 0:7.4p1-16.el7                                                 
  openssh-clients.x86_64 0:7.4p1-16.el7                                         
  openssh-server.x86_64 0:7.4p1-16.el7                                          
  openssl098e.x86_64 0:0.9.8e-29.el7.centos.3                                   
  os-prober.x86_64 0:1.58-9.el7                                                 
  papi.x86_64 0:5.2.0-26.el7                                                    
  parted.x86_64 0:3.1-29.el7                                                    
  patch.x86_64 0:2.7.1-10.el7_5                                                 
  pciutils.x86_64 0:3.5.1-3.el7                                                 
  pciutils-libs.x86_64 0:3.5.1-3.el7                                            
  pcsc-lite-libs.x86_64 0:1.8.8-8.el7                                           
  perl-Archive-Extract.noarch 1:0.68-3.el7                                      
  perl-Archive-Tar.noarch 0:1.92-2.el7                                          
  perl-B-Lint.noarch 0:1.17-3.el7                                               
  perl-Bit-Vector.x86_64 0:7.3-3.el7                                            
  perl-Business-ISBN.noarch 0:2.06-2.el7                                        
  perl-Business-ISBN-Data.noarch 0:20120719.001-2.el7                           
  perl-CGI.noarch 0:3.63-4.el7                                                  
  perl-CPAN-Meta.noarch 0:2.120921-5.el7                                        
  perl-CPAN-Meta-Requirements.noarch 0:2.122-7.el7                              
  perl-CPAN-Meta-YAML.noarch 0:0.008-14.el7                                     
  perl-CPANPLUS.noarch 0:0.91.38-4.el7                                          
  perl-CPANPLUS-Dist-Build.noarch 0:0.70-3.el7                                  
  perl-Carp.noarch 0:1.26-244.el7                                               
  perl-Carp-Clan.noarch 0:6.04-10.el7                                           
  perl-Compress-Raw-Bzip2.x86_64 0:2.061-3.el7                                  
  perl-Compress-Raw-Zlib.x86_64 1:2.061-4.el7                                   
  perl-Convert-ASN1.noarch 0:0.26-4.el7                                         
  perl-Crypt-SSLeay.x86_64 0:0.64-5.el7                                         
  perl-DBD-SQLite.x86_64 0:1.39-3.el7                                           
  perl-DBI.x86_64 0:1.627-4.el7                                                 
  perl-DBIx-Simple.noarch 0:1.35-7.el7                                          
  perl-DB_File.x86_64 0:1.830-6.el7                                             
  perl-Data-Dumper.x86_64 0:2.145-3.el7                                         
  perl-Date-Calc.noarch 0:6.3-14.el7                                            
  perl-Date-Manip.noarch 0:6.41-2.el7                                           
  perl-Digest.noarch 0:1.17-245.el7                                             
  perl-Digest-MD5.x86_64 0:2.52-3.el7                                           
  perl-Digest-SHA.x86_64 1:5.85-4.el7                                           
  perl-Encode.x86_64 0:2.51-7.el7                                               
  perl-Encode-Locale.noarch 0:1.03-5.el7                                        
  perl-Env.noarch 0:1.04-2.el7                                                  
  perl-Exporter.noarch 0:5.68-3.el7                                             
  perl-ExtUtils-MakeMaker.noarch 0:6.68-3.el7                                   
  perl-ExtUtils-Manifest.noarch 0:1.61-244.el7                                  
  perl-ExtUtils-ParseXS.noarch 1:3.18-3.el7                                     
  perl-FCGI.x86_64 1:0.74-8.el7                                                 
  perl-File-CheckTree.noarch 0:4.42-3.el7                                       
  perl-File-Fetch.noarch 0:0.42-2.el7                                           
  perl-File-Listing.noarch 0:6.04-7.el7                                         
  perl-File-Path.noarch 0:2.09-2.el7                                            
  perl-File-Temp.noarch 0:0.23.01-3.el7                                         
  perl-Filter.x86_64 0:1.49-3.el7                                               
  perl-Font-AFM.noarch 0:1.20-13.el7                                            
  perl-Getopt-Long.noarch 0:2.40-3.el7                                          
  perl-HTML-Format.noarch 0:2.10-7.el7                                          
  perl-HTML-Parser.x86_64 0:3.71-4.el7                                          
  perl-HTML-Tagset.noarch 0:3.20-15.el7                                         
  perl-HTML-Tree.noarch 1:5.03-2.el7                                            
  perl-HTTP-Cookies.noarch 0:6.01-5.el7                                         
  perl-HTTP-Daemon.noarch 0:6.01-8.el7                                          
  perl-HTTP-Date.noarch 0:6.02-8.el7                                            
  perl-HTTP-Message.noarch 0:6.06-6.el7                                         
  perl-HTTP-Negotiate.noarch 0:6.01-5.el7                                       
  perl-HTTP-Tiny.noarch 0:0.033-3.el7                                           
  perl-IO-Compress.noarch 0:2.061-2.el7                                         
  perl-IO-HTML.noarch 0:1.00-2.el7                                              
  perl-IO-Socket-IP.noarch 0:0.21-5.el7                                         
  perl-IO-Socket-SSL.noarch 0:1.94-7.el7                                        
  perl-IO-stringy.noarch 0:2.110-22.el7                                         
  perl-IPC-Cmd.noarch 1:0.80-4.el7                                              
  perl-JSON-PP.noarch 0:2.27202-2.el7                                           
  perl-LWP-MediaTypes.noarch 0:6.02-2.el7                                       
  perl-Locale-Codes.noarch 0:3.26-2.el7                                         
  perl-Locale-Maketext.noarch 0:1.23-3.el7                                      
  perl-Log-Message.noarch 1:0.08-3.el7                                          
  perl-Log-Message-Simple.noarch 0:0.10-2.el7                                   
  perl-Module-Build.noarch 2:0.40.05-2.el7                                      
  perl-Module-Load.noarch 1:0.24-3.el7                                          
  perl-Module-Load-Conditional.noarch 0:0.54-3.el7                              
  perl-Module-Metadata.noarch 0:1.000018-2.el7                                  
  perl-Module-Pluggable.noarch 1:4.8-3.el7                                      
  perl-Mozilla-CA.noarch 0:20130114-5.el7                                       
  perl-Net-Daemon.noarch 0:0.48-5.el7                                           
  perl-Net-HTTP.noarch 0:6.06-2.el7                                             
  perl-Net-IP.noarch 0:1.26-4.el7                                               
  perl-Net-LibIDN.x86_64 0:0.12-15.el7                                          
  perl-Net-SSLeay.x86_64 0:1.55-6.el7                                           
  perl-OLE-Storage_Lite.noarch 0:0.19-9.el7                                     
  perl-Params-Check.noarch 1:0.38-2.el7                                         
  perl-Parse-CPAN-Meta.noarch 1:1.4404-5.el7                                    
  perl-Parse-RecDescent.noarch 0:1.967009-5.el7                                 
  perl-PathTools.x86_64 0:3.40-5.el7                                            
  perl-Perl-OSType.noarch 0:1.003-3.el7                                         
  perl-PlRPC.noarch 0:0.2020-14.el7                                             
  perl-Pod-Checker.noarch 0:1.60-2.el7                                          
  perl-Pod-LaTeX.noarch 0:0.61-2.el7                                            
  perl-Pod-Parser.noarch 0:1.61-2.el7                                           
  perl-Pod-Perldoc.noarch 0:3.20-4.el7                                          
  perl-Pod-Simple.noarch 1:3.28-4.el7                                           
  perl-Pod-Usage.noarch 0:1.63-3.el7                                            
  perl-Proc-Daemon.noarch 0:0.19-1.el7                                          
  perl-Proc-ProcessTable.x86_64 0:0.48-1.el7                                    
  perl-Scalar-List-Utils.x86_64 0:1.27-248.el7                                  
  perl-Socket.x86_64 0:2.010-4.el7                                              
  perl-Spreadsheet-WriteExcel.noarch 0:2.40-1.el7                               
  perl-Storable.x86_64 0:2.45-3.el7                                             
  perl-Sys-CPU.x86_64 0:0.54-4.el7                                              
  perl-Sys-MemInfo.x86_64 0:0.91-7.el7                                          
  perl-Sys-Syslog.x86_64 0:0.33-3.el7                                           
  perl-Term-UI.noarch 0:0.36-2.el7                                              
  perl-Test-Harness.noarch 0:3.28-3.el7                                         
  perl-Test-Simple.noarch 0:0.98-243.el7                                        
  perl-Text-ParseWords.noarch 0:3.29-4.el7                                      
  perl-Text-Soundex.x86_64 0:3.04-4.el7                                         
  perl-Text-Unidecode.noarch 0:0.04-20.el7                                      
  perl-Thread-Queue.noarch 0:3.02-2.el7                                         
  perl-Time-HiRes.x86_64 4:1.9725-3.el7                                         
  perl-Time-Local.noarch 0:1.2300-2.el7                                         
  perl-TimeDate.noarch 1:2.30-2.el7                                             
  perl-URI.noarch 0:1.60-9.el7                                                  
  perl-Version-Requirements.noarch 0:0.101022-244.el7                           
  perl-WWW-RobotRules.noarch 0:6.02-5.el7                                       
  perl-XML-Dumper.noarch 0:0.81-17.el7                                          
  perl-XML-Grove.noarch 0:0.46alpha-52.el7                                      
  perl-XML-LibXML.x86_64 1:2.0018-5.el7                                         
  perl-XML-NamespaceSupport.noarch 0:1.11-10.el7                                
  perl-XML-Parser.x86_64 0:2.41-10.el7                                          
  perl-XML-SAX.noarch 0:0.99-9.el7                                              
  perl-XML-SAX-Base.noarch 0:1.08-7.el7                                         
  perl-XML-Simple.noarch 0:2.20-5.el7                                           
  perl-XML-Simple-DTDReader.noarch 0:0.04-16.el7                                
  perl-XML-Twig.noarch 0:3.44-2.el7                                             
  perl-autodie.noarch 0:2.16-2.el7                                              
  perl-constant.noarch 0:1.27-2.el7                                             
  perl-libwww-perl.noarch 0:6.05-2.el7                                          
  perl-libxml-perl.noarch 0:0.08-19.el7                                         
  perl-local-lib.noarch 0:1.008010-4.el7                                        
  perl-parent.noarch 1:0.225-244.el7                                            
  perl-podlators.noarch 0:2.5.1-3.el7                                           
  perl-threads.x86_64 0:1.87-4.el7                                              
  perl-threads-shared.x86_64 0:1.43-6.el7                                       
  perl-version.x86_64 3:0.99.07-3.el7                                           
  pinfo.x86_64 0:0.6.10-9.el7                                                   
  pixman.x86_64 0:0.34.0-1.el7                                                  
  plymouth.x86_64 0:0.8.9-0.31.20140113.el7.centos                              
  plymouth-core-libs.x86_64 0:0.8.9-0.31.20140113.el7.centos                    
  plymouth-scripts.x86_64 0:0.8.9-0.31.20140113.el7.centos                      
  pm-utils.x86_64 0:1.4.1-27.el7                                                
  polkit-pkla-compat.x86_64 0:0.1-4.el7                                         
  poppler.x86_64 0:0.26.5-20.el7                                                
  poppler-data.noarch 0:0.4.6-3.el7                                             
  poppler-utils.x86_64 0:0.26.5-20.el7                                          
  portreserve.x86_64 0:0.0.5-11.el7                                             
  postfix.x86_64 2:2.10.1-7.el7                                                 
  prelink.x86_64 0:0.5.0-9.el7                                                  
  procmail.x86_64 0:3.22-36.el7_4.1                                             
  ps_mem.noarch 0:3.1-7.el7                                                     
  psacct.x86_64 0:6.6.1-13.el7                                                  
  psmisc.x86_64 0:22.20-15.el7                                                  
  pulseaudio-libs.x86_64 0:10.0-5.el7                                           
  pygobject2.x86_64 0:2.28.6-11.el7                                             
  pyparsing.noarch 0:1.5.6-9.el7                                                
  python-augeas.noarch 0:0.5.0-2.el7                                            
  python-configobj.noarch 0:4.7.2-7.el7                                         
  python-configshell.noarch 1:1.1.fb23-5.el7                                    
  python-decorator.noarch 0:3.4.0-3.el7                                         
  python-dmidecode.x86_64 0:3.12.2-3.el7                                        
  python-ethtool.x86_64 0:0.8-7.el7                                             
  python-firewall.noarch 0:0.5.3-5.el7                                          
  python-javapackages.noarch 0:3.4.1-11.el7                                     
  python-kmod.x86_64 0:0.9-4.el7                                                
  python-linux-procfs.noarch 0:0.4.9-4.el7                                      
  python-lxml.x86_64 0:3.2.1-4.el7                                              
  python-pyudev.noarch 0:0.15-9.el7                                             
  python-rtslib.noarch 0:2.1.fb63-13.el7                                        
  python-schedutils.x86_64 0:0.4-6.el7                                          
  python-six.noarch 0:1.9.0-2.el7                                               
  python-slip.noarch 0:0.4.0-4.el7                                              
  python-slip-dbus.noarch 0:0.4.0-4.el7                                         
  python-urwid.x86_64 0:1.1.1-3.el7                                             
  python2-futures.noarch 0:3.1.1-5.el7                                          
  qpdf-libs.x86_64 0:5.0.1-3.el7                                                
  quota.x86_64 1:4.01-17.el7                                                    
  quota-nls.noarch 1:4.01-17.el7                                                
  rasdaemon.x86_64 0:0.4.1-33.1.el7_5                                           
  rfkill.x86_64 0:0.4-10.el7                                                    
  rmt.x86_64 2:1.5.2-13.el7                                                     
  rng-tools.x86_64 0:6.3.1-3.el7                                                
  rpcbind.x86_64 0:0.2.0-47.el7                                                 
  rsync.x86_64 0:3.1.2-4.el7                                                    
  rsyslog.x86_64 0:8.24.0-34.el7                                                
  rubygem-abrt.noarch 0:0.3.0-1.el7                                             
  satyr.x86_64 0:0.13-15.el7                                                    
  scl-utils.x86_64 0:20130529-19.el7                                            
  screen.x86_64 0:4.1.0-0.25.20120314git3c2946.el7                              
  sendmail.x86_64 0:8.14.7-5.el7                                                
  sendmail-cf.noarch 0:8.14.7-5.el7                                             
  setserial.x86_64 0:2.17-33.el7                                                
  setuptool.x86_64 0:1.19.11-8.el7                                              
  sg3_utils.x86_64 0:1.37-17.el7                                                
  sg3_utils-libs.x86_64 0:1.37-17.el7                                           
  sgpio.x86_64 0:1.2.0.10-13.el7                                                
  slang.x86_64 0:2.2.4-11.el7                                                   
  smartmontools.x86_64 1:6.5-1.el7                                              
  snappy.x86_64 0:1.1.0-3.el7                                                   
  stix-fonts.noarch 0:1.1.0-5.el7                                               
  strace.x86_64 0:4.12-9.el7                                                    
  sudo.x86_64 0:1.8.23-3.el7                                                    
  sysfsutils.x86_64 0:2.1.0-16.el7                                              
  syslinux.x86_64 0:4.05-15.el7                                                 
  systemtap-runtime.x86_64 0:3.3-3.el7                                          
  systemtap-sdt-devel.x86_64 0:3.3-3.el7                                        
  sysvinit-tools.x86_64 0:2.88-14.dsf.el7                                       
  targetcli.noarch 0:2.1.fb46-7.el7                                             
  tcl.x86_64 1:8.5.13-8.el7                                                     
  tcp_wrappers.x86_64 0:7.6-77.el7                                              
  tcp_wrappers-libs.x86_64 0:7.6-77.el7                                         
  tcpdump.x86_64 14:4.9.2-3.el7                                                 
  tcsh.x86_64 0:6.18.01-15.el7                                                  
  tftp.x86_64 0:5.2-22.el7                                                      
  time.x86_64 0:1.7-45.el7                                                      
  tk.x86_64 1:8.5.13-6.el7                                                      
  tmpwatch.x86_64 0:2.11-5.el7                                                  
  trace-cmd.x86_64 0:2.6.0-10.el7                                               
  traceroute.x86_64 3:2.0.22-2.el7                                              
  trousers.x86_64 0:0.3.14-2.el7                                                
  ttmkfdir.x86_64 0:3.0.9-42.el7                                                
  unixODBC.x86_64 0:2.3.1-11.el7                                                
  unzip.x86_64 0:6.0-19.el7                                                     
  urw-fonts.noarch 0:2.4-16.el7                                                 
  usb_modeswitch.x86_64 0:2.5.1-1.el7                                           
  usb_modeswitch-data.noarch 0:20170806-1.el7                                   
  usbutils.x86_64 0:007-5.el7                                                   
  usermode.x86_64 0:1.111-5.el7                                                 
  uuid.x86_64 0:1.6.2-26.el7                                                    
  valgrind.x86_64 1:3.13.0-13.el7                                               
  virt-what.x86_64 0:1.18-4.el7                                                 
  vulkan-filesystem.noarch 0:1.1.73.0-1.el7                                     
  which.x86_64 0:2.20-7.el7                                                     
  wireshark.x86_64 0:1.10.14-16.el7                                             
  words.noarch 0:3.0-22.el7                                                     
  xcb-util.x86_64 0:0.4.0-2.el7                                                 
  xdg-utils.noarch 0:1.1.0-0.17.20120809git.el7                                 
  xfsdump.x86_64 0:3.1.7-1.el7                                                  
  xkeyboard-config.noarch 0:2.24-1.el7                                          
  xmlrpc-c.x86_64 0:1.32.5-1905.svn2451.el7                                     
  xmlrpc-c-client.x86_64 0:1.32.5-1905.svn2451.el7                              
  xorg-x11-drivers.x86_64 0:7.7-6.el7                                           
  xorg-x11-drv-dummy.x86_64 0:0.3.7-1.el7.1                                     
  xorg-x11-drv-evdev.x86_64 0:2.10.6-1.el7                                      
  xorg-x11-drv-fbdev.x86_64 0:0.5.0-1.el7                                       
  xorg-x11-drv-intel.x86_64 0:2.99.917-28.20180530.el7                          
  xorg-x11-drv-nouveau.x86_64 1:1.0.15-1.el7                                    
  xorg-x11-drv-qxl.x86_64 0:0.1.5-4.el7.1                                       
  xorg-x11-drv-synaptics.x86_64 0:1.9.0-2.el7                                   
  xorg-x11-drv-v4l.x86_64 0:0.2.0-49.el7                                        
  xorg-x11-drv-vesa.x86_64 0:2.4.0-1.el7                                        
  xorg-x11-drv-vmmouse.x86_64 0:13.1.0-1.el7.1                                  
  xorg-x11-drv-vmware.x86_64 0:13.2.1-1.el7.1                                   
  xorg-x11-drv-void.x86_64 0:1.4.1-2.el7.1                                      
  xorg-x11-drv-wacom.x86_64 0:0.36.1-1.el7                                      
  xorg-x11-font-utils.x86_64 1:7.5-21.el7                                       
  xorg-x11-fonts-Type1.noarch 0:7.5-9.el7                                       
  xorg-x11-server-utils.x86_64 0:7.7-20.el7                                     
  xorg-x11-utils.x86_64 0:7.5-23.el7                                            
  xorg-x11-xauth.x86_64 1:1.0.9-1.el7                                           
  xorg-x11-xbitmaps.noarch 0:1.1.1-6.el7                                        
  xorg-x11-xinit.x86_64 0:1.3.4-2.el7                                           
  xorg-x11-xkb-utils.x86_64 0:7.7-14.el7                                        
  xterm.x86_64 0:295-3.el7                                                      
  xz-libs.i686 0:5.2.2-1.el7                                                    
  yajl.x86_64 0:2.0.4-4.el7                                                     
  yp-tools.x86_64 0:2.14-5.el7                                                  
  ypbind.x86_64 3:1.37.1-9.el7                                                  
  zip.x86_64 0:3.0-11.el7                                                       
  zlib.i686 0:1.2.7-18.el7                                                      
  zlib-devel.x86_64 0:1.2.7-18.el7                                              

Dependency Installed:
  augeas-libs.x86_64 0:1.4.0-9.el7_7.1                                          
  bind-libs-lite.x86_64 32:9.9.4-72.el7                                         
  cronie.x86_64 0:1.4.11-19.el7                                                 
  cronie-anacron.x86_64 0:1.4.11-19.el7                                         
  device-mapper-event.x86_64 7:1.02.164-7.el7_8.1                               
  device-mapper-event-libs.x86_64 7:1.02.164-7.el7_8.1                          
  efivar-libs.x86_64 0:36-11.el7                                                
  freetype.x86_64 0:2.8-12.el7                                                  
  ghostscript.x86_64 0:9.07-31.el7                                              
  ghostscript-cups.x86_64 0:9.07-31.el7                                         
  glibc.i686 0:2.17-260.el7                                                     
  glibc-devel.x86_64 0:2.17-260.el7                                             
  glibc-headers.x86_64 0:2.17-260.el7                                           
  gnutls.x86_64 0:3.3.29-8.el7                                                  
  iproute.x86_64 0:4.11.0-14.el7                                                
  ipset.x86_64 0:6.38-2.el7                                                     
  ipset-libs.x86_64 0:6.38-2.el7                                                
  kernel-headers.x86_64 0:3.10.0-957.el7                                        
  kexec-tools.x86_64 0:2.0.15-21.el7                                            
  libgcc.i686 0:4.8.5-36.el7                                                    
  libgfortran.x86_64 0:4.8.5-36.el7                                             
  libgomp.x86_64 0:4.8.5-36.el7                                                 
  libquadmath.x86_64 0:4.8.5-36.el7                                             
  libstdc++.i686 0:4.8.5-36.el7                                                 
  libwbclient.x86_64 0:4.8.3-4.el7                                              
  mesa-libEGL.x86_64 0:18.0.5-3.el7                                             
  mesa-libGL.x86_64 0:18.0.5-3.el7                                              
  mesa-libgbm.x86_64 0:18.0.5-3.el7                                             
  mesa-libglapi.x86_64 0:18.0.5-3.el7                                           
  mesa-libxatracker.x86_64 0:18.0.5-3.el7                                       
  net-snmp-libs.x86_64 1:5.7.2-48.el7_8                                         
  openssl.x86_64 1:1.0.2k-16.el7                                                
  pango.x86_64 0:1.42.4-1.el7                                                   
  perl.x86_64 4:5.16.3-293.el7                                                  
  perl-ExtUtils-CBuilder.noarch 1:0.28.2.6-293.el7                              
  perl-ExtUtils-Install.noarch 0:1.58-293.el7                                   
  perl-IO-Zlib.noarch 1:1.10-293.el7                                            
  perl-Locale-Maketext-Simple.noarch 1:0.21-293.el7                             
  perl-Module-CoreList.noarch 1:2.76.02-293.el7                                 
  perl-Module-Loaded.noarch 1:0.08-293.el7                                      
  perl-Object-Accessor.noarch 1:0.42-293.el7                                    
  perl-Package-Constants.noarch 1:0.02-293.el7                                  
  perl-Pod-Escapes.noarch 1:1.04-293.el7                                        
  perl-devel.x86_64 4:5.16.3-293.el7                                            
  perl-libs.x86_64 4:5.16.3-293.el7                                             
  perl-macros.x86_64 4:5.16.3-293.el7                                           
  policycoreutils.x86_64 0:2.5-29.el7                                           
  polkit.x86_64 0:0.112-18.el7                                                  
  ruby.x86_64 0:2.0.0.648-33.el7_4                                              
  ruby-irb.noarch 0:2.0.0.648-33.el7_4                                          
  ruby-libs.x86_64 0:2.0.0.648-33.el7_4                                         
  rubygem-bigdecimal.x86_64 0:1.2.0-33.el7_4                                    
  rubygem-io-console.x86_64 0:0.4.2-33.el7_4                                    
  rubygem-json.x86_64 0:1.7.7-33.el7_4                                          
  rubygem-psych.x86_64 0:2.0.0-33.el7_4                                         
  rubygem-rdoc.noarch 0:4.0.0-33.el7_4                                          
  rubygems.noarch 0:2.0.14.1-33.el7_4                                           
  samba-client-libs.x86_64 0:4.8.3-4.el7                                        
  samba-common.noarch 0:4.8.3-4.el7                                             
  samba-common-libs.x86_64 0:4.8.3-4.el7                                        
  sos.noarch 0:3.6-9.el7.centos                                                 
  systemd-python.x86_64 0:219-73.el7_8.5                                        
  systemd-sysv.x86_64 0:219-73.el7_8.5                                          
  wget.x86_64 0:1.14-18.el7                                                     
  xfsprogs.x86_64 0:4.5.0-18.el7                                                
  xorg-x11-drv-ati.x86_64 0:19.0.1-3.el7_7                                      
  xorg-x11-server-Xorg.x86_64 0:1.20.1-3.el7                                    
  xorg-x11-server-common.x86_64 0:1.20.1-3.el7                                  

Dependency Updated:
  device-mapper.x86_64 7:1.02.164-7.el7_8.1                                     
  device-mapper-libs.x86_64 7:1.02.164-7.el7_8.1                                
  systemd.x86_64 0:219-73.el7_8.5                                               
  systemd-libs.x86_64 0:219-73.el7_8.5                                          

Complete!
Removing intermediate container b5e29972813f
 ---> 8487eb1d4645
Successfully built 8487eb1d4645
Successfully tagged ess-hpecp-mofed-customer-image:10.0
Authenticating with existing credentials...
Login Succeeded
The push refers to repository [docker.io/csmykay/ess-hpecp-mofed-customer-image]
e31e58abe121: Preparing
6c42651ba720: Preparing
d4a57d9156bb: Preparing
8e9056c80541: Preparing
e94aaa3f812d: Preparing
5fa0797754c6: Preparing
45da499970b7: Preparing
89169d87dbe2: Preparing
45da499970b7: Waiting
89169d87dbe2: Waiting
5fa0797754c6: Waiting
8e9056c80541: Pushed
5fa0797754c6: Pushed
e94aaa3f812d: Pushed
89169d87dbe2: Layer already exists
45da499970b7: Pushed
d4a57d9156bb: Pushed
6c42651ba720: Pushed
e31e58abe121: Pushed
latest: digest: sha256:02a3702eff84826452bdcfad952e5e483c13f98774afa5e643bf9033bdd50db7 size: 2004
